This is pdfTeX, Version 3.141592653-2.6-1.40.28 (TeX Live 2025) (preloaded format=pdflatex 2026.1.26)  10 MAR 2026 13:00
entering extended mode
 restricted \write18 enabled.
 %&-line parsing enabled.
**bothregions.tex
(./bothregions.tex
LaTeX2e <2025-11-01>
L3 programming layer <2026-01-19>
(c:/Users/stephanie.owen/AppData/Roaming/TinyTeX/texmf-dist/tex/latex/base/article.cls
Document Class: article 2025/01/22 v1.4n Standard LaTeX document class
(c:/Users/stephanie.owen/AppData/Roaming/TinyTeX/texmf-dist/tex/latex/base/size10.clo
File: size10.clo 2025/01/22 v1.4n Standard LaTeX file (size option)
)
\c@part=\count275
\c@section=\count276
\c@subsection=\count277
\c@subsubsection=\count278
\c@paragraph=\count279
\c@subparagraph=\count280
\c@figure=\count281
\c@table=\count282
\abovecaptionskip=\skip49
\belowcaptionskip=\skip50
\bibindent=\dimen148
) (c:/Users/stephanie.owen/AppData/Roaming/TinyTeX/texmf-dist/tex/latex/xcolor/xcolor.sty
Package: xcolor 2024/09/29 v3.02 LaTeX color extensions (UK)
(c:/Users/stephanie.owen/AppData/Roaming/TinyTeX/texmf-dist/tex/latex/graphics-cfg/color.cfg
File: color.cfg 2016/01/02 v1.6 sample color configuration
)
Package xcolor Info: Driver file: pdftex.def on input line 274.
(c:/Users/stephanie.owen/AppData/Roaming/TinyTeX/texmf-dist/tex/latex/graphics-def/pdftex.def
File: pdftex.def 2025/09/29 v1.2d Graphics/color driver for pdftex
) (c:/Users/stephanie.owen/AppData/Roaming/TinyTeX/texmf-dist/tex/latex/graphics/mathcolor.ltx)
Package xcolor Info: Model `cmy' substituted by `cmy0' on input line 1349.
Package xcolor Info: Model `hsb' substituted by `rgb' on input line 1353.
Package xcolor Info: Model `RGB' extended on input line 1365.
Package xcolor Info: Model `HTML' substituted by `rgb' on input line 1367.
Package xcolor Info: Model `Hsb' substituted by `hsb' on input line 1368.
Package xcolor Info: Model `tHsb' substituted by `hsb' on input line 1369.
Package xcolor Info: Model `HSB' substituted by `hsb' on input line 1370.
Package xcolor Info: Model `Gray' substituted by `gray' on input line 1371.
Package xcolor Info: Model `wave' substituted by `hsb' on input line 1372.
) (c:/Users/stephanie.owen/AppData/Roaming/TinyTeX/texmf-dist/tex/latex/graphics/dvipsnam.def
File: dvipsnam.def 2016/06/17 v3.0m Driver-dependent file (DPC,SPQR)
) (c:/Users/stephanie.owen/AppData/Roaming/TinyTeX/texmf-dist/tex/latex/xcolor/svgnam.def
File: svgnam.def 2024/09/29 v3.02 Predefined colors according to SVG 1.1 (UK)
) (c:/Users/stephanie.owen/AppData/Roaming/TinyTeX/texmf-dist/tex/latex/xcolor/x11nam.def
File: x11nam.def 2024/09/29 v3.02 Predefined colors according to Unix/X11 (UK)
) (c:/Users/stephanie.owen/AppData/Roaming/TinyTeX/texmf-dist/tex/latex/geometry/geometry.sty
Package: geometry 2020/01/02 v5.9 Page Geometry
(c:/Users/stephanie.owen/AppData/Roaming/TinyTeX/texmf-dist/tex/latex/graphics/keyval.sty
Package: keyval 2022/05/29 v1.15 key=value parser (DPC)
\KV@toks@=\toks17
) (c:/Users/stephanie.owen/AppData/Roaming/TinyTeX/texmf-dist/tex/generic/iftex/ifvtex.sty
Package: ifvtex 2019/10/25 v1.7 ifvtex legacy package. Use iftex instead.
(c:/Users/stephanie.owen/AppData/Roaming/TinyTeX/texmf-dist/tex/generic/iftex/iftex.sty
Package: iftex 2024/12/12 v1.0g TeX engine tests
))
\Gm@cnth=\count283
\Gm@cntv=\count284
\c@Gm@tempcnt=\count285
\Gm@bindingoffset=\dimen149
\Gm@wd@mp=\dimen150
\Gm@odd@mp=\dimen151
\Gm@even@mp=\dimen152
\Gm@layoutwidth=\dimen153
\Gm@layoutheight=\dimen154
\Gm@layouthoffset=\dimen155
\Gm@layoutvoffset=\dimen156
\Gm@dimlist=\toks18
) (c:/Users/stephanie.owen/AppData/Roaming/TinyTeX/texmf-dist/tex/latex/amsmath/amsmath.sty
Package: amsmath 2025/07/09 v2.17z AMS math features
\@mathmargin=\skip51
For additional information on amsmath, use the `?' option.
(c:/Users/stephanie.owen/AppData/Roaming/TinyTeX/texmf-dist/tex/latex/amsmath/amstext.sty
Package: amstext 2024/11/17 v2.01 AMS text
(c:/Users/stephanie.owen/AppData/Roaming/TinyTeX/texmf-dist/tex/latex/amsmath/amsgen.sty
File: amsgen.sty 1999/11/30 v2.0 generic functions
\@emptytoks=\toks19
\ex@=\dimen157
)) (c:/Users/stephanie.owen/AppData/Roaming/TinyTeX/texmf-dist/tex/latex/amsmath/amsbsy.sty
Package: amsbsy 1999/11/29 v1.2d Bold Symbols
\pmbraise@=\dimen158
) (c:/Users/stephanie.owen/AppData/Roaming/TinyTeX/texmf-dist/tex/latex/amsmath/amsopn.sty
Package: amsopn 2022/04/08 v2.04 operator names
)
\inf@bad=\count286
LaTeX Info: Redefining \frac on input line 233.
\uproot@=\count287
\leftroot@=\count288
LaTeX Info: Redefining \overline on input line 398.
LaTeX Info: Redefining \colon on input line 409.
\classnum@=\count289
\DOTSCASE@=\count290
LaTeX Info: Redefining \ldots on input line 495.
LaTeX Info: Redefining \dots on input line 498.
LaTeX Info: Redefining \cdots on input line 619.
\Mathstrutbox@=\box53
\strutbox@=\box54
LaTeX Info: Redefining \big on input line 721.
LaTeX Info: Redefining \Big on input line 722.
LaTeX Info: Redefining \bigg on input line 723.
LaTeX Info: Redefining \Bigg on input line 724.
\big@size=\dimen159
LaTeX Font Info:    Redeclaring font encoding OML on input line 742.
LaTeX Font Info:    Redeclaring font encoding OMS on input line 743.
\macc@depth=\count291
LaTeX Info: Redefining \bmod on input line 904.
LaTeX Info: Redefining \pmod on input line 909.
LaTeX Info: Redefining \smash on input line 939.
LaTeX Info: Redefining \relbar on input line 969.
LaTeX Info: Redefining \Relbar on input line 970.
\c@MaxMatrixCols=\count292
\dotsspace@=\muskip17
\c@parentequation=\count293
\dspbrk@lvl=\count294
\tag@help=\toks20
\row@=\count295
\column@=\count296
\maxfields@=\count297
\andhelp@=\toks21
\eqnshift@=\dimen160
\alignsep@=\dimen161
\tagshift@=\dimen162
\tagwidth@=\dimen163
\totwidth@=\dimen164
\lineht@=\dimen165
\@envbody=\toks22
\multlinegap=\skip52
\multlinetaggap=\skip53
\mathdisplay@stack=\toks23
LaTeX Info: Redefining \[ on input line 2950.
LaTeX Info: Redefining \] on input line 2951.
) (c:/Users/stephanie.owen/AppData/Roaming/TinyTeX/texmf-dist/tex/latex/amsfonts/amssymb.sty
Package: amssymb 2013/01/14 v3.01 AMS font symbols
(c:/Users/stephanie.owen/AppData/Roaming/TinyTeX/texmf-dist/tex/latex/amsfonts/amsfonts.sty
Package: amsfonts 2013/01/14 v3.01 Basic AMSFonts support
\symAMSa=\mathgroup4
\symAMSb=\mathgroup5
LaTeX Font Info:    Redeclaring math symbol \hbar on input line 98.
LaTeX Font Info:    Overwriting math alphabet `\mathfrak' in version `bold'
(Font)                  U/euf/m/n --> U/euf/b/n on input line 106.
)) (c:/Users/stephanie.owen/AppData/Roaming/TinyTeX/texmf-dist/tex/latex/base/fontenc.sty
Package: fontenc 2025/07/18 v2.1d Standard LaTeX package
) (c:/Users/stephanie.owen/AppData/Roaming/TinyTeX/texmf-dist/tex/latex/base/inputenc.sty
Package: inputenc 2024/02/08 v1.3d Input encoding file
\inpenc@prehook=\toks24
\inpenc@posthook=\toks25
) (c:/Users/stephanie.owen/AppData/Roaming/TinyTeX/texmf-dist/tex/latex/base/textcomp.sty
Package: textcomp 2024/04/24 v2.1b Standard LaTeX package
) (c:/Users/stephanie.owen/AppData/Roaming/TinyTeX/texmf-dist/tex/latex/lm/lmodern.sty
Package: lmodern 2015/05/01 v1.6.1 Latin Modern Fonts
LaTeX Font Info:    Overwriting symbol font `operators' in version `normal'
(Font)                  OT1/cmr/m/n --> OT1/lmr/m/n on input line 22.
LaTeX Font Info:    Overwriting symbol font `letters' in version `normal'
(Font)                  OML/cmm/m/it --> OML/lmm/m/it on input line 23.
LaTeX Font Info:    Overwriting symbol font `symbols' in version `normal'
(Font)                  OMS/cmsy/m/n --> OMS/lmsy/m/n on input line 24.
LaTeX Font Info:    Overwriting symbol font `largesymbols' in version `normal'
(Font)                  OMX/cmex/m/n --> OMX/lmex/m/n on input line 25.
LaTeX Font Info:    Overwriting symbol font `operators' in version `bold'
(Font)                  OT1/cmr/bx/n --> OT1/lmr/bx/n on input line 26.
LaTeX Font Info:    Overwriting symbol font `letters' in version `bold'
(Font)                  OML/cmm/b/it --> OML/lmm/b/it on input line 27.
LaTeX Font Info:    Overwriting symbol font `symbols' in version `bold'
(Font)                  OMS/cmsy/b/n --> OMS/lmsy/b/n on input line 28.
LaTeX Font Info:    Overwriting symbol font `largesymbols' in version `bold'
(Font)                  OMX/cmex/m/n --> OMX/lmex/m/n on input line 29.
LaTeX Font Info:    Overwriting math alphabet `\mathbf' in version `normal'
(Font)                  OT1/cmr/bx/n --> OT1/lmr/bx/n on input line 31.
LaTeX Font Info:    Overwriting math alphabet `\mathsf' in version `normal'
(Font)                  OT1/cmss/m/n --> OT1/lmss/m/n on input line 32.
LaTeX Font Info:    Overwriting math alphabet `\mathit' in version `normal'
(Font)                  OT1/cmr/m/it --> OT1/lmr/m/it on input line 33.
LaTeX Font Info:    Overwriting math alphabet `\mathtt' in version `normal'
(Font)                  OT1/cmtt/m/n --> OT1/lmtt/m/n on input line 34.
LaTeX Font Info:    Overwriting math alphabet `\mathbf' in version `bold'
(Font)                  OT1/cmr/bx/n --> OT1/lmr/bx/n on input line 35.
LaTeX Font Info:    Overwriting math alphabet `\mathsf' in version `bold'
(Font)                  OT1/cmss/bx/n --> OT1/lmss/bx/n on input line 36.
LaTeX Font Info:    Overwriting math alphabet `\mathit' in version `bold'
(Font)                  OT1/cmr/bx/it --> OT1/lmr/bx/it on input line 37.
LaTeX Font Info:    Overwriting math alphabet `\mathtt' in version `bold'
(Font)                  OT1/cmtt/m/n --> OT1/lmtt/m/n on input line 38.
) (c:/Users/stephanie.owen/AppData/Roaming/TinyTeX/texmf-dist/tex/latex/upquote/upquote.sty
Package: upquote 2012/04/19 v1.3 upright-quote and grave-accent glyphs in verbatim
) (c:/Users/stephanie.owen/AppData/Roaming/TinyTeX/texmf-dist/tex/latex/microtype/microtype.sty
Package: microtype 2025/07/09 v3.2b Micro-typographical refinements (RS)
(c:/Users/stephanie.owen/AppData/Roaming/TinyTeX/texmf-dist/tex/latex/etoolbox/etoolbox.sty
Package: etoolbox 2025/10/02 v2.5m e-TeX tools for LaTeX (JAW)
\etb@tempcnta=\count298
)
\MT@toks=\toks26
\MT@tempbox=\box55
\MT@count=\count299
LaTeX Info: Redefining \noprotrusionifhmode on input line 1087.
LaTeX Info: Redefining \leftprotrusion on input line 1088.
\MT@prot@toks=\toks27
LaTeX Info: Redefining \rightprotrusion on input line 1107.
LaTeX Info: Redefining \textls on input line 1449.
\MT@outer@kern=\dimen166
LaTeX Info: Redefining \microtypecontext on input line 2053.
LaTeX Info: Redefining \textmicrotypecontext on input line 2070.
\MT@listname@count=\count300
(c:/Users/stephanie.owen/AppData/Roaming/TinyTeX/texmf-dist/tex/latex/microtype/microtype-pdftex.def
File: microtype-pdftex.def 2025/07/09 v3.2b Definitions specific to pdftex (RS)
LaTeX Info: Redefining \lsstyle on input line 944.
LaTeX Info: Redefining \lslig on input line 944.
\MT@outer@space=\skip54
)
Package microtype Info: Loading configuration file microtype.cfg.
(c:/Users/stephanie.owen/AppData/Roaming/TinyTeX/texmf-dist/tex/latex/microtype/microtype.cfg
File: microtype.cfg 2025/07/09 v3.2b microtype main configuration file (RS)
)
LaTeX Info: Redefining \microtypesetup on input line 3065.
) (c:/Users/stephanie.owen/AppData/Roaming/TinyTeX/texmf-dist/tex/latex/parskip/parskip.sty
Package: parskip 2021-03-14 v2.0h non-zero parskip adjustments
(c:/Users/stephanie.owen/AppData/Roaming/TinyTeX/texmf-dist/tex/latex/kvoptions/kvoptions.sty
Package: kvoptions 2022-06-15 v3.15 Key value format for package options (HO)
(c:/Users/stephanie.owen/AppData/Roaming/TinyTeX/texmf-dist/tex/generic/ltxcmds/ltxcmds.sty
Package: ltxcmds 2023-12-04 v1.26 LaTeX kernel commands for general use (HO)
) (c:/Users/stephanie.owen/AppData/Roaming/TinyTeX/texmf-dist/tex/latex/kvsetkeys/kvsetkeys.sty
Package: kvsetkeys 2022-10-05 v1.19 Key value parser (HO)
))) (c:/Users/stephanie.owen/AppData/Roaming/TinyTeX/texmf-dist/tex/latex/tools/longtable.sty
Package: longtable 2025-10-13 v4.24 Multi-page Table package (DPC)
\LTleft=\skip55
\LTright=\skip56
\LTpre=\skip57
\LTpost=\skip58
\LTchunksize=\count301
\LTcapwidth=\dimen167
\LT@head=\box56
\LT@firsthead=\box57
\LT@foot=\box58
\LT@lastfoot=\box59
\LT@gbox=\box60
\LT@cols=\count302
\LT@rows=\count303
\c@LT@tables=\count304
\c@LT@chunks=\count305
\LT@p@ftn=\toks28
) (c:/Users/stephanie.owen/AppData/Roaming/TinyTeX/texmf-dist/tex/latex/booktabs/booktabs.sty
Package: booktabs 2020/01/12 v1.61803398 Publication quality tables
\heavyrulewidth=\dimen168
\lightrulewidth=\dimen169
\cmidrulewidth=\dimen170
\belowrulesep=\dimen171
\belowbottomsep=\dimen172
\aboverulesep=\dimen173
\abovetopsep=\dimen174
\cmidrulesep=\dimen175
\cmidrulekern=\dimen176
\defaultaddspace=\dimen177
\@cmidla=\count306
\@cmidlb=\count307
\@aboverulesep=\dimen178
\@belowrulesep=\dimen179
\@thisruleclass=\count308
\@lastruleclass=\count309
\@thisrulewidth=\dimen180
) (c:/Users/stephanie.owen/AppData/Roaming/TinyTeX/texmf-dist/tex/latex/tools/array.sty
Package: array 2025/09/25 v2.6n Tabular extension package (FMi)
\col@sep=\dimen181
\ar@mcellbox=\box61
\extrarowheight=\dimen182
\NC@list=\toks29
\extratabsurround=\skip59
\backup@length=\skip60
\ar@cellbox=\box62
) (c:/Users/stephanie.owen/AppData/Roaming/TinyTeX/texmf-dist/tex/latex/tools/calc.sty
Package: calc 2025/03/01 v4.3b Infix arithmetic (KKT,FJ)
\calc@Acount=\count310
\calc@Bcount=\count311
\calc@Adimen=\dimen183
\calc@Bdimen=\dimen184
\calc@Askip=\skip61
\calc@Bskip=\skip62
LaTeX Info: Redefining \setlength on input line 86.
LaTeX Info: Redefining \addtolength on input line 87.
\calc@Ccount=\count312
\calc@Cskip=\skip63
) (c:/Users/stephanie.owen/AppData/Roaming/TinyTeX/texmf-dist/tex/latex/footnotehyper/footnotehyper.sty
Package: footnotehyper 2025/11/15 v1.1f hyperref aware footnote.sty (JFB)
\FNH@notes=\box63
\FNH@width=\dimen185
\FNH@toks=\toks30
) (c:/Users/stephanie.owen/AppData/Roaming/TinyTeX/texmf-dist/tex/latex/graphics/graphicx.sty
Package: graphicx 2024/12/31 v1.2e Enhanced LaTeX Graphics (DPC,SPQR)
(c:/Users/stephanie.owen/AppData/Roaming/TinyTeX/texmf-dist/tex/latex/graphics/graphics.sty
Package: graphics 2024/08/06 v1.4g Standard LaTeX Graphics (DPC,SPQR)
(c:/Users/stephanie.owen/AppData/Roaming/TinyTeX/texmf-dist/tex/latex/graphics/trig.sty
Package: trig 2023/12/02 v1.11 sin cos tan (DPC)
) (c:/Users/stephanie.owen/AppData/Roaming/TinyTeX/texmf-dist/tex/latex/graphics-cfg/graphics.cfg
File: graphics.cfg 2016/06/04 v1.11 sample graphics configuration
)
Package graphics Info: Driver file: pdftex.def on input line 106.
)
\Gin@req@height=\dimen186
\Gin@req@width=\dimen187
)
\pandoc@box=\box64
(c:/Users/stephanie.owen/AppData/Roaming/TinyTeX/texmf-dist/tex/latex/mathdesign/mathdesign.sty
Package: mathdesign 2013/08/29 v2.31 Math Design Project
(c:/Users/stephanie.owen/AppData/Roaming/TinyTeX/texmf-dist/tex/latex/base/ifthen.sty
Package: ifthen 2024/03/16 v1.1e Standard LaTeX ifthen package (DPC)
)

Package mathdesign Warning: No font specified on input line 175.


Package mathdesign Warning: `urw-palatino' option not defined. on input line 177.

LaTeX Encoding Info:    Redeclaring text command \textcircled (encoding OMS) on input line 206.
(c:/Users/stephanie.owen/AppData/Roaming/TinyTeX/texmf-dist/tex/latex/base/fontenc.sty
Package: fontenc 2025/07/18 v2.1d Standard LaTeX package
LaTeX Font Info:    Trying to load font information for T1+lmr on input line 116.
(c:/Users/stephanie.owen/AppData/Roaming/TinyTeX/texmf-dist/tex/latex/lm/t1lmr.fd
File: t1lmr.fd 2015/05/01 v1.6.1 Font defs for Latin Modern
))) (c:/Users/stephanie.owen/AppData/Roaming/TinyTeX/texmf-dist/tex/latex/base/fontenc.sty
Package: fontenc 2025/07/18 v2.1d Standard LaTeX package
) (c:/Users/stephanie.owen/AppData/Roaming/TinyTeX/texmf-dist/tex/latex/accsupp/accsupp.sty
Package: accsupp 2019/12/05 v0.6 Accessibility support by marked content (HO)
(c:/Users/stephanie.owen/AppData/Roaming/TinyTeX/texmf-dist/tex/generic/pdfescape/pdfescape.sty
Package: pdfescape 2019/12/09 v1.15 Implements pdfTeX's escape features (HO)
(c:/Users/stephanie.owen/AppData/Roaming/TinyTeX/texmf-dist/tex/generic/pdftexcmds/pdftexcmds.sty
Package: pdftexcmds 2020-06-27 v0.33 Utility functions of pdfTeX for LuaTeX (HO)
(c:/Users/stephanie.owen/AppData/Roaming/TinyTeX/texmf-dist/tex/generic/infwarerr/infwarerr.sty
Package: infwarerr 2019/12/03 v1.5 Providing info/warning/error messages (HO)
)
Package pdftexcmds Info: \pdf@primitive is available.
Package pdftexcmds Info: \pdf@ifprimitive is available.
Package pdftexcmds Info: \pdfdraftmode found.
)) (c:/Users/stephanie.owen/AppData/Roaming/TinyTeX/texmf-dist/tex/latex/accsupp/accsupp-pdftex.def
File: accsupp-pdftex.def 2019/12/05 v0.6 accsupp driver for pdfTeX (HO)
)) (c:/Users/stephanie.owen/AppData/Roaming/TinyTeX/texmf-dist/tex/latex/pdfcomment/pdfcomment.sty
Package: pdfcomment 2018/11/01 pdfcomment.sty v2.4a - Josef Kleber (C) 2008-2012, 2015-2016, 2018
(c:/Users/stephanie.owen/AppData/Roaming/TinyTeX/texmf-dist/tex/latex/xkeyval/xkeyval.sty
Package: xkeyval 2025/11/04 v2.10 package option processing (HA)
(c:/Users/stephanie.owen/AppData/Roaming/TinyTeX/texmf-dist/tex/generic/xkeyval/xkeyval.tex (c:/Users/stephanie.owen/AppData/Roaming/TinyTeX/texmf-dist/tex/generic/xkeyval/xkvutils.tex
\XKV@toks=\toks31
\XKV@tempa@toks=\toks32
\XKV@tempb@toks=\toks33
)
\XKV@depth=\count313
File: xkeyval.tex 2014/12/03 v2.7a key=value parser (HA)
))
\c@pc@count@i=\count314
\c@pc@count@ii=\count315
\c@pc@count@iii=\count316
\c@pc@count@iv=\count317
\pc@mathannot@box=\box65
\pc@nullbox=\box66
\pc@dima=\skip64
\pc@dimb=\skip65
\pc@Sposx=\skip66
\pc@Sposy=\skip67
\pc@Eposx=\skip68
\pc@Eposy=\skip69
\pc@column=\skip70
\pc@box@width=\skip71
\pc@box@height=\skip72
\pc@box@depth=\skip73
(c:/Users/stephanie.owen/AppData/Roaming/TinyTeX/texmf-dist/tex/latex/datetime2/datetime2.sty
Package: datetime2 2021/03/21 v1.5.7 (NLCT) date and time formats
(c:/Users/stephanie.owen/AppData/Roaming/TinyTeX/texmf-dist/tex/latex/tracklang/tracklang.sty
Package: tracklang 2025/03/11 v1.6.6 (NLCT) Track Languages
(c:/Users/stephanie.owen/AppData/Roaming/TinyTeX/texmf-dist/tex/generic/tracklang/tracklang.tex))) (c:/Users/stephanie.owen/AppData/Roaming/TinyTeX/texmf-dist/tex/latex/zref/zref-savepos.sty
Package: zref-savepos 2025-06-08 v2.36 Module savepos for zref (HO)
(c:/Users/stephanie.owen/AppData/Roaming/TinyTeX/texmf-dist/tex/latex/zref/zref-base.sty
Package: zref-base 2025-06-08 v2.36 Module base for zref (HO)
(c:/Users/stephanie.owen/AppData/Roaming/TinyTeX/texmf-dist/tex/generic/kvdefinekeys/kvdefinekeys.sty
Package: kvdefinekeys 2019-12-19 v1.6 Define keys (HO)
) (c:/Users/stephanie.owen/AppData/Roaming/TinyTeX/texmf-dist/tex/generic/etexcmds/etexcmds.sty
Package: etexcmds 2019/12/15 v1.7 Avoid name clashes with e-TeX commands (HO)
) (c:/Users/stephanie.owen/AppData/Roaming/TinyTeX/texmf-dist/tex/latex/auxhook/auxhook.sty
Package: auxhook 2019-12-17 v1.6 Hooks for auxiliary files (HO)
)
Package zref Info: New property list: main on input line 767.
Package zref Info: New property: default on input line 768.
Package zref Info: New property: page on input line 769.
)
Package zref Info: New property list: savepos on input line 56.
Package zref Info: New property: posx on input line 58.
Package zref Info: New property: posy on input line 59.
)
\c@zref@unique=\count318
(c:/Users/stephanie.owen/AppData/Roaming/TinyTeX/texmf-dist/tex/latex/refcount/refcount.sty
Package: refcount 2019/12/15 v3.6 Data extraction from label references (HO)
) (c:/Users/stephanie.owen/AppData/Roaming/TinyTeX/texmf-dist/tex/latex/marginnote/marginnote.sty
Package: marginnote 2026/01/02 1.4d non floating margin notes for LaTeX 
\c@mn@abspage=\count319
) (c:/Users/stephanie.owen/AppData/Roaming/TinyTeX/texmf-dist/tex/generic/iftex/ifpdf.sty
Package: ifpdf 2019/10/25 v3.4 ifpdf legacy package. Use iftex instead.
) (c:/Users/stephanie.owen/AppData/Roaming/TinyTeX/texmf-dist/tex/generic/iftex/ifluatex.sty
Package: ifluatex 2019/10/25 v1.5 ifluatex legacy package. Use iftex instead.
) (c:/Users/stephanie.owen/AppData/Roaming/TinyTeX/texmf-dist/tex/latex/soulpos/soulpos.sty
Package: soulpos 2021/10/15 v1.2 Fancy underlining
\ulp@subcnt=\count320
\ulp@cnt=\count321
\ulp@out=\write3
\ulp@in=\read2
\ulwidth=\dimen188
) (c:/Users/stephanie.owen/AppData/Roaming/TinyTeX/texmf-dist/tex/latex/hyperref/hyperref.sty
Package: hyperref 2026-01-29 v7.01p Hypertext links for LaTeX
(c:/Users/stephanie.owen/AppData/Roaming/TinyTeX/texmf-dist/tex/latex/hycolor/hycolor.sty
Package: hycolor 2020-01-27 v1.10 Color options for hyperref/bookmark (HO)
) (c:/Users/stephanie.owen/AppData/Roaming/TinyTeX/texmf-dist/tex/latex/hyperref/nameref.sty
Package: nameref 2026-01-29 v2.58 Cross-referencing by name of section
(c:/Users/stephanie.owen/AppData/Roaming/TinyTeX/texmf-dist/tex/generic/gettitlestring/gettitlestring.sty
Package: gettitlestring 2019/12/15 v1.6 Cleanup title references (HO)
)
\c@section@level=\count322
) (c:/Users/stephanie.owen/AppData/Roaming/TinyTeX/texmf-dist/tex/generic/stringenc/stringenc.sty
Package: stringenc 2019/11/29 v1.12 Convert strings between diff. encodings (HO)
)
\@linkdim=\dimen189
\Hy@linkcounter=\count323
\Hy@pagecounter=\count324
(c:/Users/stephanie.owen/AppData/Roaming/TinyTeX/texmf-dist/tex/latex/hyperref/pd1enc.def
File: pd1enc.def 2026-01-29 v7.01p Hyperref: PDFDocEncoding definition (HO)
Now handling font encoding PD1 ...
... no UTF-8 mapping file for font encoding PD1
) (c:/Users/stephanie.owen/AppData/Roaming/TinyTeX/texmf-dist/tex/generic/intcalc/intcalc.sty
Package: intcalc 2019/12/15 v1.3 Expandable calculations with integers (HO)
)
\Hy@SavedSpaceFactor=\count325
(c:/Users/stephanie.owen/AppData/Roaming/TinyTeX/texmf-dist/tex/latex/hyperref/puenc.def
File: puenc.def 2026-01-29 v7.01p Hyperref: PDF Unicode definition (HO)
Now handling font encoding PU ...
... no UTF-8 mapping file for font encoding PU
)
Package hyperref Info: Option `unicode' set `true' on input line 4072.
Package hyperref Info: Option `unicode' set `true' on input line 4072.
Package hyperref Info: Hyper figures OFF on input line 4201.
Package hyperref Info: Link nesting OFF on input line 4206.
Package hyperref Info: Hyper index ON on input line 4209.
Package hyperref Info: Plain pages OFF on input line 4216.
Package hyperref Info: Backreferencing OFF on input line 4221.
Package hyperref Info: Implicit mode ON; LaTeX internals redefined.
Package hyperref Info: Bookmarks ON on input line 4468.
\c@Hy@tempcnt=\count326
(c:/Users/stephanie.owen/AppData/Roaming/TinyTeX/texmf-dist/tex/latex/url/url.sty
\Urlmuskip=\muskip18
Package: url 2013/09/16  ver 3.4  Verb mode for urls, etc.
)
LaTeX Info: Redefining \url on input line 4807.
\XeTeXLinkMargin=\dimen190
(c:/Users/stephanie.owen/AppData/Roaming/TinyTeX/texmf-dist/tex/generic/bitset/bitset.sty
Package: bitset 2019/12/09 v1.3 Handle bit-vector datatype (HO)
(c:/Users/stephanie.owen/AppData/Roaming/TinyTeX/texmf-dist/tex/generic/bigintcalc/bigintcalc.sty
Package: bigintcalc 2019/12/15 v1.5 Expandable calculations on big integers (HO)
))
\Fld@menulength=\count327
\Field@Width=\dimen191
\Fld@charsize=\dimen192
Package hyperref Info: Hyper figures OFF on input line 6084.
Package hyperref Info: Link nesting OFF on input line 6089.
Package hyperref Info: Hyper index ON on input line 6092.
Package hyperref Info: backreferencing OFF on input line 6099.
Package hyperref Info: Link coloring OFF on input line 6104.
Package hyperref Info: Link coloring with OCG OFF on input line 6109.
Package hyperref Info: PDF/A mode OFF on input line 6114.
\Hy@abspage=\count328
\c@Item=\count329
\c@Hfootnote=\count330
)
Package hyperref Info: Driver: hpdftex.
(c:/Users/stephanie.owen/AppData/Roaming/TinyTeX/texmf-dist/tex/latex/hyperref/hpdftex.def
File: hpdftex.def 2026-01-29 v7.01p Hyperref driver for pdfTeX
\Fld@listcount=\count331
\c@bookmark@seq@number=\count332
(c:/Users/stephanie.owen/AppData/Roaming/TinyTeX/texmf-dist/tex/latex/rerunfilecheck/rerunfilecheck.sty
Package: rerunfilecheck 2025-06-21 v1.11 Rerun checks for auxiliary files (HO)
(c:/Users/stephanie.owen/AppData/Roaming/TinyTeX/texmf-dist/tex/generic/uniquecounter/uniquecounter.sty
Package: uniquecounter 2019/12/15 v1.4 Provide unlimited unique counter (HO)
)
Package uniquecounter Info: New unique counter `rerunfilecheck' on input line 284.
)
\Hy@SectionHShift=\skip74
)
Package zref Info: New property list: pdfcomment on input line 2735.
Package zref Info: New property: PCPDFOBJID on input line 2736.
) (c:/Users/stephanie.owen/AppData/Roaming/TinyTeX/texmf-dist/tex/generic/stringenc/se-pdfdoc.def
File: se-pdfdoc.def 2019/11/29 v1.12 stringenc: PDFDocEncoding
) (c:/Users/stephanie.owen/AppData/Roaming/TinyTeX/texmf-dist/tex/latex/caption/caption.sty
Package: caption 2023/08/05 v3.6o Customizing captions (AR)
(c:/Users/stephanie.owen/AppData/Roaming/TinyTeX/texmf-dist/tex/latex/caption/caption3.sty
Package: caption3 2023/07/31 v2.4d caption3 kernel (AR)
\caption@tempdima=\dimen193
\captionmargin=\dimen194
\caption@leftmargin=\dimen195
\caption@rightmargin=\dimen196
\caption@width=\dimen197
\caption@indent=\dimen198
\caption@parindent=\dimen199
\caption@hangindent=\dimen256
Package caption Info: Standard document class detected.
)
\c@caption@flags=\count333
\c@continuedfloat=\count334
Package caption Info: hyperref package is loaded.
Package caption Info: longtable package is loaded.
(c:/Users/stephanie.owen/AppData/Roaming/TinyTeX/texmf-dist/tex/latex/caption/ltcaption.sty
Package: ltcaption 2021/01/08 v1.4c longtable captions (AR)
)) (c:/Users/stephanie.owen/AppData/Roaming/TinyTeX/texmf-dist/tex/latex/fancyhdr/fancyhdr.sty
Package: fancyhdr 2025/02/07 v5.2 Extensive control of page headers and footers
\f@nch@headwidth=\skip75
\f@nch@offset@elh=\skip76
\f@nch@offset@erh=\skip77
\f@nch@offset@olh=\skip78
\f@nch@offset@orh=\skip79
\f@nch@offset@elf=\skip80
\f@nch@offset@erf=\skip81
\f@nch@offset@olf=\skip82
\f@nch@offset@orf=\skip83
\f@nch@height=\skip84
\f@nch@footalignment=\skip85
\f@nch@widthL=\skip86
\f@nch@widthC=\skip87
\f@nch@widthR=\skip88
\@temptokenb=\toks34
) (c:/Users/stephanie.owen/AppData/Roaming/TinyTeX/texmf-dist/tex/latex/float/float.sty
Package: float 2001/11/08 v1.3d Float enhancements (AL)
\c@float@type=\count335
\float@exts=\toks35
\float@box=\box67
\@float@everytoks=\toks36
\@floatcapt=\box68
) (c:/Users/stephanie.owen/AppData/Roaming/TinyTeX/texmf-dist/tex/latex/sectsty/sectsty.sty
Package: sectsty 2002/02/25 v2.0.2 Commands to change all sectional heading styles

LaTeX Warning: Command \underbar  has changed.
               Check if current package is valid.


LaTeX Warning: Command \underline  has changed.
               Check if current package is valid.

) (c:/Users/stephanie.owen/AppData/Roaming/TinyTeX/texmf-dist/tex/latex/multirow/multirow.sty
Package: multirow 2024/11/12 v2.9 Span multiple rows of a table
\multirow@colwidth=\skip89
\multirow@cntb=\count336
\multirow@dima=\skip90
\bigstrutjot=\dimen257
) (c:/Users/stephanie.owen/AppData/Roaming/TinyTeX/texmf-dist/tex/latex/tools/multicol.sty
Package: multicol 2025/10/21 v2.0b multicolumn formatting (FMi)
\c@tracingmulticols=\count337
\mult@box=\box69
\multicol@leftmargin=\dimen258
\c@unbalance=\count338
\c@collectmore=\count339
\doublecol@number=\count340
\multicoltolerance=\count341
\multicolpretolerance=\count342
\full@width=\dimen259
\page@free=\dimen260
\premulticols=\dimen261
\postmulticols=\dimen262
\multicolsep=\skip91
\multicolbaselineskip=\skip92
\partial@page=\box70
\last@line=\box71
\mc@boxedresult=\box72
\maxbalancingoverflow=\dimen263
\mult@rightbox=\box73
\mult@grightbox=\box74
\mult@firstbox=\box75
\mult@gfirstbox=\box76
\@tempa=\box77
\@tempa=\box78
\@tempa=\box79
\@tempa=\box80
\@tempa=\box81
\@tempa=\box82
\@tempa=\box83
\@tempa=\box84
\@tempa=\box85
\@tempa=\box86
\@tempa=\box87
\@tempa=\box88
\@tempa=\box89
\@tempa=\box90
\@tempa=\box91
\@tempa=\box92
\@tempa=\box93
\@tempa=\box94
\@tempa=\box95
\@tempa=\box96
\@tempa=\box97
\@tempa=\box98
\@tempa=\box99
\@tempa=\box100
\@tempa=\box101
\@tempa=\box102
\@tempa=\box103
\@tempa=\box104
\@tempa=\box105
\@tempa=\box106
\@tempa=\box107
\@tempa=\box108
\@tempa=\box109
\@tempa=\box110
\@tempa=\box111
\@tempa=\box112
\c@minrows=\count343
\c@columnbadness=\count344
\c@finalcolumnbadness=\count345
\last@try=\dimen264
\multicolovershoot=\dimen265
\multicolundershoot=\dimen266
\mult@nat@firstbox=\box113
\colbreak@box=\box114
\mc@col@check@num=\count346
\g__mc_curr_col_int=\count347
) (c:/Users/stephanie.owen/AppData/Roaming/TinyTeX/texmf-dist/tex/latex/colortbl/colortbl.sty
Package: colortbl 2024/10/29 v1.0k Color table columns (DPC)
\everycr=\toks37
\minrowclearance=\skip93
\rownum=\count348
) (c:/Users/stephanie.owen/AppData/Roaming/TinyTeX/texmf-dist/tex/generic/ulem/ulem.sty
\UL@box=\box115
\UL@hyphenbox=\box116
\UL@skip=\skip94
\UL@hook=\toks38
\UL@height=\dimen267
\UL@pe=\count349
\UL@pixel=\dimen268
\ULC@box=\box117
Package: ulem 2019/11/18
\ULdepth=\dimen269
) (c:/Users/stephanie.owen/AppData/Roaming/TinyTeX/texmf-dist/tex/latex/tools/hhline.sty
Package: hhline 2020/01/04 v2.04 Table rule package (DPC)
)
\Oldarrayrulewidth=\skip95
\Oldtabcolsep=\skip96
(c:/Users/stephanie.owen/AppData/Roaming/TinyTeX/texmf-dist/tex/latex/wrapfig/wrapfig.sty
\wrapoverhang=\dimen270
\WF@size=\dimen271
\c@WF@wrappedlines=\count350
\WF@box=\box118
\WF@everypar=\toks39
Package: wrapfig 2003/01/31  v 3.6
) (c:/Users/stephanie.owen/AppData/Roaming/TinyTeX/texmf-dist/tex/latex/bookmark/bookmark.sty
Package: bookmark 2023-12-10 v1.31 PDF bookmarks (HO)
(c:/Users/stephanie.owen/AppData/Roaming/TinyTeX/texmf-dist/tex/latex/bookmark/bkm-pdftex.def
File: bkm-pdftex.def 2023-12-10 v1.31 bookmark driver for pdfTeX and luaTeX (HO)
\BKM@id=\count351
)) (c:/Users/stephanie.owen/AppData/Roaming/TinyTeX/texmf-dist/tex/latex/xurl/xurl.sty
Package: xurl 2022/01/09 v 0.10 modify URL breaks
)
Package hyperref Info: Option `colorlinks' set `true' on input line 164.
(c:/Users/stephanie.owen/AppData/Roaming/TinyTeX/texmf-dist/tex/latex/l3backend/l3backend-pdftex.def
File: l3backend-pdftex.def 2025-10-09 L3 backend support: PDF output (pdfTeX)
\l__color_backend_stack_int=\count352
) (./bothregions.aux

LaTeX Warning: Label `tab:management-objectives' multiply defined.


LaTeX Warning: Label `tab:comvultab-134' multiply defined.


LaTeX Warning: Label `tab:recvultab-135' multiply defined.


LaTeX Warning: Label `tab:species-groupings' multiply defined.

)
\openout1 = `bothregions.aux'.

LaTeX Font Info:    Checking defaults for OML/cmm/m/it on input line 169.
LaTeX Font Info:    ... okay on input line 169.
LaTeX Font Info:    Checking defaults for OMS/cmsy/m/n on input line 169.
LaTeX Font Info:    ... okay on input line 169.
LaTeX Font Info:    Checking defaults for OT1/cmr/m/n on input line 169.
LaTeX Font Info:    ... okay on input line 169.
LaTeX Font Info:    Checking defaults for T1/cmr/m/n on input line 169.
LaTeX Font Info:    ... okay on input line 169.
LaTeX Font Info:    Checking defaults for TS1/cmr/m/n on input line 169.
LaTeX Font Info:    ... okay on input line 169.
LaTeX Font Info:    Checking defaults for OMX/cmex/m/n on input line 169.
LaTeX Font Info:    ... okay on input line 169.
LaTeX Font Info:    Checking defaults for U/cmr/m/n on input line 169.
LaTeX Font Info:    ... okay on input line 169.
LaTeX Font Info:    Checking defaults for PD1/pdf/m/n on input line 169.
LaTeX Font Info:    ... okay on input line 169.
LaTeX Font Info:    Checking defaults for PU/pdf/m/n on input line 169.
LaTeX Font Info:    ... okay on input line 169.
(c:/Users/stephanie.owen/AppData/Roaming/TinyTeX/texmf-dist/tex/context/base/mkii/supp-pdf.mkii
[Loading MPS to PDF converter (version 2006.09.02).]
\scratchcounter=\count353
\scratchdimen=\dimen272
\scratchbox=\box119
\nofMPsegments=\count354
\nofMParguments=\count355
\everyMPshowfont=\toks40
\MPscratchCnt=\count356
\MPscratchDim=\dimen273
\MPnumerator=\count357
\makeMPintoPDFobject=\count358
\everyMPtoPDFconversion=\toks41
) (c:/Users/stephanie.owen/AppData/Roaming/TinyTeX/texmf-dist/tex/latex/epstopdf-pkg/epstopdf-base.sty
Package: epstopdf-base 2020-01-24 v2.11 Base part for package epstopdf
Package epstopdf-base Info: Redefining graphics rule for `.eps' on input line 485.
(c:/Users/stephanie.owen/AppData/Roaming/TinyTeX/texmf-dist/tex/latex/latexconfig/epstopdf-sys.cfg
File: epstopdf-sys.cfg 2010/07/13 v1.3 Configuration of (r)epstopdf for TeX Live
))
*geometry* driver: auto-detecting
*geometry* detected driver: pdftex
*geometry* verbose mode - [ preamble ] result:
* driver: pdftex
* paper: <default>
* layout: <same size as paper>
* layoutoffset:(h,v)=(0.0pt,0.0pt)
* modes: 
* h-part:(L,W,R)=(56.9055pt, 500.484pt, 56.9055pt)
* v-part:(T,H,B)=(56.9055pt, 652.70622pt, 85.35826pt)
* \paperwidth=614.295pt
* \paperheight=794.96999pt
* \textwidth=500.484pt
* \textheight=652.70622pt
* \oddsidemargin=-15.36449pt
* \evensidemargin=-15.36449pt
* \topmargin=-52.36449pt
* \headheight=40.0pt
* \headsep=25.0pt
* \topskip=10.0pt
* \footskip=14.22636pt
* \marginparwidth=65.0pt
* \marginparsep=11.0pt
* \columnsep=10.0pt
* \skip\footins=9.0pt plus 4.0pt minus 2.0pt
* \hoffset=0.0pt
* \voffset=0.0pt
* \mag=1000
* \@twocolumnfalse
* \@twosidefalse
* \@mparswitchfalse
* \@reversemarginfalse
* (1in=72.27pt=25.4mm, 1cm=28.453pt)

LaTeX Info: Redefining \microtypecontext on input line 169.
Package microtype Info: Applying patch `item' on input line 169.
Package microtype Info: Applying patch `toc' on input line 169.
Package microtype Info: Applying patch `eqnum' on input line 169.

Package microtype Warning: Unable to apply patch `footnote' on input line 169.

Package microtype Info: Applying patch `verbatim' on input line 169.
LaTeX Info: Redefining \microtypesetup on input line 169.
Package microtype Info: Generating PDF output.
Package microtype Info: Character protrusion enabled (level 2).
Package microtype Info: Using protrusion set `basicmath'.
Package microtype Info: Automatic font expansion enabled (level 2),
(microtype)             stretch: 20, shrink: 20, step: 1, non-selected.
Package microtype Info: Using default expansion set `alltext-nott'.
Package microtype Info: Patching command `\showhyphens'.
Package microtype Info: No adjustment of tracking.
Package microtype Info: No adjustment of interword spacing.
Package microtype Info: No adjustment of character kerning.
(c:/Users/stephanie.owen/AppData/Roaming/TinyTeX/texmf-dist/tex/latex/microtype/mt-cmr.cfg
File: mt-cmr.cfg 2013/05/19 v2.2 microtype config. file: Computer Modern Roman (RS)
)
Package soulpos Info: Loading soulutf8 on input line 169.
(c:/Users/stephanie.owen/AppData/Roaming/TinyTeX/texmf-dist/tex/generic/soul/soulutf8.sty
Package: soulutf8 2023-06-14 v3.1 Permit use of UTF-8 characters in soul (HO)

Package soulutf8 Warning: This package is obsolete,
(soulutf8)                use the soul package directly. 
(soulutf8)                 on input line 29.

) (c:/Users/stephanie.owen/AppData/Roaming/TinyTeX/texmf-dist/tex/generic/soul/soul.sty
Package: soul 2023-06-14 v3.1 Permit use of UTF-8 characters in soul (HO)
(c:/Users/stephanie.owen/AppData/Roaming/TinyTeX/texmf-dist/tex/generic/soul/soul-ori.sty
Package: soul-ori 2023-06-14 v3.1 letterspacing/underlining (mf)
\SOUL@word=\toks42
\SOUL@lasttoken=\toks43
\SOUL@syllable=\toks44
\SOUL@cmds=\toks45
\SOUL@buffer=\toks46
\SOUL@token=\toks47
\SOUL@syllgoal=\dimen274
\SOUL@syllwidth=\dimen275
\SOUL@charkern=\dimen276
\SOUL@hyphkern=\dimen277
\SOUL@dimen=\dimen278
\SOUL@dimeni=\dimen279
\SOUL@minus=\count359
\SOUL@comma=\count360
\SOUL@apo=\count361
\SOUL@grave=\count362
\SOUL@spaceskip=\skip97
\SOUL@ttwidth=\dimen280
\SOUL@uldp=\dimen281
\SOUL@ulht=\dimen282
))
Package hyperref Info: Link coloring ON on input line 169.
Package caption Info: Begin \AtBeginDocument code.
Package caption Info: float package is loaded.
Package caption Info: wrapfig package is loaded.
Package caption Info: End \AtBeginDocument code.
LaTeX Font Info:    Trying to load font information for T1+lmss on input line 174.
(c:/Users/stephanie.owen/AppData/Roaming/TinyTeX/texmf-dist/tex/latex/lm/t1lmss.fd
File: t1lmss.fd 2015/05/01 v1.6.1 Font defs for Latin Modern
)
Package microtype Info: Loading generic protrusion settings for font family
(microtype)             `lmss' (encoding: T1).
(microtype)             For optimal results, create family-specific settings.
(microtype)             See the microtype manual for details.
LaTeX Font Info:    Trying to load font information for OT1+lmr on input line 184.
(c:/Users/stephanie.owen/AppData/Roaming/TinyTeX/texmf-dist/tex/latex/lm/ot1lmr.fd
File: ot1lmr.fd 2015/05/01 v1.6.1 Font defs for Latin Modern
)
LaTeX Font Info:    Trying to load font information for OML+lmm on input line 184.
(c:/Users/stephanie.owen/AppData/Roaming/TinyTeX/texmf-dist/tex/latex/lm/omllmm.fd
File: omllmm.fd 2015/05/01 v1.6.1 Font defs for Latin Modern
)
LaTeX Font Info:    Trying to load font information for OMS+lmsy on input line 184.
(c:/Users/stephanie.owen/AppData/Roaming/TinyTeX/texmf-dist/tex/latex/lm/omslmsy.fd
File: omslmsy.fd 2015/05/01 v1.6.1 Font defs for Latin Modern
)
LaTeX Font Info:    Trying to load font information for OMX+lmex on input line 184.
(c:/Users/stephanie.owen/AppData/Roaming/TinyTeX/texmf-dist/tex/latex/lm/omxlmex.fd
File: omxlmex.fd 2015/05/01 v1.6.1 Font defs for Latin Modern
)
LaTeX Font Info:    External font `lmex10' loaded for size
(Font)              <10> on input line 184.
LaTeX Font Info:    External font `lmex10' loaded for size
(Font)              <7> on input line 184.
LaTeX Font Info:    External font `lmex10' loaded for size
(Font)              <5> on input line 184.
LaTeX Font Info:    Trying to load font information for U+msa on input line 184.
(c:/Users/stephanie.owen/AppData/Roaming/TinyTeX/texmf-dist/tex/latex/amsfonts/umsa.fd
File: umsa.fd 2013/01/14 v3.01 AMS symbols A
) (c:/Users/stephanie.owen/AppData/Roaming/TinyTeX/texmf-dist/tex/latex/microtype/mt-msa.cfg
File: mt-msa.cfg 2006/02/04 v1.1 microtype config. file: AMS symbols (a) (RS)
)
LaTeX Font Info:    Trying to load font information for U+msb on input line 184.
(c:/Users/stephanie.owen/AppData/Roaming/TinyTeX/texmf-dist/tex/latex/amsfonts/umsb.fd
File: umsb.fd 2013/01/14 v3.01 AMS symbols B
) (c:/Users/stephanie.owen/AppData/Roaming/TinyTeX/texmf-dist/tex/latex/microtype/mt-msb.cfg
File: mt-msb.cfg 2005/06/01 v1.0 microtype config. file: AMS symbols (b) (RS)
)
LaTeX Font Info:    External font `lmex10' loaded for size
(Font)              <8> on input line 184.
LaTeX Font Info:    External font `lmex10' loaded for size
(Font)              <6> on input line 184.
ignored error: Infinite glue shrinkage found in box being split
<images/NOAA_logo.png, id=22, 240.9pt x 240.9pt>
File: images/NOAA_logo.png Graphic file (type png)
<use images/NOAA_logo.png>
Package pdftex.def Info: images/NOAA_logo.png  used on input line 284.
(pdftex.def)             Requested size: 40.0pt x 39.99673pt.

Package fancyhdr Warning: \headheight is too small (40.0pt): 
(fancyhdr)                Make it at least 55.59677pt, for example:
(fancyhdr)                \setlength{\headheight}{55.59677pt}.
(fancyhdr)                You might also make \topmargin smaller:
(fancyhdr)                \addtolength{\topmargin}{-15.59677pt}.

[4{c:/Users/stephanie.owen/AppData/Roaming/TinyTeX/texmf-var/fonts/map/pdftex/updmap/pdftex.map}{c:/Users/stephanie.owen/AppData/Roaming/TinyTeX/texmf-dist/fonts/enc/dvips/lm/lm-ec.enc}

\openout3 = `bothregions.upa'.

 <./images/NOAA_logo.png>]
Package marginnote Info: Using workaround for absolute page number on input line 284.
[5] [6]
<../../AppData/Local/Temp/Rtmpm2m2kV/file4820777850ab.png, id=69, 469.755pt x 180.675pt>
File: ../../AppData/Local/Temp/Rtmpm2m2kV/file4820777850ab.png Graphic file (type png)
<use ../../AppData/Local/Temp/Rtmpm2m2kV/file4820777850ab.png>
Package pdftex.def Info: ../../AppData/Local/Temp/Rtmpm2m2kV/file4820777850ab.png  used on input line 390.
(pdftex.def)             Requested size: 500.484pt x 192.49326pt.
<../../AppData/Local/Temp/Rtmpm2m2kV/file482063745e59.png, id=70, 469.755pt x 325.215pt>
File: ../../AppData/Local/Temp/Rtmpm2m2kV/file482063745e59.png Graphic file (type png)
<use ../../AppData/Local/Temp/Rtmpm2m2kV/file482063745e59.png>
Package pdftex.def Info: ../../AppData/Local/Temp/Rtmpm2m2kV/file482063745e59.png  used on input line 399.
(pdftex.def)             Requested size: 500.484pt x 346.4879pt.
[7 <../../AppData/Local/Temp/Rtmpm2m2kV/file4820777850ab.png>] [8 <../../AppData/Local/Temp/Rtmpm2m2kV/file482063745e59.png>]

LaTeX Warning: Hyper reference `community-social-and-climate-vulnerability' on page 9 undefined on input line 408.

<../../AppData/Local/Temp/Rtmpm2m2kV/file48201f266df1.png, id=85, 469.755pt x 180.675pt>
File: ../../AppData/Local/Temp/Rtmpm2m2kV/file48201f266df1.png Graphic file (type png)
<use ../../AppData/Local/Temp/Rtmpm2m2kV/file48201f266df1.png>
Package pdftex.def Info: ../../AppData/Local/Temp/Rtmpm2m2kV/file48201f266df1.png  used on input line 412.
(pdftex.def)             Requested size: 500.484pt x 192.49326pt.
<../../AppData/Local/Temp/Rtmpm2m2kV/file48204050708.png, id=90, 469.755pt x 180.675pt>
File: ../../AppData/Local/Temp/Rtmpm2m2kV/file48204050708.png Graphic file (type png)
<use ../../AppData/Local/Temp/Rtmpm2m2kV/file48204050708.png>
Package pdftex.def Info: ../../AppData/Local/Temp/Rtmpm2m2kV/file48204050708.png  used on input line 423.
(pdftex.def)             Requested size: 500.484pt x 192.49326pt.
<../../AppData/Local/Temp/Rtmpm2m2kV/file4820c92121a.png, id=91, 469.755pt x 361.35pt>
File: ../../AppData/Local/Temp/Rtmpm2m2kV/file4820c92121a.png Graphic file (type png)
<use ../../AppData/Local/Temp/Rtmpm2m2kV/file4820c92121a.png>
Package pdftex.def Info: ../../AppData/Local/Temp/Rtmpm2m2kV/file4820c92121a.png  used on input line 432.
(pdftex.def)             Requested size: 500.484pt x 384.98656pt.
[9 <../../AppData/Local/Temp/Rtmpm2m2kV/file48201f266df1.png> <../../AppData/Local/Temp/Rtmpm2m2kV/file48204050708.png>]
<../../AppData/Local/Temp/Rtmpm2m2kV/file4820528d66c1.png, id=103, 469.755pt x 397.485pt>
File: ../../AppData/Local/Temp/Rtmpm2m2kV/file4820528d66c1.png Graphic file (type png)
<use ../../AppData/Local/Temp/Rtmpm2m2kV/file4820528d66c1.png>
Package pdftex.def Info: ../../AppData/Local/Temp/Rtmpm2m2kV/file4820528d66c1.png  used on input line 451.
(pdftex.def)             Requested size: 500.484pt x 423.48521pt.
LaTeX Font Info:    External font `lmex10' loaded for size
(Font)              <9> on input line 455.
[10 <../../AppData/Local/Temp/Rtmpm2m2kV/file4820c92121a.png>]
<../../AppData/Local/Temp/Rtmpm2m2kV/file4820654376fc.png, id=113, 469.755pt x 325.215pt>
File: ../../AppData/Local/Temp/Rtmpm2m2kV/file4820654376fc.png Graphic file (type png)
<use ../../AppData/Local/Temp/Rtmpm2m2kV/file4820654376fc.png>
Package pdftex.def Info: ../../AppData/Local/Temp/Rtmpm2m2kV/file4820654376fc.png  used on input line 462.
(pdftex.def)             Requested size: 500.484pt x 346.4879pt.
[11{c:/Users/stephanie.owen/AppData/Roaming/TinyTeX/texmf-dist/fonts/enc/dvips/lm/lm-mathit.enc} <../../AppData/Local/Temp/Rtmpm2m2kV/file4820528d66c1.png>]
<../../AppData/Local/Temp/Rtmpm2m2kV/file482082ec71.png, id=121, 469.755pt x 180.675pt>
File: ../../AppData/Local/Temp/Rtmpm2m2kV/file482082ec71.png Graphic file (type png)
<use ../../AppData/Local/Temp/Rtmpm2m2kV/file482082ec71.png>
Package pdftex.def Info: ../../AppData/Local/Temp/Rtmpm2m2kV/file482082ec71.png  used on input line 471.
(pdftex.def)             Requested size: 500.484pt x 192.49326pt.
[12 <../../AppData/Local/Temp/Rtmpm2m2kV/file4820654376fc.png> <../../AppData/Local/Temp/Rtmpm2m2kV/file482082ec71.png>]
LaTeX Font Info:    Trying to load font information for TS1+lmr on input line 495.
(c:/Users/stephanie.owen/AppData/Roaming/TinyTeX/texmf-dist/tex/latex/lm/ts1lmr.fd
File: ts1lmr.fd 2015/05/01 v1.6.1 Font defs for Latin Modern
)

LaTeX Warning: Hyper reference `community-social-and-climate-vulnerability' on page 13 undefined on input line 501.

<../../AppData/Local/Temp/Rtmpm2m2kV/file482024936df9.png, id=135, 469.755pt x 433.62pt>
File: ../../AppData/Local/Temp/Rtmpm2m2kV/file482024936df9.png Graphic file (type png)
<use ../../AppData/Local/Temp/Rtmpm2m2kV/file482024936df9.png>
Package pdftex.def Info: ../../AppData/Local/Temp/Rtmpm2m2kV/file482024936df9.png  used on input line 506.
(pdftex.def)             Requested size: 500.484pt x 461.98387pt.
[13{c:/Users/stephanie.owen/AppData/Roaming/TinyTeX/texmf-dist/fonts/enc/dvips/lm/lm-ts1.enc}]
<../../AppData/Local/Temp/Rtmpm2m2kV/file482025b61a21.png, id=151, 469.755pt x 361.35pt>
File: ../../AppData/Local/Temp/Rtmpm2m2kV/file482025b61a21.png Graphic file (type png)
<use ../../AppData/Local/Temp/Rtmpm2m2kV/file482025b61a21.png>
Package pdftex.def Info: ../../AppData/Local/Temp/Rtmpm2m2kV/file482025b61a21.png  used on input line 519.
(pdftex.def)             Requested size: 500.484pt x 384.98656pt.
[14 <../../AppData/Local/Temp/Rtmpm2m2kV/file482024936df9.png>]
<../../AppData/Local/Temp/Rtmpm2m2kV/file482056fc3d43.png, id=158, 469.755pt x 505.89pt>
File: ../../AppData/Local/Temp/Rtmpm2m2kV/file482056fc3d43.png Graphic file (type png)
<use ../../AppData/Local/Temp/Rtmpm2m2kV/file482056fc3d43.png>
Package pdftex.def Info: ../../AppData/Local/Temp/Rtmpm2m2kV/file482056fc3d43.png  used on input line 528.
(pdftex.def)             Requested size: 500.484pt x 538.98117pt.
[15 <../../AppData/Local/Temp/Rtmpm2m2kV/file482025b61a21.png>]
<../../AppData/Local/Temp/Rtmpm2m2kV/file4820686a589d.png, id=166, 469.755pt x 180.675pt>
File: ../../AppData/Local/Temp/Rtmpm2m2kV/file4820686a589d.png Graphic file (type png)
<use ../../AppData/Local/Temp/Rtmpm2m2kV/file4820686a589d.png>
Package pdftex.def Info: ../../AppData/Local/Temp/Rtmpm2m2kV/file4820686a589d.png  used on input line 539.
(pdftex.def)             Requested size: 500.484pt x 192.49326pt.
[16 <../../AppData/Local/Temp/Rtmpm2m2kV/file482056fc3d43.png>]
<../../AppData/Local/Temp/Rtmpm2m2kV/file482071e1120e.png, id=177, 469.755pt x 180.675pt>
File: ../../AppData/Local/Temp/Rtmpm2m2kV/file482071e1120e.png Graphic file (type png)
<use ../../AppData/Local/Temp/Rtmpm2m2kV/file482071e1120e.png>
Package pdftex.def Info: ../../AppData/Local/Temp/Rtmpm2m2kV/file482071e1120e.png  used on input line 550.
(pdftex.def)             Requested size: 500.484pt x 192.49326pt.
<../../AppData/Local/Temp/Rtmpm2m2kV/file482017d12ede.png, id=178, 469.755pt x 216.81pt>
File: ../../AppData/Local/Temp/Rtmpm2m2kV/file482017d12ede.png Graphic file (type png)
<use ../../AppData/Local/Temp/Rtmpm2m2kV/file482017d12ede.png>
Package pdftex.def Info: ../../AppData/Local/Temp/Rtmpm2m2kV/file482017d12ede.png  used on input line 559.
(pdftex.def)             Requested size: 500.484pt x 230.99193pt.
[17 <../../AppData/Local/Temp/Rtmpm2m2kV/file4820686a589d.png> <../../AppData/Local/Temp/Rtmpm2m2kV/file482071e1120e.png>]
<../../AppData/Local/Temp/Rtmpm2m2kV/file482029f41d07.png, id=190, 469.755pt x 397.485pt>
File: ../../AppData/Local/Temp/Rtmpm2m2kV/file482029f41d07.png Graphic file (type png)
<use ../../AppData/Local/Temp/Rtmpm2m2kV/file482029f41d07.png>
Package pdftex.def Info: ../../AppData/Local/Temp/Rtmpm2m2kV/file482029f41d07.png  used on input line 578.
(pdftex.def)             Requested size: 500.484pt x 423.48521pt.
[18 <../../AppData/Local/Temp/Rtmpm2m2kV/file482017d12ede.png>] [19 <../../AppData/Local/Temp/Rtmpm2m2kV/file482029f41d07.png>]

LaTeX Warning: Hyper reference `community-social-and-climate-vulnerability' on page 20 undefined on input line 716.

<../../AppData/Local/Temp/Rtmpm2m2kV/file48205c8ff8b.png, id=214, 469.755pt x 433.62pt>
File: ../../AppData/Local/Temp/Rtmpm2m2kV/file48205c8ff8b.png Graphic file (type png)
<use ../../AppData/Local/Temp/Rtmpm2m2kV/file48205c8ff8b.png>
Package pdftex.def Info: ../../AppData/Local/Temp/Rtmpm2m2kV/file48205c8ff8b.png  used on input line 721.
(pdftex.def)             Requested size: 500.484pt x 461.98387pt.
[20]
<../../AppData/Local/Temp/Rtmpm2m2kV/file48205d2749f2.png, id=225, 469.755pt x 433.62pt>
File: ../../AppData/Local/Temp/Rtmpm2m2kV/file48205d2749f2.png Graphic file (type png)
<use ../../AppData/Local/Temp/Rtmpm2m2kV/file48205d2749f2.png>
Package pdftex.def Info: ../../AppData/Local/Temp/Rtmpm2m2kV/file48205d2749f2.png  used on input line 730.
(pdftex.def)             Requested size: 500.484pt x 461.98387pt.
[21 <../../AppData/Local/Temp/Rtmpm2m2kV/file48205c8ff8b.png>]
<../../AppData/Local/Temp/Rtmpm2m2kV/file48205946723a.png, id=230, 433.62pt x 433.62pt>
File: ../../AppData/Local/Temp/Rtmpm2m2kV/file48205946723a.png Graphic file (type png)
<use ../../AppData/Local/Temp/Rtmpm2m2kV/file48205946723a.png>
Package pdftex.def Info: ../../AppData/Local/Temp/Rtmpm2m2kV/file48205946723a.png  used on input line 739.
(pdftex.def)             Requested size: 500.484pt x 500.51175pt.
[22 <../../AppData/Local/Temp/Rtmpm2m2kV/file48205d2749f2.png>] [23 <../../AppData/Local/Temp/Rtmpm2m2kV/file48205946723a.png>]
<../../AppData/Local/Temp/Rtmpm2m2kV/file482012fa55e.png, id=242, 469.755pt x 180.675pt>
File: ../../AppData/Local/Temp/Rtmpm2m2kV/file482012fa55e.png Graphic file (type png)
<use ../../AppData/Local/Temp/Rtmpm2m2kV/file482012fa55e.png>
Package pdftex.def Info: ../../AppData/Local/Temp/Rtmpm2m2kV/file482012fa55e.png  used on input line 756.
(pdftex.def)             Requested size: 500.484pt x 192.49326pt.
<../../AppData/Local/Temp/Rtmpm2m2kV/file48207b211043.png, id=246, 469.755pt x 180.675pt>
File: ../../AppData/Local/Temp/Rtmpm2m2kV/file48207b211043.png Graphic file (type png)
<use ../../AppData/Local/Temp/Rtmpm2m2kV/file48207b211043.png>
Package pdftex.def Info: ../../AppData/Local/Temp/Rtmpm2m2kV/file48207b211043.png  used on input line 767.
(pdftex.def)             Requested size: 500.484pt x 192.49326pt.
[24 <../../AppData/Local/Temp/Rtmpm2m2kV/file482012fa55e.png>]
<../../AppData/Local/Temp/Rtmpm2m2kV/file4820d0e774c.png, id=256, 469.755pt x 325.215pt>
File: ../../AppData/Local/Temp/Rtmpm2m2kV/file4820d0e774c.png Graphic file (type png)
<use ../../AppData/Local/Temp/Rtmpm2m2kV/file4820d0e774c.png>
Package pdftex.def Info: ../../AppData/Local/Temp/Rtmpm2m2kV/file4820d0e774c.png  used on input line 776.
(pdftex.def)             Requested size: 500.484pt x 346.4879pt.
<../../AppData/Local/Temp/Rtmpm2m2kV/file482038c75afa.png, id=257, 469.755pt x 252.945pt>
File: ../../AppData/Local/Temp/Rtmpm2m2kV/file482038c75afa.png Graphic file (type png)
<use ../../AppData/Local/Temp/Rtmpm2m2kV/file482038c75afa.png>
Package pdftex.def Info: ../../AppData/Local/Temp/Rtmpm2m2kV/file482038c75afa.png  used on input line 785.
(pdftex.def)             Requested size: 500.484pt x 269.49059pt.
[25 <../../AppData/Local/Temp/Rtmpm2m2kV/file48207b211043.png> <../../AppData/Local/Temp/Rtmpm2m2kV/file4820d0e774c.png>]
<../../AppData/Local/Temp/Rtmpm2m2kV/file482074714405.png, id=267, 469.755pt x 180.675pt>
File: ../../AppData/Local/Temp/Rtmpm2m2kV/file482074714405.png Graphic file (type png)
<use ../../AppData/Local/Temp/Rtmpm2m2kV/file482074714405.png>
Package pdftex.def Info: ../../AppData/Local/Temp/Rtmpm2m2kV/file482074714405.png  used on input line 798.
(pdftex.def)             Requested size: 500.484pt x 192.49326pt.
[26 <../../AppData/Local/Temp/Rtmpm2m2kV/file482038c75afa.png>]
<../../AppData/Local/Temp/Rtmpm2m2kV/file482055b654dc.png, id=281, 469.755pt x 361.35pt>
File: ../../AppData/Local/Temp/Rtmpm2m2kV/file482055b654dc.png Graphic file (type png)
<use ../../AppData/Local/Temp/Rtmpm2m2kV/file482055b654dc.png>
Package pdftex.def Info: ../../AppData/Local/Temp/Rtmpm2m2kV/file482055b654dc.png  used on input line 816.
(pdftex.def)             Requested size: 500.484pt x 384.98656pt.
[27 <../../AppData/Local/Temp/Rtmpm2m2kV/file482074714405.png>]
<../../AppData/Local/Temp/Rtmpm2m2kV/file482050345968.png, id=293, 469.755pt x 433.62pt>
File: ../../AppData/Local/Temp/Rtmpm2m2kV/file482050345968.png Graphic file (type png)
<use ../../AppData/Local/Temp/Rtmpm2m2kV/file482050345968.png>
Package pdftex.def Info: ../../AppData/Local/Temp/Rtmpm2m2kV/file482050345968.png  used on input line 832.
(pdftex.def)             Requested size: 500.484pt x 461.98387pt.
[28 <../../AppData/Local/Temp/Rtmpm2m2kV/file482055b654dc.png>]
<../../AppData/Local/Temp/Rtmpm2m2kV/file482049e71434.png, id=301, 469.755pt x 433.62pt>
File: ../../AppData/Local/Temp/Rtmpm2m2kV/file482049e71434.png Graphic file (type png)
<use ../../AppData/Local/Temp/Rtmpm2m2kV/file482049e71434.png>
Package pdftex.def Info: ../../AppData/Local/Temp/Rtmpm2m2kV/file482049e71434.png  used on input line 842.
(pdftex.def)             Requested size: 500.484pt x 461.98387pt.
[29 <../../AppData/Local/Temp/Rtmpm2m2kV/file482050345968.png>]
<../../AppData/Local/Temp/Rtmpm2m2kV/file4820106a5a72.png, id=306, 469.755pt x 361.35pt>
File: ../../AppData/Local/Temp/Rtmpm2m2kV/file4820106a5a72.png Graphic file (type png)
<use ../../AppData/Local/Temp/Rtmpm2m2kV/file4820106a5a72.png>
Package pdftex.def Info: ../../AppData/Local/Temp/Rtmpm2m2kV/file4820106a5a72.png  used on input line 851.
(pdftex.def)             Requested size: 500.484pt x 384.98656pt.
[30 <../../AppData/Local/Temp/Rtmpm2m2kV/file482049e71434.png>]
<../../AppData/Local/Temp/Rtmpm2m2kV/file48204e331bda.png, id=315, 469.755pt x 180.675pt>
File: ../../AppData/Local/Temp/Rtmpm2m2kV/file48204e331bda.png Graphic file (type png)
<use ../../AppData/Local/Temp/Rtmpm2m2kV/file48204e331bda.png>
Package pdftex.def Info: ../../AppData/Local/Temp/Rtmpm2m2kV/file48204e331bda.png  used on input line 866.
(pdftex.def)             Requested size: 500.484pt x 192.49326pt.
[31 <../../AppData/Local/Temp/Rtmpm2m2kV/file4820106a5a72.png>] [32 <../../AppData/Local/Temp/Rtmpm2m2kV/file48204e331bda.png>]
<../../AppData/Local/Temp/Rtmpm2m2kV/file48201204cda.png, id=331, 469.755pt x 180.675pt>
File: ../../AppData/Local/Temp/Rtmpm2m2kV/file48201204cda.png Graphic file (type png)
<use ../../AppData/Local/Temp/Rtmpm2m2kV/file48201204cda.png>
Package pdftex.def Info: ../../AppData/Local/Temp/Rtmpm2m2kV/file48201204cda.png  used on input line 887.
(pdftex.def)             Requested size: 500.484pt x 192.49326pt.
<../../AppData/Local/Temp/Rtmpm2m2kV/file48202f523436.png, id=332, 469.755pt x 180.675pt>
File: ../../AppData/Local/Temp/Rtmpm2m2kV/file48202f523436.png Graphic file (type png)
<use ../../AppData/Local/Temp/Rtmpm2m2kV/file48202f523436.png>
Package pdftex.def Info: ../../AppData/Local/Temp/Rtmpm2m2kV/file48202f523436.png  used on input line 896.
(pdftex.def)             Requested size: 500.484pt x 192.49326pt.
[33 <../../AppData/Local/Temp/Rtmpm2m2kV/file48201204cda.png> <../../AppData/Local/Temp/Rtmpm2m2kV/file48202f523436.png>]
<../../AppData/Local/Temp/Rtmpm2m2kV/file482075097563.png, id=346, 469.755pt x 180.675pt>
File: ../../AppData/Local/Temp/Rtmpm2m2kV/file482075097563.png Graphic file (type png)
<use ../../AppData/Local/Temp/Rtmpm2m2kV/file482075097563.png>
Package pdftex.def Info: ../../AppData/Local/Temp/Rtmpm2m2kV/file482075097563.png  used on input line 917.
(pdftex.def)             Requested size: 500.484pt x 192.49326pt.
<../../AppData/Local/Temp/Rtmpm2m2kV/file48201d6c6c66.png, id=347, 469.755pt x 180.675pt>
File: ../../AppData/Local/Temp/Rtmpm2m2kV/file48201d6c6c66.png Graphic file (type png)
<use ../../AppData/Local/Temp/Rtmpm2m2kV/file48201d6c6c66.png>
Package pdftex.def Info: ../../AppData/Local/Temp/Rtmpm2m2kV/file48201d6c6c66.png  used on input line 926.
(pdftex.def)             Requested size: 500.484pt x 192.49326pt.
[34 <../../AppData/Local/Temp/Rtmpm2m2kV/file482075097563.png>] [35 <../../AppData/Local/Temp/Rtmpm2m2kV/file48201d6c6c66.png>]
<../../AppData/Local/Temp/Rtmpm2m2kV/file482040b175e7.png, id=364, 505.89pt x 361.35pt>
File: ../../AppData/Local/Temp/Rtmpm2m2kV/file482040b175e7.png Graphic file (type png)
<use ../../AppData/Local/Temp/Rtmpm2m2kV/file482040b175e7.png>
Package pdftex.def Info: ../../AppData/Local/Temp/Rtmpm2m2kV/file482040b175e7.png  used on input line 955.
(pdftex.def)             Requested size: 500.484pt x 357.495pt.
[36] [37 <../../AppData/Local/Temp/Rtmpm2m2kV/file482040b175e7.png>]
<../../AppData/Local/Temp/Rtmpm2m2kV/file482011de46e3.png, id=377, 469.755pt x 289.08pt>
File: ../../AppData/Local/Temp/Rtmpm2m2kV/file482011de46e3.png Graphic file (type png)
<use ../../AppData/Local/Temp/Rtmpm2m2kV/file482011de46e3.png>
Package pdftex.def Info: ../../AppData/Local/Temp/Rtmpm2m2kV/file482011de46e3.png  used on input line 1068.
(pdftex.def)             Requested size: 500.484pt x 307.98923pt.
[38 <../../AppData/Local/Temp/Rtmpm2m2kV/file482011de46e3.png>]
<../../AppData/Local/Temp/Rtmpm2m2kV/file4820ad830ba.png, id=385, 469.755pt x 289.08pt>
File: ../../AppData/Local/Temp/Rtmpm2m2kV/file4820ad830ba.png Graphic file (type png)
<use ../../AppData/Local/Temp/Rtmpm2m2kV/file4820ad830ba.png>
Package pdftex.def Info: ../../AppData/Local/Temp/Rtmpm2m2kV/file4820ad830ba.png  used on input line 1185.
(pdftex.def)             Requested size: 500.484pt x 307.98923pt.
[39 <../../AppData/Local/Temp/Rtmpm2m2kV/file4820ad830ba.png>]
<../../AppData/Local/Temp/Rtmpm2m2kV/file4820390f09.png, id=397, 505.89pt x 361.35pt>
File: ../../AppData/Local/Temp/Rtmpm2m2kV/file4820390f09.png Graphic file (type png)
<use ../../AppData/Local/Temp/Rtmpm2m2kV/file4820390f09.png>
Package pdftex.def Info: ../../AppData/Local/Temp/Rtmpm2m2kV/file4820390f09.png  used on input line 1206.
(pdftex.def)             Requested size: 500.484pt x 357.495pt.
ignored error: Infinite glue shrinkage found in box being split [40 <../../AppData/Local/Temp/Rtmpm2m2kV/file4820390f09.png>]
<../../AppData/Local/Temp/Rtmpm2m2kV/file48206bbd5f64.png, id=406, 469.755pt x 289.08pt>
File: ../../AppData/Local/Temp/Rtmpm2m2kV/file48206bbd5f64.png Graphic file (type png)
<use ../../AppData/Local/Temp/Rtmpm2m2kV/file48206bbd5f64.png>
Package pdftex.def Info: ../../AppData/Local/Temp/Rtmpm2m2kV/file48206bbd5f64.png  used on input line 1317.
(pdftex.def)             Requested size: 500.484pt x 307.98923pt.
ignored error: Infinite glue shrinkage found in box being split [41 <../../AppData/Local/Temp/Rtmpm2m2kV/file48206bbd5f64.png>] [42]
<../../AppData/Local/Temp/Rtmpm2m2kV/file48203e8c2372.png, id=420, 469.755pt x 289.08pt>
File: ../../AppData/Local/Temp/Rtmpm2m2kV/file48203e8c2372.png Graphic file (type png)
<use ../../AppData/Local/Temp/Rtmpm2m2kV/file48203e8c2372.png>
Package pdftex.def Info: ../../AppData/Local/Temp/Rtmpm2m2kV/file48203e8c2372.png  used on input line 1434.
(pdftex.def)             Requested size: 500.484pt x 307.98923pt.
[43 <../../AppData/Local/Temp/Rtmpm2m2kV/file48203e8c2372.png>]
<../../AppData/Local/Temp/Rtmpm2m2kV/file48205756610e.png, id=430, 469.755pt x 216.81pt>
File: ../../AppData/Local/Temp/Rtmpm2m2kV/file48205756610e.png Graphic file (type png)
<use ../../AppData/Local/Temp/Rtmpm2m2kV/file48205756610e.png>
Package pdftex.def Info: ../../AppData/Local/Temp/Rtmpm2m2kV/file48205756610e.png  used on input line 1457.
(pdftex.def)             Requested size: 500.484pt x 230.99193pt.
<../../AppData/Local/Temp/Rtmpm2m2kV/file48203d0631b2.png, id=433, 469.755pt x 216.81pt>
File: ../../AppData/Local/Temp/Rtmpm2m2kV/file48203d0631b2.png Graphic file (type png)
<use ../../AppData/Local/Temp/Rtmpm2m2kV/file48203d0631b2.png>
Package pdftex.def Info: ../../AppData/Local/Temp/Rtmpm2m2kV/file48203d0631b2.png  used on input line 1468.
(pdftex.def)             Requested size: 500.484pt x 230.99193pt.
[44 <../../AppData/Local/Temp/Rtmpm2m2kV/file48205756610e.png>]
<../../AppData/Local/Temp/Rtmpm2m2kV/file482020dd5ae.png, id=444, 469.755pt x 180.675pt>
File: ../../AppData/Local/Temp/Rtmpm2m2kV/file482020dd5ae.png Graphic file (type png)
<use ../../AppData/Local/Temp/Rtmpm2m2kV/file482020dd5ae.png>
Package pdftex.def Info: ../../AppData/Local/Temp/Rtmpm2m2kV/file482020dd5ae.png  used on input line 1479.
(pdftex.def)             Requested size: 500.484pt x 192.49326pt.
<../../AppData/Local/Temp/Rtmpm2m2kV/file48201d4122f1.png, id=447, 469.755pt x 180.675pt>
File: ../../AppData/Local/Temp/Rtmpm2m2kV/file48201d4122f1.png Graphic file (type png)
<use ../../AppData/Local/Temp/Rtmpm2m2kV/file48201d4122f1.png>
Package pdftex.def Info: ../../AppData/Local/Temp/Rtmpm2m2kV/file48201d4122f1.png  used on input line 1490.
(pdftex.def)             Requested size: 500.484pt x 192.49326pt.
[45 <../../AppData/Local/Temp/Rtmpm2m2kV/file48203d0631b2.png> <../../AppData/Local/Temp/Rtmpm2m2kV/file482020dd5ae.png>] [46 <../../AppData/Local/Temp/Rtmpm2m2kV/file48201d4122f1.png>]
<../../AppData/Local/Temp/Rtmpm2m2kV/file4820645e4bfb.png, id=475, 469.755pt x 361.35pt>
File: ../../AppData/Local/Temp/Rtmpm2m2kV/file4820645e4bfb.png Graphic file (type png)
<use ../../AppData/Local/Temp/Rtmpm2m2kV/file4820645e4bfb.png>
Package pdftex.def Info: ../../AppData/Local/Temp/Rtmpm2m2kV/file4820645e4bfb.png  used on input line 1527.
(pdftex.def)             Requested size: 500.484pt x 384.98656pt.
[47]
<../../AppData/Local/Temp/Rtmpm2m2kV/file4820173178f0.png, id=484, 469.755pt x 144.54pt>
File: ../../AppData/Local/Temp/Rtmpm2m2kV/file4820173178f0.png Graphic file (type png)
<use ../../AppData/Local/Temp/Rtmpm2m2kV/file4820173178f0.png>
Package pdftex.def Info: ../../AppData/Local/Temp/Rtmpm2m2kV/file4820173178f0.png  used on input line 1536.
(pdftex.def)             Requested size: 500.484pt x 153.9946pt.
<../../AppData/Local/Temp/Rtmpm2m2kV/file482039464bbd.png, id=485, 469.755pt x 144.54pt>
File: ../../AppData/Local/Temp/Rtmpm2m2kV/file482039464bbd.png Graphic file (type png)
<use ../../AppData/Local/Temp/Rtmpm2m2kV/file482039464bbd.png>
Package pdftex.def Info: ../../AppData/Local/Temp/Rtmpm2m2kV/file482039464bbd.png  used on input line 1545.
(pdftex.def)             Requested size: 500.484pt x 153.9946pt.
[48 <../../AppData/Local/Temp/Rtmpm2m2kV/file4820645e4bfb.png> <../../AppData/Local/Temp/Rtmpm2m2kV/file4820173178f0.png>]
<../../AppData/Local/Temp/Rtmpm2m2kV/file482029832fb7.png, id=498, 469.755pt x 180.675pt>
File: ../../AppData/Local/Temp/Rtmpm2m2kV/file482029832fb7.png Graphic file (type png)
<use ../../AppData/Local/Temp/Rtmpm2m2kV/file482029832fb7.png>
Package pdftex.def Info: ../../AppData/Local/Temp/Rtmpm2m2kV/file482029832fb7.png  used on input line 1560.
(pdftex.def)             Requested size: 500.484pt x 192.49326pt.
<../../AppData/Local/Temp/Rtmpm2m2kV/file48205b847320.png, id=499, 469.755pt x 216.81pt>
File: ../../AppData/Local/Temp/Rtmpm2m2kV/file48205b847320.png Graphic file (type png)
<use ../../AppData/Local/Temp/Rtmpm2m2kV/file48205b847320.png>
Package pdftex.def Info: ../../AppData/Local/Temp/Rtmpm2m2kV/file48205b847320.png  used on input line 1569.
(pdftex.def)             Requested size: 500.484pt x 230.99193pt.
[49 <../../AppData/Local/Temp/Rtmpm2m2kV/file482039464bbd.png> <../../AppData/Local/Temp/Rtmpm2m2kV/file482029832fb7.png>]
<../../AppData/Local/Temp/Rtmpm2m2kV/file48202d3b4bc4.png, id=507, 469.755pt x 216.81pt>
File: ../../AppData/Local/Temp/Rtmpm2m2kV/file48202d3b4bc4.png Graphic file (type png)
<use ../../AppData/Local/Temp/Rtmpm2m2kV/file48202d3b4bc4.png>
Package pdftex.def Info: ../../AppData/Local/Temp/Rtmpm2m2kV/file48202d3b4bc4.png  used on input line 1578.
(pdftex.def)             Requested size: 500.484pt x 230.99193pt.
[50 <../../AppData/Local/Temp/Rtmpm2m2kV/file48205b847320.png> <../../AppData/Local/Temp/Rtmpm2m2kV/file48202d3b4bc4.png>]
<../../AppData/Local/Temp/Rtmpm2m2kV/file482072325ec0.png, id=516, 469.755pt x 252.945pt>
File: ../../AppData/Local/Temp/Rtmpm2m2kV/file482072325ec0.png Graphic file (type png)
<use ../../AppData/Local/Temp/Rtmpm2m2kV/file482072325ec0.png>
Package pdftex.def Info: ../../AppData/Local/Temp/Rtmpm2m2kV/file482072325ec0.png  used on input line 1591.
(pdftex.def)             Requested size: 500.484pt x 269.49059pt.
<../../AppData/Local/Temp/Rtmpm2m2kV/file4820177323a.png, id=517, 469.755pt x 252.945pt>
File: ../../AppData/Local/Temp/Rtmpm2m2kV/file4820177323a.png Graphic file (type png)
<use ../../AppData/Local/Temp/Rtmpm2m2kV/file4820177323a.png>
Package pdftex.def Info: ../../AppData/Local/Temp/Rtmpm2m2kV/file4820177323a.png  used on input line 1600.
(pdftex.def)             Requested size: 500.484pt x 269.49059pt.
[51 <../../AppData/Local/Temp/Rtmpm2m2kV/file482072325ec0.png>] [52 <../../AppData/Local/Temp/Rtmpm2m2kV/file4820177323a.png>]
<../../AppData/Local/Temp/Rtmpm2m2kV/file482032733ec8.png, id=538, 469.755pt x 144.54pt>
File: ../../AppData/Local/Temp/Rtmpm2m2kV/file482032733ec8.png Graphic file (type png)
<use ../../AppData/Local/Temp/Rtmpm2m2kV/file482032733ec8.png>
Package pdftex.def Info: ../../AppData/Local/Temp/Rtmpm2m2kV/file482032733ec8.png  used on input line 1629.
(pdftex.def)             Requested size: 500.484pt x 153.9946pt.
<../../AppData/Local/Temp/Rtmpm2m2kV/file4820697e7ed2.png, id=539, 469.755pt x 144.54pt>
File: ../../AppData/Local/Temp/Rtmpm2m2kV/file4820697e7ed2.png Graphic file (type png)
<use ../../AppData/Local/Temp/Rtmpm2m2kV/file4820697e7ed2.png>
Package pdftex.def Info: ../../AppData/Local/Temp/Rtmpm2m2kV/file4820697e7ed2.png  used on input line 1638.
(pdftex.def)             Requested size: 500.484pt x 153.9946pt.
[53 <../../AppData/Local/Temp/Rtmpm2m2kV/file482032733ec8.png>]
<../../AppData/Local/Temp/Rtmpm2m2kV/file48203cd219aa.png, id=548, 469.755pt x 289.08pt>
File: ../../AppData/Local/Temp/Rtmpm2m2kV/file48203cd219aa.png Graphic file (type png)
<use ../../AppData/Local/Temp/Rtmpm2m2kV/file48203cd219aa.png>
Package pdftex.def Info: ../../AppData/Local/Temp/Rtmpm2m2kV/file48203cd219aa.png  used on input line 1651.
(pdftex.def)             Requested size: 500.484pt x 307.98923pt.
[54 <../../AppData/Local/Temp/Rtmpm2m2kV/file4820697e7ed2.png> <../../AppData/Local/Temp/Rtmpm2m2kV/file48203cd219aa.png>]
<../../AppData/Local/Temp/Rtmpm2m2kV/file48206c88392d.png, id=555, 469.755pt x 252.945pt>
File: ../../AppData/Local/Temp/Rtmpm2m2kV/file48206c88392d.png Graphic file (type png)
<use ../../AppData/Local/Temp/Rtmpm2m2kV/file48206c88392d.png>
Package pdftex.def Info: ../../AppData/Local/Temp/Rtmpm2m2kV/file48206c88392d.png  used on input line 1664.
(pdftex.def)             Requested size: 500.484pt x 269.49059pt.
<../../AppData/Local/Temp/Rtmpm2m2kV/file482059745115.png, id=556, 469.755pt x 252.945pt>
File: ../../AppData/Local/Temp/Rtmpm2m2kV/file482059745115.png Graphic file (type png)
<use ../../AppData/Local/Temp/Rtmpm2m2kV/file482059745115.png>
Package pdftex.def Info: ../../AppData/Local/Temp/Rtmpm2m2kV/file482059745115.png  used on input line 1672.
(pdftex.def)             Requested size: 500.484pt x 269.49059pt.
[55 <../../AppData/Local/Temp/Rtmpm2m2kV/file48206c88392d.png>]
<../../AppData/Local/Temp/Rtmpm2m2kV/file482067fb43f8.png, id=565, 469.755pt x 252.945pt>
File: ../../AppData/Local/Temp/Rtmpm2m2kV/file482067fb43f8.png Graphic file (type png)
<use ../../AppData/Local/Temp/Rtmpm2m2kV/file482067fb43f8.png>
Package pdftex.def Info: ../../AppData/Local/Temp/Rtmpm2m2kV/file482067fb43f8.png  used on input line 1683.
(pdftex.def)             Requested size: 500.484pt x 269.49059pt.
[56 <../../AppData/Local/Temp/Rtmpm2m2kV/file482059745115.png>]
<../../AppData/Local/Temp/Rtmpm2m2kV/file4820eb168ee.png, id=573, 469.755pt x 252.945pt>
File: ../../AppData/Local/Temp/Rtmpm2m2kV/file4820eb168ee.png Graphic file (type png)
<use ../../AppData/Local/Temp/Rtmpm2m2kV/file4820eb168ee.png>
Package pdftex.def Info: ../../AppData/Local/Temp/Rtmpm2m2kV/file4820eb168ee.png  used on input line 1692.
(pdftex.def)             Requested size: 500.484pt x 269.49059pt.
[57 <../../AppData/Local/Temp/Rtmpm2m2kV/file482067fb43f8.png> <../../AppData/Local/Temp/Rtmpm2m2kV/file4820eb168ee.png>] [58]
<../../AppData/Local/Temp/Rtmpm2m2kV/file48201f1839f6.png, id=594, 469.755pt x 252.945pt>
File: ../../AppData/Local/Temp/Rtmpm2m2kV/file48201f1839f6.png Graphic file (type png)
<use ../../AppData/Local/Temp/Rtmpm2m2kV/file48201f1839f6.png>
Package pdftex.def Info: ../../AppData/Local/Temp/Rtmpm2m2kV/file48201f1839f6.png  used on input line 1731.
(pdftex.def)             Requested size: 500.484pt x 269.49059pt.
<../../AppData/Local/Temp/Rtmpm2m2kV/file482020c2e5a.png, id=595, 542.025pt x 289.08pt>
File: ../../AppData/Local/Temp/Rtmpm2m2kV/file482020c2e5a.png Graphic file (type png)
<use ../../AppData/Local/Temp/Rtmpm2m2kV/file482020c2e5a.png>
Package pdftex.def Info: ../../AppData/Local/Temp/Rtmpm2m2kV/file482020c2e5a.png  used on input line 1740.
(pdftex.def)             Requested size: 500.484pt x 266.93605pt.
[59 <../../AppData/Local/Temp/Rtmpm2m2kV/file48201f1839f6.png>]
<../../AppData/Local/Temp/Rtmpm2m2kV/file4820195a5498.png, id=607, 469.755pt x 252.945pt>
File: ../../AppData/Local/Temp/Rtmpm2m2kV/file4820195a5498.png Graphic file (type png)
<use ../../AppData/Local/Temp/Rtmpm2m2kV/file4820195a5498.png>
Package pdftex.def Info: ../../AppData/Local/Temp/Rtmpm2m2kV/file4820195a5498.png  used on input line 1749.
(pdftex.def)             Requested size: 500.484pt x 269.49059pt.
[60 <../../AppData/Local/Temp/Rtmpm2m2kV/file482020c2e5a.png> <../../AppData/Local/Temp/Rtmpm2m2kV/file4820195a5498.png>]
<../../AppData/Local/Temp/Rtmpm2m2kV/file4820216f2b21.png, id=616, 469.755pt x 198.7425pt>
File: ../../AppData/Local/Temp/Rtmpm2m2kV/file4820216f2b21.png Graphic file (type png)
<use ../../AppData/Local/Temp/Rtmpm2m2kV/file4820216f2b21.png>
Package pdftex.def Info: ../../AppData/Local/Temp/Rtmpm2m2kV/file4820216f2b21.png  used on input line 1762.
(pdftex.def)             Requested size: 500.484pt x 211.74258pt.
<../../AppData/Local/Temp/Rtmpm2m2kV/file4820e1226f8.png, id=622, 469.755pt x 216.81pt>
File: ../../AppData/Local/Temp/Rtmpm2m2kV/file4820e1226f8.png Graphic file (type png)
<use ../../AppData/Local/Temp/Rtmpm2m2kV/file4820e1226f8.png>
Package pdftex.def Info: ../../AppData/Local/Temp/Rtmpm2m2kV/file4820e1226f8.png  used on input line 1773.
(pdftex.def)             Requested size: 500.484pt x 230.99193pt.
[61 <../../AppData/Local/Temp/Rtmpm2m2kV/file4820216f2b21.png>]
<../../AppData/Local/Temp/Rtmpm2m2kV/file48204ac16d67.png, id=633, 469.755pt x 216.81pt>
File: ../../AppData/Local/Temp/Rtmpm2m2kV/file48204ac16d67.png Graphic file (type png)
<use ../../AppData/Local/Temp/Rtmpm2m2kV/file48204ac16d67.png>
Package pdftex.def Info: ../../AppData/Local/Temp/Rtmpm2m2kV/file48204ac16d67.png  used on input line 1782.
(pdftex.def)             Requested size: 500.484pt x 230.99193pt.
<../../AppData/Local/Temp/Rtmpm2m2kV/file482027f81463.png, id=634, 469.755pt x 216.81pt>
File: ../../AppData/Local/Temp/Rtmpm2m2kV/file482027f81463.png Graphic file (type png)
<use ../../AppData/Local/Temp/Rtmpm2m2kV/file482027f81463.png>
Package pdftex.def Info: ../../AppData/Local/Temp/Rtmpm2m2kV/file482027f81463.png  used on input line 1791.
(pdftex.def)             Requested size: 500.484pt x 230.99193pt.
[62 <../../AppData/Local/Temp/Rtmpm2m2kV/file4820e1226f8.png> <../../AppData/Local/Temp/Rtmpm2m2kV/file48204ac16d67.png>]
<../../AppData/Local/Temp/Rtmpm2m2kV/file482054403563.png, id=644, 469.755pt x 216.81pt>
File: ../../AppData/Local/Temp/Rtmpm2m2kV/file482054403563.png Graphic file (type png)
<use ../../AppData/Local/Temp/Rtmpm2m2kV/file482054403563.png>
Package pdftex.def Info: ../../AppData/Local/Temp/Rtmpm2m2kV/file482054403563.png  used on input line 1802.
(pdftex.def)             Requested size: 500.484pt x 230.99193pt.
<../../AppData/Local/Temp/Rtmpm2m2kV/file48204826526e.png, id=645, 469.755pt x 216.81pt>
File: ../../AppData/Local/Temp/Rtmpm2m2kV/file48204826526e.png Graphic file (type png)
<use ../../AppData/Local/Temp/Rtmpm2m2kV/file48204826526e.png>
Package pdftex.def Info: ../../AppData/Local/Temp/Rtmpm2m2kV/file48204826526e.png  used on input line 1811.
(pdftex.def)             Requested size: 500.484pt x 230.99193pt.
[63 <../../AppData/Local/Temp/Rtmpm2m2kV/file482027f81463.png> <../../AppData/Local/Temp/Rtmpm2m2kV/file482054403563.png>]
<../../AppData/Local/Temp/Rtmpm2m2kV/file48201730ca2.png, id=654, 469.755pt x 180.675pt>
File: ../../AppData/Local/Temp/Rtmpm2m2kV/file48201730ca2.png Graphic file (type png)
<use ../../AppData/Local/Temp/Rtmpm2m2kV/file48201730ca2.png>
Package pdftex.def Info: ../../AppData/Local/Temp/Rtmpm2m2kV/file48201730ca2.png  used on input line 1822.
(pdftex.def)             Requested size: 500.484pt x 192.49326pt.
<../../AppData/Local/Temp/Rtmpm2m2kV/file4820338f6b1.png, id=655, 469.755pt x 180.675pt>
File: ../../AppData/Local/Temp/Rtmpm2m2kV/file4820338f6b1.png Graphic file (type png)
<use ../../AppData/Local/Temp/Rtmpm2m2kV/file4820338f6b1.png>
Package pdftex.def Info: ../../AppData/Local/Temp/Rtmpm2m2kV/file4820338f6b1.png  used on input line 1831.
(pdftex.def)             Requested size: 500.484pt x 192.49326pt.
[64 <../../AppData/Local/Temp/Rtmpm2m2kV/file48204826526e.png> <../../AppData/Local/Temp/Rtmpm2m2kV/file48201730ca2.png>]
<../../AppData/Local/Temp/Rtmpm2m2kV/file48203d7353a.png, id=664, 469.755pt x 289.08pt>
File: ../../AppData/Local/Temp/Rtmpm2m2kV/file48203d7353a.png Graphic file (type png)
<use ../../AppData/Local/Temp/Rtmpm2m2kV/file48203d7353a.png>
Package pdftex.def Info: ../../AppData/Local/Temp/Rtmpm2m2kV/file48203d7353a.png  used on input line 1842.
(pdftex.def)             Requested size: 500.484pt x 307.98923pt.
[65 <../../AppData/Local/Temp/Rtmpm2m2kV/file4820338f6b1.png>] [66 <../../AppData/Local/Temp/Rtmpm2m2kV/file48203d7353a.png>]
<../../AppData/Local/Temp/Rtmpm2m2kV/file4820c503846.png, id=684, 469.755pt x 289.08pt>
File: ../../AppData/Local/Temp/Rtmpm2m2kV/file4820c503846.png Graphic file (type png)
<use ../../AppData/Local/Temp/Rtmpm2m2kV/file4820c503846.png>
Package pdftex.def Info: ../../AppData/Local/Temp/Rtmpm2m2kV/file4820c503846.png  used on input line 1869.
(pdftex.def)             Requested size: 500.484pt x 307.98923pt.
[67 <../../AppData/Local/Temp/Rtmpm2m2kV/file4820c503846.png>]
<../../AppData/Local/Temp/Rtmpm2m2kV/file482035cd54.png, id=696, 469.755pt x 180.675pt>
File: ../../AppData/Local/Temp/Rtmpm2m2kV/file482035cd54.png Graphic file (type png)
<use ../../AppData/Local/Temp/Rtmpm2m2kV/file482035cd54.png>
Package pdftex.def Info: ../../AppData/Local/Temp/Rtmpm2m2kV/file482035cd54.png  used on input line 1890.
(pdftex.def)             Requested size: 500.484pt x 192.49326pt.
[68 <../../AppData/Local/Temp/Rtmpm2m2kV/file482035cd54.png>]
<../../AppData/Local/Temp/Rtmpm2m2kV/file482016a59fa.png, id=707, 469.755pt x 180.675pt>
File: ../../AppData/Local/Temp/Rtmpm2m2kV/file482016a59fa.png Graphic file (type png)
<use ../../AppData/Local/Temp/Rtmpm2m2kV/file482016a59fa.png>
Package pdftex.def Info: ../../AppData/Local/Temp/Rtmpm2m2kV/file482016a59fa.png  used on input line 1903.
(pdftex.def)             Requested size: 500.484pt x 192.49326pt.
<../../AppData/Local/Temp/Rtmpm2m2kV/file482017763f6c.png, id=710, 469.755pt x 289.08pt>
File: ../../AppData/Local/Temp/Rtmpm2m2kV/file482017763f6c.png Graphic file (type png)
<use ../../AppData/Local/Temp/Rtmpm2m2kV/file482017763f6c.png>
Package pdftex.def Info: ../../AppData/Local/Temp/Rtmpm2m2kV/file482017763f6c.png  used on input line 1914.
(pdftex.def)             Requested size: 500.484pt x 307.98923pt.
[69 <../../AppData/Local/Temp/Rtmpm2m2kV/file482016a59fa.png>]
<../../AppData/Local/Temp/Rtmpm2m2kV/file4820468e4274.png, id=720, 469.755pt x 180.675pt>
File: ../../AppData/Local/Temp/Rtmpm2m2kV/file4820468e4274.png Graphic file (type png)
<use ../../AppData/Local/Temp/Rtmpm2m2kV/file4820468e4274.png>
Package pdftex.def Info: ../../AppData/Local/Temp/Rtmpm2m2kV/file4820468e4274.png  used on input line 1925.
(pdftex.def)             Requested size: 500.484pt x 192.49326pt.
[70 <../../AppData/Local/Temp/Rtmpm2m2kV/file482017763f6c.png>]
<../../AppData/Local/Temp/Rtmpm2m2kV/file482046b51323.png, id=729, 469.755pt x 505.89pt>
File: ../../AppData/Local/Temp/Rtmpm2m2kV/file482046b51323.png Graphic file (type png)
<use ../../AppData/Local/Temp/Rtmpm2m2kV/file482046b51323.png>
Package pdftex.def Info: ../../AppData/Local/Temp/Rtmpm2m2kV/file482046b51323.png  used on input line 1936.
(pdftex.def)             Requested size: 500.484pt x 538.98117pt.
[71 <../../AppData/Local/Temp/Rtmpm2m2kV/file4820468e4274.png>] [72 <../../AppData/Local/Temp/Rtmpm2m2kV/file482046b51323.png>] [73]
<../../AppData/Local/Temp/Rtmpm2m2kV/file482038ce629f.png, id=749, 469.755pt x 542.025pt>
File: ../../AppData/Local/Temp/Rtmpm2m2kV/file482038ce629f.png Graphic file (type png)
<use ../../AppData/Local/Temp/Rtmpm2m2kV/file482038ce629f.png>
Package pdftex.def Info: ../../AppData/Local/Temp/Rtmpm2m2kV/file482038ce629f.png  used on input line 1961.
(pdftex.def)             Requested size: 500.484pt x 577.47983pt.
[74] [75 <../../AppData/Local/Temp/Rtmpm2m2kV/file482038ce629f.png>]
<../../AppData/Local/Temp/Rtmpm2m2kV/file482075be39e2.png, id=761, 469.755pt x 361.35pt>
File: ../../AppData/Local/Temp/Rtmpm2m2kV/file482075be39e2.png Graphic file (type png)
<use ../../AppData/Local/Temp/Rtmpm2m2kV/file482075be39e2.png>
Package pdftex.def Info: ../../AppData/Local/Temp/Rtmpm2m2kV/file482075be39e2.png  used on input line 1972.
(pdftex.def)             Requested size: 500.484pt x 384.98656pt.
[76 <../../AppData/Local/Temp/Rtmpm2m2kV/file482075be39e2.png>]
<../../AppData/Local/Temp/Rtmpm2m2kV/file4820792911d.png, id=770, 1011.78pt x 614.295pt>
File: ../../AppData/Local/Temp/Rtmpm2m2kV/file4820792911d.png Graphic file (type png)
<use ../../AppData/Local/Temp/Rtmpm2m2kV/file4820792911d.png>
Package pdftex.def Info: ../../AppData/Local/Temp/Rtmpm2m2kV/file4820792911d.png  used on input line 1993.
(pdftex.def)             Requested size: 500.484pt x 303.86606pt.
[77 <../../AppData/Local/Temp/Rtmpm2m2kV/file4820792911d.png>]
<../../AppData/Local/Temp/Rtmpm2m2kV/file48205aa4a5.png, id=780, 469.755pt x 180.675pt>
File: ../../AppData/Local/Temp/Rtmpm2m2kV/file48205aa4a5.png Graphic file (type png)
<use ../../AppData/Local/Temp/Rtmpm2m2kV/file48205aa4a5.png>
Package pdftex.def Info: ../../AppData/Local/Temp/Rtmpm2m2kV/file48205aa4a5.png  used on input line 2006.
(pdftex.def)             Requested size: 500.484pt x 192.49326pt.
<../../AppData/Local/Temp/Rtmpm2m2kV/file48206db57d5a.png, id=783, 469.755pt x 289.08pt>
File: ../../AppData/Local/Temp/Rtmpm2m2kV/file48206db57d5a.png Graphic file (type png)
<use ../../AppData/Local/Temp/Rtmpm2m2kV/file48206db57d5a.png>
Package pdftex.def Info: ../../AppData/Local/Temp/Rtmpm2m2kV/file48206db57d5a.png  used on input line 2017.
(pdftex.def)             Requested size: 500.484pt x 307.98923pt.
[78 <../../AppData/Local/Temp/Rtmpm2m2kV/file48205aa4a5.png>]
<../../AppData/Local/Temp/Rtmpm2m2kV/file4820e076ec1.png, id=795, 469.755pt x 361.35pt>
File: ../../AppData/Local/Temp/Rtmpm2m2kV/file4820e076ec1.png Graphic file (type png)
<use ../../AppData/Local/Temp/Rtmpm2m2kV/file4820e076ec1.png>
Package pdftex.def Info: ../../AppData/Local/Temp/Rtmpm2m2kV/file4820e076ec1.png  used on input line 2032.
(pdftex.def)             Requested size: 500.484pt x 384.98656pt.
[79 <../../AppData/Local/Temp/Rtmpm2m2kV/file48206db57d5a.png>] [80 <../../AppData/Local/Temp/Rtmpm2m2kV/file4820e076ec1.png>]
<../../AppData/Local/Temp/Rtmpm2m2kV/file482022ee58d0.pdf, id=816, 916.8654pt x 465.9006pt>
File: ../../AppData/Local/Temp/Rtmpm2m2kV/file482022ee58d0.pdf Graphic file (type pdf)
<use ../../AppData/Local/Temp/Rtmpm2m2kV/file482022ee58d0.pdf>
Package pdftex.def Info: ../../AppData/Local/Temp/Rtmpm2m2kV/file482022ee58d0.pdf  used on input line 2049.
(pdftex.def)             Requested size: 500.484pt x 254.31956pt.
<../../AppData/Local/Temp/Rtmpm2m2kV/file48201bde3289.png, id=817, 469.755pt x 289.08pt>
File: ../../AppData/Local/Temp/Rtmpm2m2kV/file48201bde3289.png Graphic file (type png)
<use ../../AppData/Local/Temp/Rtmpm2m2kV/file48201bde3289.png>
Package pdftex.def Info: ../../AppData/Local/Temp/Rtmpm2m2kV/file48201bde3289.png  used on input line 2058.
(pdftex.def)             Requested size: 500.484pt x 307.98923pt.
[81 <../../AppData/Local/Temp/Rtmpm2m2kV/file482022ee58d0.pdf>]
<../../AppData/Local/Temp/Rtmpm2m2kV/file482095139f7.png, id=826, 469.755pt x 252.945pt>
File: ../../AppData/Local/Temp/Rtmpm2m2kV/file482095139f7.png Graphic file (type png)
<use ../../AppData/Local/Temp/Rtmpm2m2kV/file482095139f7.png>
Package pdftex.def Info: ../../AppData/Local/Temp/Rtmpm2m2kV/file482095139f7.png  used on input line 2069.
(pdftex.def)             Requested size: 500.484pt x 269.49059pt.
[82 <../../AppData/Local/Temp/Rtmpm2m2kV/file48201bde3289.png>]
<../../AppData/Local/Temp/Rtmpm2m2kV/file48202eee5b2e.png, id=837, 2975.115pt x 1136.245pt>
File: ../../AppData/Local/Temp/Rtmpm2m2kV/file48202eee5b2e.png Graphic file (type png)
<use ../../AppData/Local/Temp/Rtmpm2m2kV/file48202eee5b2e.png>
Package pdftex.def Info: ../../AppData/Local/Temp/Rtmpm2m2kV/file48202eee5b2e.png  used on input line 2080.
(pdftex.def)             Requested size: 500.484pt x 191.13058pt.
[83 <../../AppData/Local/Temp/Rtmpm2m2kV/file482095139f7.png>] [84{c:/Users/stephanie.owen/AppData/Roaming/TinyTeX/texmf-dist/fonts/enc/dvips/lm/lm-rm.enc} <../../AppData/Local/Temp/Rtmpm2m2kV/file48202eee5b2e.png>]
<../../AppData/Local/Temp/Rtmpm2m2kV/file482051b669bf.png, id=870, 469.755pt x 542.025pt>
File: ../../AppData/Local/Temp/Rtmpm2m2kV/file482051b669bf.png Graphic file (type png)
<use ../../AppData/Local/Temp/Rtmpm2m2kV/file482051b669bf.png>
Package pdftex.def Info: ../../AppData/Local/Temp/Rtmpm2m2kV/file482051b669bf.png  used on input line 2101.
(pdftex.def)             Requested size: 500.484pt x 577.47983pt.
[85]
<../../AppData/Local/Temp/Rtmpm2m2kV/file4820353167.png, id=877, 469.755pt x 144.54pt>
File: ../../AppData/Local/Temp/Rtmpm2m2kV/file4820353167.png Graphic file (type png)
<use ../../AppData/Local/Temp/Rtmpm2m2kV/file4820353167.png>
Package pdftex.def Info: ../../AppData/Local/Temp/Rtmpm2m2kV/file4820353167.png  used on input line 2110.
(pdftex.def)             Requested size: 500.484pt x 153.9946pt.
[86 <../../AppData/Local/Temp/Rtmpm2m2kV/file482051b669bf.png>]
<../../AppData/Local/Temp/Rtmpm2m2kV/file4820cf45f8.png, id=882, 469.755pt x 216.81pt>
File: ../../AppData/Local/Temp/Rtmpm2m2kV/file4820cf45f8.png Graphic file (type png)
<use ../../AppData/Local/Temp/Rtmpm2m2kV/file4820cf45f8.png>
Package pdftex.def Info: ../../AppData/Local/Temp/Rtmpm2m2kV/file4820cf45f8.png  used on input line 2119.
(pdftex.def)             Requested size: 500.484pt x 230.99193pt.
<../../AppData/Local/Temp/Rtmpm2m2kV/file4820d30207c.png, id=886, 469.755pt x 505.89pt>
File: ../../AppData/Local/Temp/Rtmpm2m2kV/file4820d30207c.png Graphic file (type png)
<use ../../AppData/Local/Temp/Rtmpm2m2kV/file4820d30207c.png>
Package pdftex.def Info: ../../AppData/Local/Temp/Rtmpm2m2kV/file4820d30207c.png  used on input line 2130.
(pdftex.def)             Requested size: 500.484pt x 538.98117pt.
[87 <../../AppData/Local/Temp/Rtmpm2m2kV/file4820353167.png> <../../AppData/Local/Temp/Rtmpm2m2kV/file4820cf45f8.png>] [88 <../../AppData/Local/Temp/Rtmpm2m2kV/file4820d30207c.png>]
<../../AppData/Local/Temp/Rtmpm2m2kV/file4820527b1d6c.png, id=900, 4215.75pt x 5119.125pt>
File: ../../AppData/Local/Temp/Rtmpm2m2kV/file4820527b1d6c.png Graphic file (type png)
<use ../../AppData/Local/Temp/Rtmpm2m2kV/file4820527b1d6c.png>
Package pdftex.def Info: ../../AppData/Local/Temp/Rtmpm2m2kV/file4820527b1d6c.png  used on input line 2155.
(pdftex.def)             Requested size: 500.484pt x 607.70714pt.
[89]
<../../AppData/Local/Temp/Rtmpm2m2kV/file482052757102.png, id=906, 469.755pt x 252.945pt>
File: ../../AppData/Local/Temp/Rtmpm2m2kV/file482052757102.png Graphic file (type png)
<use ../../AppData/Local/Temp/Rtmpm2m2kV/file482052757102.png>
Package pdftex.def Info: ../../AppData/Local/Temp/Rtmpm2m2kV/file482052757102.png  used on input line 2164.
(pdftex.def)             Requested size: 500.484pt x 269.49059pt.
[90 <../../AppData/Local/Temp/Rtmpm2m2kV/file4820527b1d6c.png>]
<../../AppData/Local/Temp/Rtmpm2m2kV/file482060fa3e44.png, id=918, 469.755pt x 289.08pt>
File: ../../AppData/Local/Temp/Rtmpm2m2kV/file482060fa3e44.png Graphic file (type png)
<use ../../AppData/Local/Temp/Rtmpm2m2kV/file482060fa3e44.png>
Package pdftex.def Info: ../../AppData/Local/Temp/Rtmpm2m2kV/file482060fa3e44.png  used on input line 2181.
(pdftex.def)             Requested size: 500.484pt x 307.98923pt.
[91 <../../AppData/Local/Temp/Rtmpm2m2kV/file482052757102.png>]
<../../AppData/Local/Temp/Rtmpm2m2kV/file48203d763012.png, id=930, 469.755pt x 361.35pt>
File: ../../AppData/Local/Temp/Rtmpm2m2kV/file48203d763012.png Graphic file (type png)
<use ../../AppData/Local/Temp/Rtmpm2m2kV/file48203d763012.png>
Package pdftex.def Info: ../../AppData/Local/Temp/Rtmpm2m2kV/file48203d763012.png  used on input line 2199.
(pdftex.def)             Requested size: 500.484pt x 384.98656pt.
[92 <../../AppData/Local/Temp/Rtmpm2m2kV/file482060fa3e44.png>]
<../../AppData/Local/Temp/Rtmpm2m2kV/file48201039aaf.png, id=937, 469.755pt x 289.08pt>
File: ../../AppData/Local/Temp/Rtmpm2m2kV/file48201039aaf.png Graphic file (type png)
<use ../../AppData/Local/Temp/Rtmpm2m2kV/file48201039aaf.png>
Package pdftex.def Info: ../../AppData/Local/Temp/Rtmpm2m2kV/file48201039aaf.png  used on input line 2208.
(pdftex.def)             Requested size: 500.484pt x 307.98923pt.
[93 <../../AppData/Local/Temp/Rtmpm2m2kV/file48203d763012.png>] [94 <../../AppData/Local/Temp/Rtmpm2m2kV/file48201039aaf.png>]
<../../AppData/Local/Temp/Rtmpm2m2kV/file482034c25a68.pdf, id=957, 916.8654pt x 465.9006pt>
File: ../../AppData/Local/Temp/Rtmpm2m2kV/file482034c25a68.pdf Graphic file (type pdf)
<use ../../AppData/Local/Temp/Rtmpm2m2kV/file482034c25a68.pdf>
Package pdftex.def Info: ../../AppData/Local/Temp/Rtmpm2m2kV/file482034c25a68.pdf  used on input line 2227.
(pdftex.def)             Requested size: 500.484pt x 254.31956pt.
<../../AppData/Local/Temp/Rtmpm2m2kV/file48205647f70.png, id=958, 469.755pt x 289.08pt>
File: ../../AppData/Local/Temp/Rtmpm2m2kV/file48205647f70.png Graphic file (type png)
<use ../../AppData/Local/Temp/Rtmpm2m2kV/file48205647f70.png>
Package pdftex.def Info: ../../AppData/Local/Temp/Rtmpm2m2kV/file48205647f70.png  used on input line 2236.
(pdftex.def)             Requested size: 500.484pt x 307.98923pt.
[95 <../../AppData/Local/Temp/Rtmpm2m2kV/file482034c25a68.pdf>]
<../../AppData/Local/Temp/Rtmpm2m2kV/file48205626f.png, id=967, 469.755pt x 252.945pt>
File: ../../AppData/Local/Temp/Rtmpm2m2kV/file48205626f.png Graphic file (type png)
<use ../../AppData/Local/Temp/Rtmpm2m2kV/file48205626f.png>
Package pdftex.def Info: ../../AppData/Local/Temp/Rtmpm2m2kV/file48205626f.png  used on input line 2247.
(pdftex.def)             Requested size: 500.484pt x 269.49059pt.
[96 <../../AppData/Local/Temp/Rtmpm2m2kV/file48205647f70.png>]
<../../AppData/Local/Temp/Rtmpm2m2kV/file48204c1141aa.png, id=975, 2975.115pt x 1136.245pt>
File: ../../AppData/Local/Temp/Rtmpm2m2kV/file48204c1141aa.png Graphic file (type png)
<use ../../AppData/Local/Temp/Rtmpm2m2kV/file48204c1141aa.png>
Package pdftex.def Info: ../../AppData/Local/Temp/Rtmpm2m2kV/file48204c1141aa.png  used on input line 2258.
(pdftex.def)             Requested size: 500.484pt x 191.13058pt.
[97 <../../AppData/Local/Temp/Rtmpm2m2kV/file48205626f.png>] [98 <../../AppData/Local/Temp/Rtmpm2m2kV/file48204c1141aa.png>]
<../../AppData/Local/Temp/Rtmpm2m2kV/file48205c6369a9.png, id=999, 614.295pt x 794.97pt>
File: ../../AppData/Local/Temp/Rtmpm2m2kV/file48205c6369a9.png Graphic file (type png)
<use ../../AppData/Local/Temp/Rtmpm2m2kV/file48205c6369a9.png>
Package pdftex.def Info: ../../AppData/Local/Temp/Rtmpm2m2kV/file48205c6369a9.png  used on input line 2295.
(pdftex.def)             Requested size: 450.43253pt x 582.91916pt.
[99] [100 <../../AppData/Local/Temp/Rtmpm2m2kV/file48205c6369a9.png>]
<../../AppData/Local/Temp/Rtmpm2m2kV/file482057263274.png, id=1014, 469.755pt x 216.81pt>
File: ../../AppData/Local/Temp/Rtmpm2m2kV/file482057263274.png Graphic file (type png)
<use ../../AppData/Local/Temp/Rtmpm2m2kV/file482057263274.png>
Package pdftex.def Info: ../../AppData/Local/Temp/Rtmpm2m2kV/file482057263274.png  used on input line 2308.
(pdftex.def)             Requested size: 500.484pt x 230.99193pt.
[101 <../../AppData/Local/Temp/Rtmpm2m2kV/file482057263274.png>]
<../../AppData/Local/Temp/Rtmpm2m2kV/file4820541d3c91.png, id=1025, 469.755pt x 505.89pt>
File: ../../AppData/Local/Temp/Rtmpm2m2kV/file4820541d3c91.png Graphic file (type png)
<use ../../AppData/Local/Temp/Rtmpm2m2kV/file4820541d3c91.png>
Package pdftex.def Info: ../../AppData/Local/Temp/Rtmpm2m2kV/file4820541d3c91.png  used on input line 2423.
(pdftex.def)             Requested size: 500.484pt x 538.98117pt.

Underfull \hbox (badness 10000) in paragraph at lines 2423--2424

 []

[102 <../../AppData/Local/Temp/Rtmpm2m2kV/file4820541d3c91.png>]
<../../AppData/Local/Temp/Rtmpm2m2kV/file48204523211f.png, id=1033, 469.755pt x 361.1091pt>
File: ../../AppData/Local/Temp/Rtmpm2m2kV/file48204523211f.png Graphic file (type png)
<use ../../AppData/Local/Temp/Rtmpm2m2kV/file48204523211f.png>
Package pdftex.def Info: ../../AppData/Local/Temp/Rtmpm2m2kV/file48204523211f.png  used on input line 2432.
(pdftex.def)             Requested size: 500.484pt x 384.72989pt.

Underfull \hbox (badness 10000) in paragraph at lines 2432--2433

 []

[103 <../../AppData/Local/Temp/Rtmpm2m2kV/file48204523211f.png>]
<../../AppData/Local/Temp/Rtmpm2m2kV/file482011f27b81.png, id=1043, 469.755pt x 216.81pt>
File: ../../AppData/Local/Temp/Rtmpm2m2kV/file482011f27b81.png Graphic file (type png)
<use ../../AppData/Local/Temp/Rtmpm2m2kV/file482011f27b81.png>
Package pdftex.def Info: ../../AppData/Local/Temp/Rtmpm2m2kV/file482011f27b81.png  used on input line 2449.
(pdftex.def)             Requested size: 500.484pt x 230.99193pt.
[104 <../../AppData/Local/Temp/Rtmpm2m2kV/file482011f27b81.png>]
<../../AppData/Local/Temp/Rtmpm2m2kV/file482026c395c.png, id=1053, 469.755pt x 471.4413pt>
File: ../../AppData/Local/Temp/Rtmpm2m2kV/file482026c395c.png Graphic file (type png)
<use ../../AppData/Local/Temp/Rtmpm2m2kV/file482026c395c.png>
Package pdftex.def Info: ../../AppData/Local/Temp/Rtmpm2m2kV/file482026c395c.png  used on input line 2562.
(pdftex.def)             Requested size: 500.484pt x 502.27911pt.

Underfull \hbox (badness 10000) in paragraph at lines 2562--2563

 []

[105] [106 <../../AppData/Local/Temp/Rtmpm2m2kV/file482026c395c.png>]
<../../AppData/Local/Temp/Rtmpm2m2kV/file482024d4e4e.png, id=1068, 469.755pt x 361.1091pt>
File: ../../AppData/Local/Temp/Rtmpm2m2kV/file482024d4e4e.png Graphic file (type png)
<use ../../AppData/Local/Temp/Rtmpm2m2kV/file482024d4e4e.png>
Package pdftex.def Info: ../../AppData/Local/Temp/Rtmpm2m2kV/file482024d4e4e.png  used on input line 2573.
(pdftex.def)             Requested size: 500.484pt x 384.72989pt.

Underfull \hbox (badness 10000) in paragraph at lines 2573--2574

 []

[107 <../../AppData/Local/Temp/Rtmpm2m2kV/file482024d4e4e.png>]
<../../AppData/Local/Temp/Rtmpm2m2kV/file48207b36fce.jpg, id=1079, 614.295pt x 794.97pt>
File: ../../AppData/Local/Temp/Rtmpm2m2kV/file48207b36fce.jpg Graphic file (type jpg)
<use ../../AppData/Local/Temp/Rtmpm2m2kV/file48207b36fce.jpg>
Package pdftex.def Info: ../../AppData/Local/Temp/Rtmpm2m2kV/file48207b36fce.jpg  used on input line 2594.
(pdftex.def)             Requested size: 275.26772pt x 356.22905pt.
[108] [109 <../../AppData/Local/Temp/Rtmpm2m2kV/file48207b36fce.jpg>]
<../../AppData/Local/Temp/Rtmpm2m2kV/file48201ad5acc.png, id=1094, 982.6311pt x 481.19775pt>
File: ../../AppData/Local/Temp/Rtmpm2m2kV/file48201ad5acc.png Graphic file (type png)
<use ../../AppData/Local/Temp/Rtmpm2m2kV/file48201ad5acc.png>
Package pdftex.def Info: ../../AppData/Local/Temp/Rtmpm2m2kV/file48201ad5acc.png  used on input line 2621.
(pdftex.def)             Requested size: 500.484pt x 245.08453pt.
<../../AppData/Local/Temp/Rtmpm2m2kV/file4820e717d85.png, id=1098, 433.62pt x 216.81pt>
File: ../../AppData/Local/Temp/Rtmpm2m2kV/file4820e717d85.png Graphic file (type png)
<use ../../AppData/Local/Temp/Rtmpm2m2kV/file4820e717d85.png>
Package pdftex.def Info: ../../AppData/Local/Temp/Rtmpm2m2kV/file4820e717d85.png  used on input line 2632.
(pdftex.def)             Requested size: 500.484pt x 250.25586pt.
[110 <../../AppData/Local/Temp/Rtmpm2m2kV/file48201ad5acc.png>]
<../../AppData/Local/Temp/Rtmpm2m2kV/file48201cf72969.png, id=1107, 982.6311pt x 481.19775pt>
File: ../../AppData/Local/Temp/Rtmpm2m2kV/file48201cf72969.png Graphic file (type png)
<use ../../AppData/Local/Temp/Rtmpm2m2kV/file48201cf72969.png>
Package pdftex.def Info: ../../AppData/Local/Temp/Rtmpm2m2kV/file48201cf72969.png  used on input line 2643.
(pdftex.def)             Requested size: 500.484pt x 245.08453pt.
[111 <../../AppData/Local/Temp/Rtmpm2m2kV/file4820e717d85.png>] [112 <../../AppData/Local/Temp/Rtmpm2m2kV/file48201cf72969.png>]
<../../AppData/Local/Temp/Rtmpm2m2kV/file4820e946d63.png, id=1125, 254.3904pt x 277.39635pt>
File: ../../AppData/Local/Temp/Rtmpm2m2kV/file4820e946d63.png Graphic file (type png)
<use ../../AppData/Local/Temp/Rtmpm2m2kV/file4820e946d63.png>
Package pdftex.def Info: ../../AppData/Local/Temp/Rtmpm2m2kV/file4820e946d63.png  used on input line 2672.
(pdftex.def)             Requested size: 250.24199pt x 272.8878pt.
[113 <../../AppData/Local/Temp/Rtmpm2m2kV/file4820e946d63.png>]
<bothregions_files/figure-latex/docformat-1.pdf, id=1136, 445.665pt x 198.7425pt>
File: bothregions_files/figure-latex/docformat-1.pdf Graphic file (type pdf)
<use bothregions_files/figure-latex/docformat-1.pdf>
Package pdftex.def Info: bothregions_files/figure-latex/docformat-1.pdf  used on input line 2697.
(pdftex.def)             Requested size: 500.484pt x 223.19052pt.
[114]
Overfull \hbox (25.40596pt too wide) in alignment at lines 2718--2726
 [] [] [] [] [] 
 []


Overfull \hbox (25.40596pt too wide) in alignment at lines 2726--2732
 [] [] [] [] [] 
 []


Overfull \hbox (25.40596pt too wide) in alignment at lines 2732--2766
 [] [] [] [] [] 
 []

ignored error: Infinite glue shrinkage found in box being split [115 <./bothregions_files/figure-latex/docformat-1.pdf>] [116] (./bothregions.aux * soulpos - computing points - it may take a few seconds *
\openout3 = `bothregions.upb'.

(./bothregions.upa))
 ***********
LaTeX2e <2025-11-01>
L3 programming layer <2026-01-19>
 ***********

LaTeX Warning: There were undefined references.


LaTeX Warning: There were multiply-defined labels.

 ) 
Here is how much of TeX's memory you used:
 23732 strings out of 467533
 477176 string characters out of 5408559
 921507 words of memory out of 5000000
 51702 multiletter control sequences out of 15000+600000
 721849 words of font info for 224 fonts, out of 8000000 for 9000
 1141 hyphenation exceptions out of 8191
 77i,15n,117p,2696b,716s stack positions out of 10000i,1000n,20000p,200000b,200000s
<c:/Users/stephanie.owen/AppData/Roaming/TinyTeX/texmf-dist/fonts/type1/public/lm/lmbx10.pfb><c:/Users/stephanie.owen/AppData/Roaming/TinyTeX/texmf-dist/fonts/type1/public/lm/lmbx9.pfb><c:/Users/stephanie.owen/AppData/Roaming/TinyTeX/texmf-dist/fonts/type1/public/lm/lmmi6.pfb><c:/Users/stephanie.owen/AppData/Roaming/TinyTeX/texmf-dist/fonts/type1/public/lm/lmmi9.pfb><c:/Users/stephanie.owen/AppData/Roaming/TinyTeX/texmf-dist/fonts/type1/public/lm/lmr10.pfb><c:/Users/stephanie.owen/AppData/Roaming/TinyTeX/texmf-dist/fonts/type1/public/lm/lmr6.pfb><c:/Users/stephanie.owen/AppData/Roaming/TinyTeX/texmf-dist/fonts/type1/public/lm/lmr7.pfb><c:/Users/stephanie.owen/AppData/Roaming/TinyTeX/texmf-dist/fonts/type1/public/lm/lmr8.pfb><c:/Users/stephanie.owen/AppData/Roaming/TinyTeX/texmf-dist/fonts/type1/public/lm/lmr9.pfb><c:/Users/stephanie.owen/AppData/Roaming/TinyTeX/texmf-dist/fonts/type1/public/lm/lmri9.pfb><c:/Users/stephanie.owen/AppData/Roaming/TinyTeX/texmf-dist/fonts/type1/public/lm/lmss10.pfb><c:/Users/stephanie.owen/AppData/Roaming/TinyTeX/texmf-dist/fonts/type1/public/lm/lmss17.pfb><c:/Users/stephanie.owen/AppData/Roaming/TinyTeX/texmf-dist/fonts/type1/public/lm/lmssbx10.pfb>
Output written on bothregions.pdf (113 pages, 25266680 bytes).
PDF statistics:
 1435 PDF objects out of 1440 (max. 8388607)
 1154 compressed objects within 12 object streams
 315 named destinations out of 1000 (max. 500000)
 54153 words of extra memory for PDF output out of 61914 (max. 10000000)

