This is pdfTeX, Version 3.141592653-2.6-1.40.28 (TeX Live 2025) (preloaded format=pdflatex 2026.2.9)  12 FEB 2026 17:49
entering extended mode
 restricted \write18 enabled.
 %&-line parsing enabled.
**SOE2026_MAFMC_IR_V2.tex
(./SOE2026_MAFMC_IR_V2.tex
LaTeX2e <2025-11-01>
L3 programming layer <2026-01-19>
(c:/Users/joseph.caracappa/AppData/Roaming/TinyTeX/texmf-dist/tex/latex/base/article.cls
Document Class: article 2025/01/22 v1.4n Standard LaTeX document class
(c:/Users/joseph.caracappa/AppData/Roaming/TinyTeX/texmf-dist/tex/latex/base/size10.clo
File: size10.clo 2025/01/22 v1.4n Standard LaTeX file (size option)
)
\c@part=\count275
\c@section=\count276
\c@subsection=\count277
\c@subsubsection=\count278
\c@paragraph=\count279
\c@subparagraph=\count280
\c@figure=\count281
\c@table=\count282
\abovecaptionskip=\skip49
\belowcaptionskip=\skip50
\bibindent=\dimen148
) (c:/Users/joseph.caracappa/AppData/Roaming/TinyTeX/texmf-dist/tex/latex/amsmath/amsmath.sty
Package: amsmath 2025/07/09 v2.17z AMS math features
\@mathmargin=\skip51
For additional information on amsmath, use the `?' option.
(c:/Users/joseph.caracappa/AppData/Roaming/TinyTeX/texmf-dist/tex/latex/amsmath/amstext.sty
Package: amstext 2024/11/17 v2.01 AMS text
(c:/Users/joseph.caracappa/AppData/Roaming/TinyTeX/texmf-dist/tex/latex/amsmath/amsgen.sty
File: amsgen.sty 1999/11/30 v2.0 generic functions
\@emptytoks=\toks17
\ex@=\dimen149
)) (c:/Users/joseph.caracappa/AppData/Roaming/TinyTeX/texmf-dist/tex/latex/amsmath/amsbsy.sty
Package: amsbsy 1999/11/29 v1.2d Bold Symbols
\pmbraise@=\dimen150
) (c:/Users/joseph.caracappa/AppData/Roaming/TinyTeX/texmf-dist/tex/latex/amsmath/amsopn.sty
Package: amsopn 2022/04/08 v2.04 operator names
)
\inf@bad=\count283
LaTeX Info: Redefining \frac on input line 233.
\uproot@=\count284
\leftroot@=\count285
LaTeX Info: Redefining \overline on input line 398.
LaTeX Info: Redefining \colon on input line 409.
\classnum@=\count286
\DOTSCASE@=\count287
LaTeX Info: Redefining \ldots on input line 495.
LaTeX Info: Redefining \dots on input line 498.
LaTeX Info: Redefining \cdots on input line 619.
\Mathstrutbox@=\box53
\strutbox@=\box54
LaTeX Info: Redefining \big on input line 721.
LaTeX Info: Redefining \Big on input line 722.
LaTeX Info: Redefining \bigg on input line 723.
LaTeX Info: Redefining \Bigg on input line 724.
\big@size=\dimen151
LaTeX Font Info:    Redeclaring font encoding OML on input line 742.
LaTeX Font Info:    Redeclaring font encoding OMS on input line 743.
\macc@depth=\count288
LaTeX Info: Redefining \bmod on input line 904.
LaTeX Info: Redefining \pmod on input line 909.
LaTeX Info: Redefining \smash on input line 939.
LaTeX Info: Redefining \relbar on input line 969.
LaTeX Info: Redefining \Relbar on input line 970.
\c@MaxMatrixCols=\count289
\dotsspace@=\muskip17
\c@parentequation=\count290
\dspbrk@lvl=\count291
\tag@help=\toks18
\row@=\count292
\column@=\count293
\maxfields@=\count294
\andhelp@=\toks19
\eqnshift@=\dimen152
\alignsep@=\dimen153
\tagshift@=\dimen154
\tagwidth@=\dimen155
\totwidth@=\dimen156
\lineht@=\dimen157
\@envbody=\toks20
\multlinegap=\skip52
\multlinetaggap=\skip53
\mathdisplay@stack=\toks21
LaTeX Info: Redefining \[ on input line 2950.
LaTeX Info: Redefining \] on input line 2951.
) (c:/Users/joseph.caracappa/AppData/Roaming/TinyTeX/texmf-dist/tex/latex/amsfonts/amssymb.sty
Package: amssymb 2013/01/14 v3.01 AMS font symbols
(c:/Users/joseph.caracappa/AppData/Roaming/TinyTeX/texmf-dist/tex/latex/amsfonts/amsfonts.sty
Package: amsfonts 2013/01/14 v3.01 Basic AMSFonts support
\symAMSa=\mathgroup4
\symAMSb=\mathgroup5
LaTeX Font Info:    Redeclaring math symbol \hbar on input line 98.
LaTeX Font Info:    Overwriting math alphabet `\mathfrak' in version `bold'
(Font)                  U/euf/m/n --> U/euf/b/n on input line 106.
)) (c:/Users/joseph.caracappa/AppData/Roaming/TinyTeX/texmf-dist/tex/generic/iftex/iftex.sty
Package: iftex 2024/12/12 v1.0g TeX engine tests
) (c:/Users/joseph.caracappa/AppData/Roaming/TinyTeX/texmf-dist/tex/latex/base/fontenc.sty
Package: fontenc 2025/07/18 v2.1d Standard LaTeX package
) (c:/Users/joseph.caracappa/AppData/Roaming/TinyTeX/texmf-dist/tex/latex/base/inputenc.sty
Package: inputenc 2024/02/08 v1.3d Input encoding file
\inpenc@prehook=\toks22
\inpenc@posthook=\toks23
) (c:/Users/joseph.caracappa/AppData/Roaming/TinyTeX/texmf-dist/tex/latex/base/textcomp.sty
Package: textcomp 2024/04/24 v2.1b Standard LaTeX package
) (c:/Users/joseph.caracappa/AppData/Roaming/TinyTeX/texmf-dist/tex/latex/lm/lmodern.sty
Package: lmodern 2015/05/01 v1.6.1 Latin Modern Fonts
LaTeX Font Info:    Overwriting symbol font `operators' in version `normal'
(Font)                  OT1/cmr/m/n --> OT1/lmr/m/n on input line 22.
LaTeX Font Info:    Overwriting symbol font `letters' in version `normal'
(Font)                  OML/cmm/m/it --> OML/lmm/m/it on input line 23.
LaTeX Font Info:    Overwriting symbol font `symbols' in version `normal'
(Font)                  OMS/cmsy/m/n --> OMS/lmsy/m/n on input line 24.
LaTeX Font Info:    Overwriting symbol font `largesymbols' in version `normal'
(Font)                  OMX/cmex/m/n --> OMX/lmex/m/n on input line 25.
LaTeX Font Info:    Overwriting symbol font `operators' in version `bold'
(Font)                  OT1/cmr/bx/n --> OT1/lmr/bx/n on input line 26.
LaTeX Font Info:    Overwriting symbol font `letters' in version `bold'
(Font)                  OML/cmm/b/it --> OML/lmm/b/it on input line 27.
LaTeX Font Info:    Overwriting symbol font `symbols' in version `bold'
(Font)                  OMS/cmsy/b/n --> OMS/lmsy/b/n on input line 28.
LaTeX Font Info:    Overwriting symbol font `largesymbols' in version `bold'
(Font)                  OMX/cmex/m/n --> OMX/lmex/m/n on input line 29.
LaTeX Font Info:    Overwriting math alphabet `\mathbf' in version `normal'
(Font)                  OT1/cmr/bx/n --> OT1/lmr/bx/n on input line 31.
LaTeX Font Info:    Overwriting math alphabet `\mathsf' in version `normal'
(Font)                  OT1/cmss/m/n --> OT1/lmss/m/n on input line 32.
LaTeX Font Info:    Overwriting math alphabet `\mathit' in version `normal'
(Font)                  OT1/cmr/m/it --> OT1/lmr/m/it on input line 33.
LaTeX Font Info:    Overwriting math alphabet `\mathtt' in version `normal'
(Font)                  OT1/cmtt/m/n --> OT1/lmtt/m/n on input line 34.
LaTeX Font Info:    Overwriting math alphabet `\mathbf' in version `bold'
(Font)                  OT1/cmr/bx/n --> OT1/lmr/bx/n on input line 35.
LaTeX Font Info:    Overwriting math alphabet `\mathsf' in version `bold'
(Font)                  OT1/cmss/bx/n --> OT1/lmss/bx/n on input line 36.
LaTeX Font Info:    Overwriting math alphabet `\mathit' in version `bold'
(Font)                  OT1/cmr/bx/it --> OT1/lmr/bx/it on input line 37.
LaTeX Font Info:    Overwriting math alphabet `\mathtt' in version `bold'
(Font)                  OT1/cmtt/m/n --> OT1/lmtt/m/n on input line 38.
) (c:/Users/joseph.caracappa/AppData/Roaming/TinyTeX/texmf-dist/tex/latex/xcolor/xcolor.sty
Package: xcolor 2024/09/29 v3.02 LaTeX color extensions (UK)
(c:/Users/joseph.caracappa/AppData/Roaming/TinyTeX/texmf-dist/tex/latex/graphics-cfg/color.cfg
File: color.cfg 2016/01/02 v1.6 sample color configuration
)
Package xcolor Info: Driver file: pdftex.def on input line 274.
(c:/Users/joseph.caracappa/AppData/Roaming/TinyTeX/texmf-dist/tex/latex/graphics-def/pdftex.def
File: pdftex.def 2025/09/29 v1.2d Graphics/color driver for pdftex
) (c:/Users/joseph.caracappa/AppData/Roaming/TinyTeX/texmf-dist/tex/latex/graphics/mathcolor.ltx)
Package xcolor Info: Model `cmy' substituted by `cmy0' on input line 1349.
Package xcolor Info: Model `hsb' substituted by `rgb' on input line 1353.
Package xcolor Info: Model `RGB' extended on input line 1365.
Package xcolor Info: Model `HTML' substituted by `rgb' on input line 1367.
Package xcolor Info: Model `Hsb' substituted by `hsb' on input line 1368.
Package xcolor Info: Model `tHsb' substituted by `hsb' on input line 1369.
Package xcolor Info: Model `HSB' substituted by `hsb' on input line 1370.
Package xcolor Info: Model `Gray' substituted by `gray' on input line 1371.
Package xcolor Info: Model `wave' substituted by `hsb' on input line 1372.
) (c:/Users/joseph.caracappa/AppData/Roaming/TinyTeX/texmf-dist/tex/latex/graphics/dvipsnam.def
File: dvipsnam.def 2016/06/17 v3.0m Driver-dependent file (DPC,SPQR)
) (c:/Users/joseph.caracappa/AppData/Roaming/TinyTeX/texmf-dist/tex/latex/xcolor/svgnam.def
File: svgnam.def 2024/09/29 v3.02 Predefined colors according to SVG 1.1 (UK)
) (c:/Users/joseph.caracappa/AppData/Roaming/TinyTeX/texmf-dist/tex/latex/xcolor/x11nam.def
File: x11nam.def 2024/09/29 v3.02 Predefined colors according to Unix/X11 (UK)
) (c:/Users/joseph.caracappa/AppData/Roaming/TinyTeX/texmf-dist/tex/latex/geometry/geometry.sty
Package: geometry 2020/01/02 v5.9 Page Geometry
(c:/Users/joseph.caracappa/AppData/Roaming/TinyTeX/texmf-dist/tex/latex/graphics/keyval.sty
Package: keyval 2022/05/29 v1.15 key=value parser (DPC)
\KV@toks@=\toks24
) (c:/Users/joseph.caracappa/AppData/Roaming/TinyTeX/texmf-dist/tex/generic/iftex/ifvtex.sty
Package: ifvtex 2019/10/25 v1.7 ifvtex legacy package. Use iftex instead.
)
\Gm@cnth=\count295
\Gm@cntv=\count296
\c@Gm@tempcnt=\count297
\Gm@bindingoffset=\dimen158
\Gm@wd@mp=\dimen159
\Gm@odd@mp=\dimen160
\Gm@even@mp=\dimen161
\Gm@layoutwidth=\dimen162
\Gm@layoutheight=\dimen163
\Gm@layouthoffset=\dimen164
\Gm@layoutvoffset=\dimen165
\Gm@dimlist=\toks25
) (c:/Users/joseph.caracappa/AppData/Roaming/TinyTeX/texmf-dist/tex/latex/tools/longtable.sty
Package: longtable 2025-10-13 v4.24 Multi-page Table package (DPC)
\LTleft=\skip54
\LTright=\skip55
\LTpre=\skip56
\LTpost=\skip57
\LTchunksize=\count298
\LTcapwidth=\dimen166
\LT@head=\box55
\LT@firsthead=\box56
\LT@foot=\box57
\LT@lastfoot=\box58
\LT@gbox=\box59
\LT@cols=\count299
\LT@rows=\count300
\c@LT@tables=\count301
\c@LT@chunks=\count302
\LT@p@ftn=\toks26
) (c:/Users/joseph.caracappa/AppData/Roaming/TinyTeX/texmf-dist/tex/latex/booktabs/booktabs.sty
Package: booktabs 2020/01/12 v1.61803398 Publication quality tables
\heavyrulewidth=\dimen167
\lightrulewidth=\dimen168
\cmidrulewidth=\dimen169
\belowrulesep=\dimen170
\belowbottomsep=\dimen171
\aboverulesep=\dimen172
\abovetopsep=\dimen173
\cmidrulesep=\dimen174
\cmidrulekern=\dimen175
\defaultaddspace=\dimen176
\@cmidla=\count303
\@cmidlb=\count304
\@aboverulesep=\dimen177
\@belowrulesep=\dimen178
\@thisruleclass=\count305
\@lastruleclass=\count306
\@thisrulewidth=\dimen179
) (c:/Users/joseph.caracappa/AppData/Roaming/TinyTeX/texmf-dist/tex/latex/tools/array.sty
Package: array 2025/09/25 v2.6n Tabular extension package (FMi)
\col@sep=\dimen180
\ar@mcellbox=\box60
\extrarowheight=\dimen181
\NC@list=\toks27
\extratabsurround=\skip58
\backup@length=\skip59
\ar@cellbox=\box61
) (c:/Users/joseph.caracappa/AppData/Roaming/TinyTeX/texmf-dist/tex/latex/tools/calc.sty
Package: calc 2025/03/01 v4.3b Infix arithmetic (KKT,FJ)
\calc@Acount=\count307
\calc@Bcount=\count308
\calc@Adimen=\dimen182
\calc@Bdimen=\dimen183
\calc@Askip=\skip60
\calc@Bskip=\skip61
LaTeX Info: Redefining \setlength on input line 86.
LaTeX Info: Redefining \addtolength on input line 87.
\calc@Ccount=\count309
\calc@Cskip=\skip62
) (c:/Users/joseph.caracappa/AppData/Roaming/TinyTeX/texmf-dist/tex/latex/etoolbox/etoolbox.sty
Package: etoolbox 2025/10/02 v2.5m e-TeX tools for LaTeX (JAW)
\etb@tempcnta=\count310
) (c:/Users/joseph.caracappa/AppData/Roaming/TinyTeX/texmf-dist/tex/latex/mdwtools/footnote.sty
Package: footnote 1997/01/28 1.13 Save footnotes around boxes
\fn@notes=\box62
\fn@width=\dimen184
) (c:/Users/joseph.caracappa/AppData/Roaming/TinyTeX/texmf-dist/tex/latex/graphics/graphicx.sty
Package: graphicx 2024/12/31 v1.2e Enhanced LaTeX Graphics (DPC,SPQR)
(c:/Users/joseph.caracappa/AppData/Roaming/TinyTeX/texmf-dist/tex/latex/graphics/graphics.sty
Package: graphics 2024/08/06 v1.4g Standard LaTeX Graphics (DPC,SPQR)
(c:/Users/joseph.caracappa/AppData/Roaming/TinyTeX/texmf-dist/tex/latex/graphics/trig.sty
Package: trig 2023/12/02 v1.11 sin cos tan (DPC)
) (c:/Users/joseph.caracappa/AppData/Roaming/TinyTeX/texmf-dist/tex/latex/graphics-cfg/graphics.cfg
File: graphics.cfg 2016/06/04 v1.11 sample graphics configuration
)
Package graphics Info: Driver file: pdftex.def on input line 106.
)
\Gin@req@height=\dimen185
\Gin@req@width=\dimen186
)
\pandoc@box=\box63
(c:/Users/joseph.caracappa/AppData/Roaming/TinyTeX/texmf-dist/tex/latex/mathdesign/mathdesign.sty
Package: mathdesign 2013/08/29 v2.31 Math Design Project
(c:/Users/joseph.caracappa/AppData/Roaming/TinyTeX/texmf-dist/tex/latex/base/ifthen.sty
Package: ifthen 2024/03/16 v1.1e Standard LaTeX ifthen package (DPC)
)

Package mathdesign Warning: No font specified on input line 175.


Package mathdesign Warning: `urw-palatino' option not defined. on input line 177.

LaTeX Encoding Info:    Redeclaring text command \textcircled (encoding OMS) on input line 206.
(c:/Users/joseph.caracappa/AppData/Roaming/TinyTeX/texmf-dist/tex/latex/base/fontenc.sty
Package: fontenc 2025/07/18 v2.1d Standard LaTeX package
LaTeX Font Info:    Trying to load font information for T1+lmr on input line 116.
(c:/Users/joseph.caracappa/AppData/Roaming/TinyTeX/texmf-dist/tex/latex/lm/t1lmr.fd
File: t1lmr.fd 2015/05/01 v1.6.1 Font defs for Latin Modern
))) (c:/Users/joseph.caracappa/AppData/Roaming/TinyTeX/texmf-dist/tex/latex/base/fontenc.sty
Package: fontenc 2025/07/18 v2.1d Standard LaTeX package
) (c:/Users/joseph.caracappa/AppData/Roaming/TinyTeX/texmf-dist/tex/latex/accsupp/accsupp.sty
Package: accsupp 2019/12/05 v0.6 Accessibility support by marked content (HO)
(c:/Users/joseph.caracappa/AppData/Roaming/TinyTeX/texmf-dist/tex/generic/pdfescape/pdfescape.sty
Package: pdfescape 2019/12/09 v1.15 Implements pdfTeX's escape features (HO)
(c:/Users/joseph.caracappa/AppData/Roaming/TinyTeX/texmf-dist/tex/generic/ltxcmds/ltxcmds.sty
Package: ltxcmds 2023-12-04 v1.26 LaTeX kernel commands for general use (HO)
) (c:/Users/joseph.caracappa/AppData/Roaming/TinyTeX/texmf-dist/tex/generic/pdftexcmds/pdftexcmds.sty
Package: pdftexcmds 2020-06-27 v0.33 Utility functions of pdfTeX for LuaTeX (HO)
(c:/Users/joseph.caracappa/AppData/Roaming/TinyTeX/texmf-dist/tex/generic/infwarerr/infwarerr.sty
Package: infwarerr 2019/12/03 v1.5 Providing info/warning/error messages (HO)
)
Package pdftexcmds Info: \pdf@primitive is available.
Package pdftexcmds Info: \pdf@ifprimitive is available.
Package pdftexcmds Info: \pdfdraftmode found.
)) (c:/Users/joseph.caracappa/AppData/Roaming/TinyTeX/texmf-dist/tex/latex/kvoptions/kvoptions.sty
Package: kvoptions 2022-06-15 v3.15 Key value format for package options (HO)
(c:/Users/joseph.caracappa/AppData/Roaming/TinyTeX/texmf-dist/tex/latex/kvsetkeys/kvsetkeys.sty
Package: kvsetkeys 2022-10-05 v1.19 Key value parser (HO)
)) (c:/Users/joseph.caracappa/AppData/Roaming/TinyTeX/texmf-dist/tex/latex/accsupp/accsupp-pdftex.def
File: accsupp-pdftex.def 2019/12/05 v0.6 accsupp driver for pdfTeX (HO)
)) (c:/Users/joseph.caracappa/AppData/Roaming/TinyTeX/texmf-dist/tex/latex/pdfcomment/pdfcomment.sty
Package: pdfcomment 2018/11/01 pdfcomment.sty v2.4a - Josef Kleber (C) 2008-2012, 2015-2016, 2018
(c:/Users/joseph.caracappa/AppData/Roaming/TinyTeX/texmf-dist/tex/latex/xkeyval/xkeyval.sty
Package: xkeyval 2025/11/04 v2.10 package option processing (HA)
(c:/Users/joseph.caracappa/AppData/Roaming/TinyTeX/texmf-dist/tex/generic/xkeyval/xkeyval.tex (c:/Users/joseph.caracappa/AppData/Roaming/TinyTeX/texmf-dist/tex/generic/xkeyval/xkvutils.tex
\XKV@toks=\toks28
\XKV@tempa@toks=\toks29
\XKV@tempb@toks=\toks30
)
\XKV@depth=\count311
File: xkeyval.tex 2014/12/03 v2.7a key=value parser (HA)
))
\c@pc@count@i=\count312
\c@pc@count@ii=\count313
\c@pc@count@iii=\count314
\c@pc@count@iv=\count315
\pc@mathannot@box=\box64
\pc@nullbox=\box65
\pc@dima=\skip63
\pc@dimb=\skip64
\pc@Sposx=\skip65
\pc@Sposy=\skip66
\pc@Eposx=\skip67
\pc@Eposy=\skip68
\pc@column=\skip69
\pc@box@width=\skip70
\pc@box@height=\skip71
\pc@box@depth=\skip72
(c:/Users/joseph.caracappa/AppData/Roaming/TinyTeX/texmf-dist/tex/latex/datetime2/datetime2.sty
Package: datetime2 2021/03/21 v1.5.7 (NLCT) date and time formats
(c:/Users/joseph.caracappa/AppData/Roaming/TinyTeX/texmf-dist/tex/latex/tracklang/tracklang.sty
Package: tracklang 2025/03/11 v1.6.6 (NLCT) Track Languages
(c:/Users/joseph.caracappa/AppData/Roaming/TinyTeX/texmf-dist/tex/generic/tracklang/tracklang.tex))) (c:/Users/joseph.caracappa/AppData/Roaming/TinyTeX/texmf-dist/tex/latex/zref/zref-savepos.sty
Package: zref-savepos 2025-06-08 v2.36 Module savepos for zref (HO)
(c:/Users/joseph.caracappa/AppData/Roaming/TinyTeX/texmf-dist/tex/latex/zref/zref-base.sty
Package: zref-base 2025-06-08 v2.36 Module base for zref (HO)
(c:/Users/joseph.caracappa/AppData/Roaming/TinyTeX/texmf-dist/tex/generic/kvdefinekeys/kvdefinekeys.sty
Package: kvdefinekeys 2019-12-19 v1.6 Define keys (HO)
) (c:/Users/joseph.caracappa/AppData/Roaming/TinyTeX/texmf-dist/tex/generic/etexcmds/etexcmds.sty
Package: etexcmds 2019/12/15 v1.7 Avoid name clashes with e-TeX commands (HO)
) (c:/Users/joseph.caracappa/AppData/Roaming/TinyTeX/texmf-dist/tex/latex/auxhook/auxhook.sty
Package: auxhook 2019-12-17 v1.6 Hooks for auxiliary files (HO)
)
Package zref Info: New property list: main on input line 767.
Package zref Info: New property: default on input line 768.
Package zref Info: New property: page on input line 769.
)
Package zref Info: New property list: savepos on input line 56.
Package zref Info: New property: posx on input line 58.
Package zref Info: New property: posy on input line 59.
)
\c@zref@unique=\count316
(c:/Users/joseph.caracappa/AppData/Roaming/TinyTeX/texmf-dist/tex/latex/refcount/refcount.sty
Package: refcount 2019/12/15 v3.6 Data extraction from label references (HO)
) (c:/Users/joseph.caracappa/AppData/Roaming/TinyTeX/texmf-dist/tex/latex/marginnote/marginnote.sty
Package: marginnote 2026/01/02 1.4d non floating margin notes for LaTeX 
\c@mn@abspage=\count317
) (c:/Users/joseph.caracappa/AppData/Roaming/TinyTeX/texmf-dist/tex/generic/iftex/ifpdf.sty
Package: ifpdf 2019/10/25 v3.4 ifpdf legacy package. Use iftex instead.
) (c:/Users/joseph.caracappa/AppData/Roaming/TinyTeX/texmf-dist/tex/generic/iftex/ifluatex.sty
Package: ifluatex 2019/10/25 v1.5 ifluatex legacy package. Use iftex instead.
) (c:/Users/joseph.caracappa/AppData/Roaming/TinyTeX/texmf-dist/tex/latex/soulpos/soulpos.sty
Package: soulpos 2021/10/15 v1.2 Fancy underlining
\ulp@subcnt=\count318
\ulp@cnt=\count319
\ulp@out=\write3
\ulp@in=\read2
\ulwidth=\dimen187
) (c:/Users/joseph.caracappa/AppData/Roaming/TinyTeX/texmf-dist/tex/latex/hyperref/hyperref.sty
Package: hyperref 2026-01-29 v7.01p Hypertext links for LaTeX
(c:/Users/joseph.caracappa/AppData/Roaming/TinyTeX/texmf-dist/tex/latex/hycolor/hycolor.sty
Package: hycolor 2020-01-27 v1.10 Color options for hyperref/bookmark (HO)
) (c:/Users/joseph.caracappa/AppData/Roaming/TinyTeX/texmf-dist/tex/latex/hyperref/nameref.sty
Package: nameref 2026-01-29 v2.58 Cross-referencing by name of section
(c:/Users/joseph.caracappa/AppData/Roaming/TinyTeX/texmf-dist/tex/generic/gettitlestring/gettitlestring.sty
Package: gettitlestring 2019/12/15 v1.6 Cleanup title references (HO)
)
\c@section@level=\count320
) (c:/Users/joseph.caracappa/AppData/Roaming/TinyTeX/texmf-dist/tex/generic/stringenc/stringenc.sty
Package: stringenc 2019/11/29 v1.12 Convert strings between diff. encodings (HO)
)
\@linkdim=\dimen188
\Hy@linkcounter=\count321
\Hy@pagecounter=\count322
(c:/Users/joseph.caracappa/AppData/Roaming/TinyTeX/texmf-dist/tex/latex/hyperref/pd1enc.def
File: pd1enc.def 2026-01-29 v7.01p Hyperref: PDFDocEncoding definition (HO)
Now handling font encoding PD1 ...
... no UTF-8 mapping file for font encoding PD1
) (c:/Users/joseph.caracappa/AppData/Roaming/TinyTeX/texmf-dist/tex/generic/intcalc/intcalc.sty
Package: intcalc 2019/12/15 v1.3 Expandable calculations with integers (HO)
)
\Hy@SavedSpaceFactor=\count323
(c:/Users/joseph.caracappa/AppData/Roaming/TinyTeX/texmf-dist/tex/latex/hyperref/puenc.def
File: puenc.def 2026-01-29 v7.01p Hyperref: PDF Unicode definition (HO)
Now handling font encoding PU ...
... no UTF-8 mapping file for font encoding PU
)
Package hyperref Info: Option `unicode' set `true' on input line 4072.
Package hyperref Info: Option `unicode' set `true' on input line 4072.
Package hyperref Info: Hyper figures OFF on input line 4201.
Package hyperref Info: Link nesting OFF on input line 4206.
Package hyperref Info: Hyper index ON on input line 4209.
Package hyperref Info: Plain pages OFF on input line 4216.
Package hyperref Info: Backreferencing OFF on input line 4221.
Package hyperref Info: Implicit mode ON; LaTeX internals redefined.
Package hyperref Info: Bookmarks ON on input line 4468.
\c@Hy@tempcnt=\count324
(c:/Users/joseph.caracappa/AppData/Roaming/TinyTeX/texmf-dist/tex/latex/url/url.sty
\Urlmuskip=\muskip18
Package: url 2013/09/16  ver 3.4  Verb mode for urls, etc.
)
LaTeX Info: Redefining \url on input line 4807.
\XeTeXLinkMargin=\dimen189
(c:/Users/joseph.caracappa/AppData/Roaming/TinyTeX/texmf-dist/tex/generic/bitset/bitset.sty
Package: bitset 2019/12/09 v1.3 Handle bit-vector datatype (HO)
(c:/Users/joseph.caracappa/AppData/Roaming/TinyTeX/texmf-dist/tex/generic/bigintcalc/bigintcalc.sty
Package: bigintcalc 2019/12/15 v1.5 Expandable calculations on big integers (HO)
))
\Fld@menulength=\count325
\Field@Width=\dimen190
\Fld@charsize=\dimen191
Package hyperref Info: Hyper figures OFF on input line 6084.
Package hyperref Info: Link nesting OFF on input line 6089.
Package hyperref Info: Hyper index ON on input line 6092.
Package hyperref Info: backreferencing OFF on input line 6099.
Package hyperref Info: Link coloring OFF on input line 6104.
Package hyperref Info: Link coloring with OCG OFF on input line 6109.
Package hyperref Info: PDF/A mode OFF on input line 6114.
\Hy@abspage=\count326
\c@Item=\count327
\c@Hfootnote=\count328
)
Package hyperref Info: Driver: hpdftex.
(c:/Users/joseph.caracappa/AppData/Roaming/TinyTeX/texmf-dist/tex/latex/hyperref/hpdftex.def
File: hpdftex.def 2026-01-29 v7.01p Hyperref driver for pdfTeX
\Fld@listcount=\count329
\c@bookmark@seq@number=\count330
(c:/Users/joseph.caracappa/AppData/Roaming/TinyTeX/texmf-dist/tex/latex/rerunfilecheck/rerunfilecheck.sty
Package: rerunfilecheck 2025-06-21 v1.11 Rerun checks for auxiliary files (HO)
(c:/Users/joseph.caracappa/AppData/Roaming/TinyTeX/texmf-dist/tex/generic/uniquecounter/uniquecounter.sty
Package: uniquecounter 2019/12/15 v1.4 Provide unlimited unique counter (HO)
)
Package uniquecounter Info: New unique counter `rerunfilecheck' on input line 284.
)
\Hy@SectionHShift=\skip73
)
Package zref Info: New property list: pdfcomment on input line 2735.
Package zref Info: New property: PCPDFOBJID on input line 2736.
) (c:/Users/joseph.caracappa/AppData/Roaming/TinyTeX/texmf-dist/tex/generic/stringenc/se-pdfdoc.def
File: se-pdfdoc.def 2019/11/29 v1.12 stringenc: PDFDocEncoding
) (c:/Users/joseph.caracappa/AppData/Roaming/TinyTeX/texmf-dist/tex/latex/caption/caption.sty
Package: caption 2023/08/05 v3.6o Customizing captions (AR)
(c:/Users/joseph.caracappa/AppData/Roaming/TinyTeX/texmf-dist/tex/latex/caption/caption3.sty
Package: caption3 2023/07/31 v2.4d caption3 kernel (AR)
\caption@tempdima=\dimen192
\captionmargin=\dimen193
\caption@leftmargin=\dimen194
\caption@rightmargin=\dimen195
\caption@width=\dimen196
\caption@indent=\dimen197
\caption@parindent=\dimen198
\caption@hangindent=\dimen199
Package caption Info: Standard document class detected.
)
\c@caption@flags=\count331
\c@continuedfloat=\count332
Package caption Info: hyperref package is loaded.
Package caption Info: longtable package is loaded.
(c:/Users/joseph.caracappa/AppData/Roaming/TinyTeX/texmf-dist/tex/latex/caption/ltcaption.sty
Package: ltcaption 2021/01/08 v1.4c longtable captions (AR)
)) (c:/Users/joseph.caracappa/AppData/Roaming/TinyTeX/texmf-dist/tex/latex/fancyhdr/fancyhdr.sty
Package: fancyhdr 2025/02/07 v5.2 Extensive control of page headers and footers
\f@nch@headwidth=\skip74
\f@nch@offset@elh=\skip75
\f@nch@offset@erh=\skip76
\f@nch@offset@olh=\skip77
\f@nch@offset@orh=\skip78
\f@nch@offset@elf=\skip79
\f@nch@offset@erf=\skip80
\f@nch@offset@olf=\skip81
\f@nch@offset@orf=\skip82
\f@nch@height=\skip83
\f@nch@footalignment=\skip84
\f@nch@widthL=\skip85
\f@nch@widthC=\skip86
\f@nch@widthR=\skip87
\@temptokenb=\toks31
) (c:/Users/joseph.caracappa/AppData/Roaming/TinyTeX/texmf-dist/tex/latex/float/float.sty
Package: float 2001/11/08 v1.3d Float enhancements (AL)
\c@float@type=\count333
\float@exts=\toks32
\float@box=\box66
\@float@everytoks=\toks33
\@floatcapt=\box67
) (c:/Users/joseph.caracappa/AppData/Roaming/TinyTeX/texmf-dist/tex/latex/sectsty/sectsty.sty
Package: sectsty 2002/02/25 v2.0.2 Commands to change all sectional heading styles

LaTeX Warning: Command \underbar  has changed.
               Check if current package is valid.


LaTeX Warning: Command \underline  has changed.
               Check if current package is valid.

) (c:/Users/joseph.caracappa/AppData/Roaming/TinyTeX/texmf-dist/tex/latex/multirow/multirow.sty
Package: multirow 2024/11/12 v2.9 Span multiple rows of a table
\multirow@colwidth=\skip88
\multirow@cntb=\count334
\multirow@dima=\skip89
\bigstrutjot=\dimen256
) (c:/Users/joseph.caracappa/AppData/Roaming/TinyTeX/texmf-dist/tex/latex/tools/multicol.sty
Package: multicol 2025/10/21 v2.0b multicolumn formatting (FMi)
\c@tracingmulticols=\count335
\mult@box=\box68
\multicol@leftmargin=\dimen257
\c@unbalance=\count336
\c@collectmore=\count337
\doublecol@number=\count338
\multicoltolerance=\count339
\multicolpretolerance=\count340
\full@width=\dimen258
\page@free=\dimen259
\premulticols=\dimen260
\postmulticols=\dimen261
\multicolsep=\skip90
\multicolbaselineskip=\skip91
\partial@page=\box69
\last@line=\box70
\mc@boxedresult=\box71
\maxbalancingoverflow=\dimen262
\mult@rightbox=\box72
\mult@grightbox=\box73
\mult@firstbox=\box74
\mult@gfirstbox=\box75
\@tempa=\box76
\@tempa=\box77
\@tempa=\box78
\@tempa=\box79
\@tempa=\box80
\@tempa=\box81
\@tempa=\box82
\@tempa=\box83
\@tempa=\box84
\@tempa=\box85
\@tempa=\box86
\@tempa=\box87
\@tempa=\box88
\@tempa=\box89
\@tempa=\box90
\@tempa=\box91
\@tempa=\box92
\@tempa=\box93
\@tempa=\box94
\@tempa=\box95
\@tempa=\box96
\@tempa=\box97
\@tempa=\box98
\@tempa=\box99
\@tempa=\box100
\@tempa=\box101
\@tempa=\box102
\@tempa=\box103
\@tempa=\box104
\@tempa=\box105
\@tempa=\box106
\@tempa=\box107
\@tempa=\box108
\@tempa=\box109
\@tempa=\box110
\@tempa=\box111
\c@minrows=\count341
\c@columnbadness=\count342
\c@finalcolumnbadness=\count343
\last@try=\dimen263
\multicolovershoot=\dimen264
\multicolundershoot=\dimen265
\mult@nat@firstbox=\box112
\colbreak@box=\box113
\mc@col@check@num=\count344
\g__mc_curr_col_int=\count345
) (c:/Users/joseph.caracappa/AppData/Roaming/TinyTeX/texmf-dist/tex/latex/colortbl/colortbl.sty
Package: colortbl 2024/10/29 v1.0k Color table columns (DPC)
\everycr=\toks34
\minrowclearance=\skip92
\rownum=\count346
) (c:/Users/joseph.caracappa/AppData/Roaming/TinyTeX/texmf-dist/tex/latex/tools/hhline.sty
Package: hhline 2020/01/04 v2.04 Table rule package (DPC)
)
\Oldarrayrulewidth=\skip93
\Oldtabcolsep=\skip94
(c:/Users/joseph.caracappa/AppData/Roaming/TinyTeX/texmf-dist/tex/latex/wrapfig/wrapfig.sty
\wrapoverhang=\dimen266
\WF@size=\dimen267
\c@WF@wrappedlines=\count347
\WF@box=\box114
\WF@everypar=\toks35
Package: wrapfig 2003/01/31  v 3.6
) (c:/Users/joseph.caracappa/AppData/Roaming/TinyTeX/texmf-dist/tex/latex/bookmark/bookmark.sty
Package: bookmark 2023-12-10 v1.31 PDF bookmarks (HO)
(c:/Users/joseph.caracappa/AppData/Roaming/TinyTeX/texmf-dist/tex/latex/bookmark/bkm-pdftex.def
File: bkm-pdftex.def 2023-12-10 v1.31 bookmark driver for pdfTeX and luaTeX (HO)
\BKM@id=\count348
))
Package hyperref Info: Option `colorlinks' set `true' on input line 164.
(c:/Users/joseph.caracappa/AppData/Roaming/TinyTeX/texmf-dist/tex/latex/l3backend/l3backend-pdftex.def
File: l3backend-pdftex.def 2025-10-09 L3 backend support: PDF output (pdfTeX)
\l__color_backend_stack_int=\count349
) (./SOE2026_MAFMC_IR_V2.aux

LaTeX Warning: Label `tab:species-groupings' multiply defined.

)
\openout1 = `SOE2026_MAFMC_IR_V2.aux'.

LaTeX Font Info:    Checking defaults for OML/cmm/m/it on input line 169.
LaTeX Font Info:    ... okay on input line 169.
LaTeX Font Info:    Checking defaults for OMS/cmsy/m/n on input line 169.
LaTeX Font Info:    ... okay on input line 169.
LaTeX Font Info:    Checking defaults for OT1/cmr/m/n on input line 169.
LaTeX Font Info:    ... okay on input line 169.
LaTeX Font Info:    Checking defaults for T1/cmr/m/n on input line 169.
LaTeX Font Info:    ... okay on input line 169.
LaTeX Font Info:    Checking defaults for TS1/cmr/m/n on input line 169.
LaTeX Font Info:    ... okay on input line 169.
LaTeX Font Info:    Checking defaults for OMX/cmex/m/n on input line 169.
LaTeX Font Info:    ... okay on input line 169.
LaTeX Font Info:    Checking defaults for U/cmr/m/n on input line 169.
LaTeX Font Info:    ... okay on input line 169.
LaTeX Font Info:    Checking defaults for PD1/pdf/m/n on input line 169.
LaTeX Font Info:    ... okay on input line 169.
LaTeX Font Info:    Checking defaults for PU/pdf/m/n on input line 169.
LaTeX Font Info:    ... okay on input line 169.
(c:/Users/joseph.caracappa/AppData/Roaming/TinyTeX/texmf-dist/tex/latex/epstopdf-pkg/epstopdf-base.sty
Package: epstopdf-base 2020-01-24 v2.11 Base part for package epstopdf
Package epstopdf-base Info: Redefining graphics rule for `.eps' on input line 485.
(c:/Users/joseph.caracappa/AppData/Roaming/TinyTeX/texmf-dist/tex/latex/latexconfig/epstopdf-sys.cfg
File: epstopdf-sys.cfg 2010/07/13 v1.3 Configuration of (r)epstopdf for TeX Live
))
*geometry* driver: auto-detecting
*geometry* detected driver: pdftex
*geometry* verbose mode - [ preamble ] result:
* driver: pdftex
* paper: <default>
* layout: <same size as paper>
* layoutoffset:(h,v)=(0.0pt,0.0pt)
* modes: 
* h-part:(L,W,R)=(56.9055pt, 500.484pt, 56.9055pt)
* v-part:(T,H,B)=(56.9055pt, 652.70622pt, 85.35826pt)
* \paperwidth=614.295pt
* \paperheight=794.96999pt
* \textwidth=500.484pt
* \textheight=652.70622pt
* \oddsidemargin=-15.36449pt
* \evensidemargin=-15.36449pt
* \topmargin=-52.36449pt
* \headheight=40.0pt
* \headsep=25.0pt
* \topskip=10.0pt
* \footskip=14.22636pt
* \marginparwidth=65.0pt
* \marginparsep=11.0pt
* \columnsep=10.0pt
* \skip\footins=9.0pt plus 4.0pt minus 2.0pt
* \hoffset=0.0pt
* \voffset=0.0pt
* \mag=1000
* \@twocolumnfalse
* \@twosidefalse
* \@mparswitchfalse
* \@reversemarginfalse
* (1in=72.27pt=25.4mm, 1cm=28.453pt)

Package soulpos Info: Loading soulutf8 on input line 169.
(c:/Users/joseph.caracappa/AppData/Roaming/TinyTeX/texmf-dist/tex/generic/soul/soulutf8.sty
Package: soulutf8 2023-06-14 v3.1 Permit use of UTF-8 characters in soul (HO)

Package soulutf8 Warning: This package is obsolete,
(soulutf8)                use the soul package directly. 
(soulutf8)                 on input line 29.

) (c:/Users/joseph.caracappa/AppData/Roaming/TinyTeX/texmf-dist/tex/generic/soul/soul.sty
Package: soul 2023-06-14 v3.1 Permit use of UTF-8 characters in soul (HO)
(c:/Users/joseph.caracappa/AppData/Roaming/TinyTeX/texmf-dist/tex/generic/soul/soul-ori.sty
Package: soul-ori 2023-06-14 v3.1 letterspacing/underlining (mf)
\SOUL@word=\toks36
\SOUL@lasttoken=\toks37
\SOUL@syllable=\toks38
\SOUL@cmds=\toks39
\SOUL@buffer=\toks40
\SOUL@token=\toks41
\SOUL@syllgoal=\dimen268
\SOUL@syllwidth=\dimen269
\SOUL@charkern=\dimen270
\SOUL@hyphkern=\dimen271
\SOUL@dimen=\dimen272
\SOUL@dimeni=\dimen273
\SOUL@minus=\count350
\SOUL@comma=\count351
\SOUL@apo=\count352
\SOUL@grave=\count353
\SOUL@spaceskip=\skip95
\SOUL@ttwidth=\dimen274
\SOUL@uldp=\dimen275
\SOUL@ulht=\dimen276
))
Package hyperref Info: Link coloring ON on input line 169.
Package caption Info: Begin \AtBeginDocument code.
Package caption Info: float package is loaded.
Package caption Info: wrapfig package is loaded.
Package caption Info: End \AtBeginDocument code.
LaTeX Font Info:    Trying to load font information for T1+lmss on input line 174.
(c:/Users/joseph.caracappa/AppData/Roaming/TinyTeX/texmf-dist/tex/latex/lm/t1lmss.fd
File: t1lmss.fd 2015/05/01 v1.6.1 Font defs for Latin Modern
)
LaTeX Font Info:    Trying to load font information for OT1+lmr on input line 184.
(c:/Users/joseph.caracappa/AppData/Roaming/TinyTeX/texmf-dist/tex/latex/lm/ot1lmr.fd
File: ot1lmr.fd 2015/05/01 v1.6.1 Font defs for Latin Modern
)
LaTeX Font Info:    Trying to load font information for OML+lmm on input line 184.
(c:/Users/joseph.caracappa/AppData/Roaming/TinyTeX/texmf-dist/tex/latex/lm/omllmm.fd
File: omllmm.fd 2015/05/01 v1.6.1 Font defs for Latin Modern
)
LaTeX Font Info:    Trying to load font information for OMS+lmsy on input line 184.
(c:/Users/joseph.caracappa/AppData/Roaming/TinyTeX/texmf-dist/tex/latex/lm/omslmsy.fd
File: omslmsy.fd 2015/05/01 v1.6.1 Font defs for Latin Modern
)
LaTeX Font Info:    Trying to load font information for OMX+lmex on input line 184.
(c:/Users/joseph.caracappa/AppData/Roaming/TinyTeX/texmf-dist/tex/latex/lm/omxlmex.fd
File: omxlmex.fd 2015/05/01 v1.6.1 Font defs for Latin Modern
)
LaTeX Font Info:    External font `lmex10' loaded for size
(Font)              <10> on input line 184.
LaTeX Font Info:    External font `lmex10' loaded for size
(Font)              <7> on input line 184.
LaTeX Font Info:    External font `lmex10' loaded for size
(Font)              <5> on input line 184.
LaTeX Font Info:    Trying to load font information for U+msa on input line 184.
(c:/Users/joseph.caracappa/AppData/Roaming/TinyTeX/texmf-dist/tex/latex/amsfonts/umsa.fd
File: umsa.fd 2013/01/14 v3.01 AMS symbols A
)
LaTeX Font Info:    Trying to load font information for U+msb on input line 184.
(c:/Users/joseph.caracappa/AppData/Roaming/TinyTeX/texmf-dist/tex/latex/amsfonts/umsb.fd
File: umsb.fd 2013/01/14 v3.01 AMS symbols B
)
LaTeX Font Info:    External font `lmex10' loaded for size
(Font)              <8> on input line 184.
LaTeX Font Info:    External font `lmex10' loaded for size
(Font)              <6> on input line 184.
<images/NOAA_logo.png, id=22, 240.9pt x 240.9pt>
File: images/NOAA_logo.png Graphic file (type png)
<use images/NOAA_logo.png>
Package pdftex.def Info: images/NOAA_logo.png  used on input line 296.
(pdftex.def)             Requested size: 40.0pt x 39.99673pt.
LaTeX Font Info:    Font shape `T1/lmss/m/it' in size <10> not available
(Font)              Font shape `T1/lmss/m/sl' tried instead on input line 296.

Package fancyhdr Warning: \headheight is too small (40.0pt): 
(fancyhdr)                Make it at least 55.59677pt, for example:
(fancyhdr)                \setlength{\headheight}{55.59677pt}.
(fancyhdr)                You might also make \topmargin smaller:
(fancyhdr)                \addtolength{\topmargin}{-15.59677pt}.

[4{c:/Users/joseph.caracappa/AppData/Roaming/TinyTeX/texmf-var/fonts/map/pdftex/updmap/pdftex.map}{c:/Users/joseph.caracappa/AppData/Roaming/TinyTeX/texmf-dist/fonts/enc/dvips/lm/lm-ec.enc}

\openout3 = `SOE2026_MAFMC_IR_V2.upa'.

 <./images/NOAA_logo.png>]
Package marginnote Info: Using workaround for absolute page number on input line 296.
<../../../AppData/Local/Temp/RtmpMhncNM/file3aec324c63a4.png, id=61, 469.755pt x 180.675pt>
File: ../../../AppData/Local/Temp/RtmpMhncNM/file3aec324c63a4.png Graphic file (type png)
<use ../../../AppData/Local/Temp/RtmpMhncNM/file3aec324c63a4.png>
Package pdftex.def Info: ../../../AppData/Local/Temp/RtmpMhncNM/file3aec324c63a4.png  used on input line 388.
(pdftex.def)             Requested size: 500.484pt x 192.49326pt.
[5]
<../../../AppData/Local/Temp/RtmpMhncNM/file3aec12ae768b.png, id=70, 469.755pt x 325.215pt>
File: ../../../AppData/Local/Temp/RtmpMhncNM/file3aec12ae768b.png Graphic file (type png)
<use ../../../AppData/Local/Temp/RtmpMhncNM/file3aec12ae768b.png>
Package pdftex.def Info: ../../../AppData/Local/Temp/RtmpMhncNM/file3aec12ae768b.png  used on input line 397.
(pdftex.def)             Requested size: 500.484pt x 346.4879pt.
[6 <../../../AppData/Local/Temp/RtmpMhncNM/file3aec324c63a4.png> <../../../AppData/Local/Temp/RtmpMhncNM/file3aec12ae768b.png>]

LaTeX Warning: Hyper reference `community-social-and-climate-vulnerability' on page 7 undefined on input line 406.

<../../../AppData/Local/Temp/RtmpMhncNM/file3aec2f095e51.png, id=77, 469.755pt x 180.675pt>
File: ../../../AppData/Local/Temp/RtmpMhncNM/file3aec2f095e51.png Graphic file (type png)
<use ../../../AppData/Local/Temp/RtmpMhncNM/file3aec2f095e51.png>
Package pdftex.def Info: ../../../AppData/Local/Temp/RtmpMhncNM/file3aec2f095e51.png  used on input line 410.
(pdftex.def)             Requested size: 500.484pt x 192.49326pt.
<../../../AppData/Local/Temp/RtmpMhncNM/file3aec37f85bfe.png, id=82, 469.755pt x 180.675pt>
File: ../../../AppData/Local/Temp/RtmpMhncNM/file3aec37f85bfe.png Graphic file (type png)
<use ../../../AppData/Local/Temp/RtmpMhncNM/file3aec37f85bfe.png>
Package pdftex.def Info: ../../../AppData/Local/Temp/RtmpMhncNM/file3aec37f85bfe.png  used on input line 421.
(pdftex.def)             Requested size: 500.484pt x 192.49326pt.
<../../../AppData/Local/Temp/RtmpMhncNM/file3aec7754456b.png, id=83, 469.755pt x 361.35pt>
File: ../../../AppData/Local/Temp/RtmpMhncNM/file3aec7754456b.png Graphic file (type png)
<use ../../../AppData/Local/Temp/RtmpMhncNM/file3aec7754456b.png>
Package pdftex.def Info: ../../../AppData/Local/Temp/RtmpMhncNM/file3aec7754456b.png  used on input line 430.
(pdftex.def)             Requested size: 500.484pt x 384.98656pt.
[7 <../../../AppData/Local/Temp/RtmpMhncNM/file3aec2f095e51.png> <../../../AppData/Local/Temp/RtmpMhncNM/file3aec37f85bfe.png>]
<../../../AppData/Local/Temp/RtmpMhncNM/file3aec66ef5a9a.png, id=95, 469.755pt x 433.62pt>
File: ../../../AppData/Local/Temp/RtmpMhncNM/file3aec66ef5a9a.png Graphic file (type png)
<use ../../../AppData/Local/Temp/RtmpMhncNM/file3aec66ef5a9a.png>
Package pdftex.def Info: ../../../AppData/Local/Temp/RtmpMhncNM/file3aec66ef5a9a.png  used on input line 449.
(pdftex.def)             Requested size: 500.484pt x 461.98387pt.
LaTeX Font Info:    External font `lmex10' loaded for size
(Font)              <9> on input line 453.
[8 <../../../AppData/Local/Temp/RtmpMhncNM/file3aec7754456b.png>]
<../../../AppData/Local/Temp/RtmpMhncNM/file3aec289a7b1c.png, id=104, 469.755pt x 325.215pt>
File: ../../../AppData/Local/Temp/RtmpMhncNM/file3aec289a7b1c.png Graphic file (type png)
<use ../../../AppData/Local/Temp/RtmpMhncNM/file3aec289a7b1c.png>
Package pdftex.def Info: ../../../AppData/Local/Temp/RtmpMhncNM/file3aec289a7b1c.png  used on input line 460.
(pdftex.def)             Requested size: 500.484pt x 346.4879pt.
[9{c:/Users/joseph.caracappa/AppData/Roaming/TinyTeX/texmf-dist/fonts/enc/dvips/lm/lm-mathit.enc} <../../../AppData/Local/Temp/RtmpMhncNM/file3aec66ef5a9a.png>]
<../../../AppData/Local/Temp/RtmpMhncNM/file3aec55da387c.png, id=112, 469.755pt x 180.675pt>
File: ../../../AppData/Local/Temp/RtmpMhncNM/file3aec55da387c.png Graphic file (type png)
<use ../../../AppData/Local/Temp/RtmpMhncNM/file3aec55da387c.png>
Package pdftex.def Info: ../../../AppData/Local/Temp/RtmpMhncNM/file3aec55da387c.png  used on input line 469.
(pdftex.def)             Requested size: 500.484pt x 192.49326pt.
[10 <../../../AppData/Local/Temp/RtmpMhncNM/file3aec289a7b1c.png> <../../../AppData/Local/Temp/RtmpMhncNM/file3aec55da387c.png>]
LaTeX Font Info:    Trying to load font information for TS1+lmr on input line 493.
(c:/Users/joseph.caracappa/AppData/Roaming/TinyTeX/texmf-dist/tex/latex/lm/ts1lmr.fd
File: ts1lmr.fd 2015/05/01 v1.6.1 Font defs for Latin Modern
)

LaTeX Warning: Hyper reference `community-social-and-climate-vulnerability' on page 11 undefined on input line 499.

<../../../AppData/Local/Temp/RtmpMhncNM/file3aec67da63dc.png, id=127, 469.755pt x 433.62pt>
File: ../../../AppData/Local/Temp/RtmpMhncNM/file3aec67da63dc.png Graphic file (type png)
<use ../../../AppData/Local/Temp/RtmpMhncNM/file3aec67da63dc.png>
Package pdftex.def Info: ../../../AppData/Local/Temp/RtmpMhncNM/file3aec67da63dc.png  used on input line 504.
(pdftex.def)             Requested size: 500.484pt x 461.98387pt.
[11{c:/Users/joseph.caracappa/AppData/Roaming/TinyTeX/texmf-dist/fonts/enc/dvips/lm/lm-ts1.enc}] [12 <../../../AppData/Local/Temp/RtmpMhncNM/file3aec67da63dc.png>]
<../../../AppData/Local/Temp/RtmpMhncNM/file3aec7b75314.png, id=146, 469.755pt x 180.675pt>
File: ../../../AppData/Local/Temp/RtmpMhncNM/file3aec7b75314.png Graphic file (type png)
<use ../../../AppData/Local/Temp/RtmpMhncNM/file3aec7b75314.png>
Package pdftex.def Info: ../../../AppData/Local/Temp/RtmpMhncNM/file3aec7b75314.png  used on input line 521.
(pdftex.def)             Requested size: 500.484pt x 192.49326pt.
<../../../AppData/Local/Temp/RtmpMhncNM/file3aec477e1394.png, id=150, 469.755pt x 180.675pt>
File: ../../../AppData/Local/Temp/RtmpMhncNM/file3aec477e1394.png Graphic file (type png)
<use ../../../AppData/Local/Temp/RtmpMhncNM/file3aec477e1394.png>
Package pdftex.def Info: ../../../AppData/Local/Temp/RtmpMhncNM/file3aec477e1394.png  used on input line 532.
(pdftex.def)             Requested size: 500.484pt x 192.49326pt.
[13 <../../../AppData/Local/Temp/RtmpMhncNM/file3aec7b75314.png>]
<../../../AppData/Local/Temp/RtmpMhncNM/file3aec483a346d.png, id=161, 469.755pt x 325.215pt>
File: ../../../AppData/Local/Temp/RtmpMhncNM/file3aec483a346d.png Graphic file (type png)
<use ../../../AppData/Local/Temp/RtmpMhncNM/file3aec483a346d.png>
Package pdftex.def Info: ../../../AppData/Local/Temp/RtmpMhncNM/file3aec483a346d.png  used on input line 541.
(pdftex.def)             Requested size: 500.484pt x 346.4879pt.
<../../../AppData/Local/Temp/RtmpMhncNM/file3aec1fb746f2.png, id=162, 469.755pt x 252.945pt>
File: ../../../AppData/Local/Temp/RtmpMhncNM/file3aec1fb746f2.png Graphic file (type png)
<use ../../../AppData/Local/Temp/RtmpMhncNM/file3aec1fb746f2.png>
Package pdftex.def Info: ../../../AppData/Local/Temp/RtmpMhncNM/file3aec1fb746f2.png  used on input line 550.
(pdftex.def)             Requested size: 500.484pt x 269.49059pt.
[14 <../../../AppData/Local/Temp/RtmpMhncNM/file3aec477e1394.png> <../../../AppData/Local/Temp/RtmpMhncNM/file3aec483a346d.png>]
<../../../AppData/Local/Temp/RtmpMhncNM/file3aec5cd21b2b.png, id=172, 469.755pt x 180.675pt>
File: ../../../AppData/Local/Temp/RtmpMhncNM/file3aec5cd21b2b.png Graphic file (type png)
<use ../../../AppData/Local/Temp/RtmpMhncNM/file3aec5cd21b2b.png>
Package pdftex.def Info: ../../../AppData/Local/Temp/RtmpMhncNM/file3aec5cd21b2b.png  used on input line 563.
(pdftex.def)             Requested size: 500.484pt x 192.49326pt.
[15 <../../../AppData/Local/Temp/RtmpMhncNM/file3aec1fb746f2.png>] [16 <../../../AppData/Local/Temp/RtmpMhncNM/file3aec5cd21b2b.png>]
<../../../AppData/Local/Temp/RtmpMhncNM/file3aec6dae63b9.png, id=194, 469.755pt x 180.675pt>
File: ../../../AppData/Local/Temp/RtmpMhncNM/file3aec6dae63b9.png Graphic file (type png)
<use ../../../AppData/Local/Temp/RtmpMhncNM/file3aec6dae63b9.png>
Package pdftex.def Info: ../../../AppData/Local/Temp/RtmpMhncNM/file3aec6dae63b9.png  used on input line 585.
(pdftex.def)             Requested size: 500.484pt x 192.49326pt.
<../../../AppData/Local/Temp/RtmpMhncNM/file3aec3abc49dc.png, id=195, 469.755pt x 180.675pt>
File: ../../../AppData/Local/Temp/RtmpMhncNM/file3aec3abc49dc.png Graphic file (type png)
<use ../../../AppData/Local/Temp/RtmpMhncNM/file3aec3abc49dc.png>
Package pdftex.def Info: ../../../AppData/Local/Temp/RtmpMhncNM/file3aec3abc49dc.png  used on input line 594.
(pdftex.def)             Requested size: 500.484pt x 192.49326pt.
[17 <../../../AppData/Local/Temp/RtmpMhncNM/file3aec6dae63b9.png> <../../../AppData/Local/Temp/RtmpMhncNM/file3aec3abc49dc.png>] [18]
<../../../AppData/Local/Temp/RtmpMhncNM/file3aec25af65c7.png, id=212, 505.89pt x 361.35pt>
File: ../../../AppData/Local/Temp/RtmpMhncNM/file3aec25af65c7.png Graphic file (type png)
<use ../../../AppData/Local/Temp/RtmpMhncNM/file3aec25af65c7.png>
Package pdftex.def Info: ../../../AppData/Local/Temp/RtmpMhncNM/file3aec25af65c7.png  used on input line 627.
(pdftex.def)             Requested size: 500.484pt x 357.495pt.
[19] [20 <../../../AppData/Local/Temp/RtmpMhncNM/file3aec25af65c7.png>]
<../../../AppData/Local/Temp/RtmpMhncNM/file3aec51b6ac5.png, id=225, 469.755pt x 289.08pt>
File: ../../../AppData/Local/Temp/RtmpMhncNM/file3aec51b6ac5.png Graphic file (type png)
<use ../../../AppData/Local/Temp/RtmpMhncNM/file3aec51b6ac5.png>
Package pdftex.def Info: ../../../AppData/Local/Temp/RtmpMhncNM/file3aec51b6ac5.png  used on input line 740.
(pdftex.def)             Requested size: 500.484pt x 307.98923pt.
[21 <../../../AppData/Local/Temp/RtmpMhncNM/file3aec51b6ac5.png>]
<../../../AppData/Local/Temp/RtmpMhncNM/file3aec14546c16.png, id=233, 469.755pt x 289.08pt>
File: ../../../AppData/Local/Temp/RtmpMhncNM/file3aec14546c16.png Graphic file (type png)
<use ../../../AppData/Local/Temp/RtmpMhncNM/file3aec14546c16.png>
Package pdftex.def Info: ../../../AppData/Local/Temp/RtmpMhncNM/file3aec14546c16.png  used on input line 857.
(pdftex.def)             Requested size: 500.484pt x 307.98923pt.
[22 <../../../AppData/Local/Temp/RtmpMhncNM/file3aec14546c16.png>]
<../../../AppData/Local/Temp/RtmpMhncNM/file3aec44420f3.png, id=246, 469.755pt x 216.81pt>
File: ../../../AppData/Local/Temp/RtmpMhncNM/file3aec44420f3.png Graphic file (type png)
<use ../../../AppData/Local/Temp/RtmpMhncNM/file3aec44420f3.png>
Package pdftex.def Info: ../../../AppData/Local/Temp/RtmpMhncNM/file3aec44420f3.png  used on input line 882.
(pdftex.def)             Requested size: 500.484pt x 230.99193pt.
<../../../AppData/Local/Temp/RtmpMhncNM/file3aec2fdc6d7b.png, id=249, 469.755pt x 216.81pt>
File: ../../../AppData/Local/Temp/RtmpMhncNM/file3aec2fdc6d7b.png Graphic file (type png)
<use ../../../AppData/Local/Temp/RtmpMhncNM/file3aec2fdc6d7b.png>
Package pdftex.def Info: ../../../AppData/Local/Temp/RtmpMhncNM/file3aec2fdc6d7b.png  used on input line 893.
(pdftex.def)             Requested size: 500.484pt x 230.99193pt.
[23 <../../../AppData/Local/Temp/RtmpMhncNM/file3aec44420f3.png>]
<../../../AppData/Local/Temp/RtmpMhncNM/file3aec69f9cc2.png, id=260, 469.755pt x 180.675pt>
File: ../../../AppData/Local/Temp/RtmpMhncNM/file3aec69f9cc2.png Graphic file (type png)
<use ../../../AppData/Local/Temp/RtmpMhncNM/file3aec69f9cc2.png>
Package pdftex.def Info: ../../../AppData/Local/Temp/RtmpMhncNM/file3aec69f9cc2.png  used on input line 904.
(pdftex.def)             Requested size: 500.484pt x 192.49326pt.
<../../../AppData/Local/Temp/RtmpMhncNM/file3aec597076cf.png, id=263, 469.755pt x 180.675pt>
File: ../../../AppData/Local/Temp/RtmpMhncNM/file3aec597076cf.png Graphic file (type png)
<use ../../../AppData/Local/Temp/RtmpMhncNM/file3aec597076cf.png>
Package pdftex.def Info: ../../../AppData/Local/Temp/RtmpMhncNM/file3aec597076cf.png  used on input line 915.
(pdftex.def)             Requested size: 500.484pt x 192.49326pt.
[24 <../../../AppData/Local/Temp/RtmpMhncNM/file3aec2fdc6d7b.png> <../../../AppData/Local/Temp/RtmpMhncNM/file3aec69f9cc2.png>] [25 <../../../AppData/Local/Temp/RtmpMhncNM/file3aec597076cf.png>]
<../../../AppData/Local/Temp/RtmpMhncNM/file3aec5d735d00.png, id=292, 469.755pt x 361.35pt>
File: ../../../AppData/Local/Temp/RtmpMhncNM/file3aec5d735d00.png Graphic file (type png)
<use ../../../AppData/Local/Temp/RtmpMhncNM/file3aec5d735d00.png>
Package pdftex.def Info: ../../../AppData/Local/Temp/RtmpMhncNM/file3aec5d735d00.png  used on input line 952.
(pdftex.def)             Requested size: 500.484pt x 384.98656pt.
[26]
<../../../AppData/Local/Temp/RtmpMhncNM/file3aec158d2a5c.png, id=302, 469.755pt x 144.54pt>
File: ../../../AppData/Local/Temp/RtmpMhncNM/file3aec158d2a5c.png Graphic file (type png)
<use ../../../AppData/Local/Temp/RtmpMhncNM/file3aec158d2a5c.png>
Package pdftex.def Info: ../../../AppData/Local/Temp/RtmpMhncNM/file3aec158d2a5c.png  used on input line 961.
(pdftex.def)             Requested size: 500.484pt x 153.9946pt.
<../../../AppData/Local/Temp/RtmpMhncNM/file3aec62fc219.png, id=303, 469.755pt x 144.54pt>
File: ../../../AppData/Local/Temp/RtmpMhncNM/file3aec62fc219.png Graphic file (type png)
<use ../../../AppData/Local/Temp/RtmpMhncNM/file3aec62fc219.png>
Package pdftex.def Info: ../../../AppData/Local/Temp/RtmpMhncNM/file3aec62fc219.png  used on input line 970.
(pdftex.def)             Requested size: 500.484pt x 153.9946pt.
[27 <../../../AppData/Local/Temp/RtmpMhncNM/file3aec5d735d00.png> <../../../AppData/Local/Temp/RtmpMhncNM/file3aec158d2a5c.png>]
<../../../AppData/Local/Temp/RtmpMhncNM/file3aec452c15aa.png, id=316, 469.755pt x 180.675pt>
File: ../../../AppData/Local/Temp/RtmpMhncNM/file3aec452c15aa.png Graphic file (type png)
<use ../../../AppData/Local/Temp/RtmpMhncNM/file3aec452c15aa.png>
Package pdftex.def Info: ../../../AppData/Local/Temp/RtmpMhncNM/file3aec452c15aa.png  used on input line 985.
(pdftex.def)             Requested size: 500.484pt x 192.49326pt.
<../../../AppData/Local/Temp/RtmpMhncNM/file3aec56c3668.png, id=317, 469.755pt x 216.81pt>
File: ../../../AppData/Local/Temp/RtmpMhncNM/file3aec56c3668.png Graphic file (type png)
<use ../../../AppData/Local/Temp/RtmpMhncNM/file3aec56c3668.png>
Package pdftex.def Info: ../../../AppData/Local/Temp/RtmpMhncNM/file3aec56c3668.png  used on input line 994.
(pdftex.def)             Requested size: 500.484pt x 230.99193pt.
[28 <../../../AppData/Local/Temp/RtmpMhncNM/file3aec62fc219.png> <../../../AppData/Local/Temp/RtmpMhncNM/file3aec452c15aa.png>]
<../../../AppData/Local/Temp/RtmpMhncNM/file3aec73e33034.png, id=326, 469.755pt x 216.81pt>
File: ../../../AppData/Local/Temp/RtmpMhncNM/file3aec73e33034.png Graphic file (type png)
<use ../../../AppData/Local/Temp/RtmpMhncNM/file3aec73e33034.png>
Package pdftex.def Info: ../../../AppData/Local/Temp/RtmpMhncNM/file3aec73e33034.png  used on input line 1003.
(pdftex.def)             Requested size: 500.484pt x 230.99193pt.
[29 <../../../AppData/Local/Temp/RtmpMhncNM/file3aec56c3668.png> <../../../AppData/Local/Temp/RtmpMhncNM/file3aec73e33034.png>]
<../../../AppData/Local/Temp/RtmpMhncNM/file3aec5627532e.png, id=335, 469.755pt x 252.945pt>
File: ../../../AppData/Local/Temp/RtmpMhncNM/file3aec5627532e.png Graphic file (type png)
<use ../../../AppData/Local/Temp/RtmpMhncNM/file3aec5627532e.png>
Package pdftex.def Info: ../../../AppData/Local/Temp/RtmpMhncNM/file3aec5627532e.png  used on input line 1016.
(pdftex.def)             Requested size: 500.484pt x 269.49059pt.
<../../../AppData/Local/Temp/RtmpMhncNM/file3aec61517f08.png, id=336, 469.755pt x 252.945pt>
File: ../../../AppData/Local/Temp/RtmpMhncNM/file3aec61517f08.png Graphic file (type png)
<use ../../../AppData/Local/Temp/RtmpMhncNM/file3aec61517f08.png>
Package pdftex.def Info: ../../../AppData/Local/Temp/RtmpMhncNM/file3aec61517f08.png  used on input line 1025.
(pdftex.def)             Requested size: 500.484pt x 269.49059pt.
[30 <../../../AppData/Local/Temp/RtmpMhncNM/file3aec5627532e.png>] [31 <../../../AppData/Local/Temp/RtmpMhncNM/file3aec61517f08.png>]
<../../../AppData/Local/Temp/RtmpMhncNM/file3aec45a52101.png, id=357, 469.755pt x 252.945pt>
File: ../../../AppData/Local/Temp/RtmpMhncNM/file3aec45a52101.png Graphic file (type png)
<use ../../../AppData/Local/Temp/RtmpMhncNM/file3aec45a52101.png>
Package pdftex.def Info: ../../../AppData/Local/Temp/RtmpMhncNM/file3aec45a52101.png  used on input line 1064.
(pdftex.def)             Requested size: 500.484pt x 269.49059pt.
<../../../AppData/Local/Temp/RtmpMhncNM/file3aec2ab740cf.png, id=358, 542.025pt x 289.08pt>
File: ../../../AppData/Local/Temp/RtmpMhncNM/file3aec2ab740cf.png Graphic file (type png)
<use ../../../AppData/Local/Temp/RtmpMhncNM/file3aec2ab740cf.png>
Package pdftex.def Info: ../../../AppData/Local/Temp/RtmpMhncNM/file3aec2ab740cf.png  used on input line 1073.
(pdftex.def)             Requested size: 500.484pt x 266.93605pt.
[32 <../../../AppData/Local/Temp/RtmpMhncNM/file3aec45a52101.png>]
<../../../AppData/Local/Temp/RtmpMhncNM/file3aec5f4f26f1.png, id=370, 469.755pt x 252.945pt>
File: ../../../AppData/Local/Temp/RtmpMhncNM/file3aec5f4f26f1.png Graphic file (type png)
<use ../../../AppData/Local/Temp/RtmpMhncNM/file3aec5f4f26f1.png>
Package pdftex.def Info: ../../../AppData/Local/Temp/RtmpMhncNM/file3aec5f4f26f1.png  used on input line 1082.
(pdftex.def)             Requested size: 500.484pt x 269.49059pt.
[33 <../../../AppData/Local/Temp/RtmpMhncNM/file3aec2ab740cf.png> <../../../AppData/Local/Temp/RtmpMhncNM/file3aec5f4f26f1.png>]
<../../../AppData/Local/Temp/RtmpMhncNM/file3aec314e7016.png, id=379, 469.755pt x 198.7425pt>
File: ../../../AppData/Local/Temp/RtmpMhncNM/file3aec314e7016.png Graphic file (type png)
<use ../../../AppData/Local/Temp/RtmpMhncNM/file3aec314e7016.png>
Package pdftex.def Info: ../../../AppData/Local/Temp/RtmpMhncNM/file3aec314e7016.png  used on input line 1095.
(pdftex.def)             Requested size: 500.484pt x 211.74258pt.
<../../../AppData/Local/Temp/RtmpMhncNM/file3aec2b42700.png, id=385, 469.755pt x 216.81pt>
File: ../../../AppData/Local/Temp/RtmpMhncNM/file3aec2b42700.png Graphic file (type png)
<use ../../../AppData/Local/Temp/RtmpMhncNM/file3aec2b42700.png>
Package pdftex.def Info: ../../../AppData/Local/Temp/RtmpMhncNM/file3aec2b42700.png  used on input line 1106.
(pdftex.def)             Requested size: 500.484pt x 230.99193pt.
[34 <../../../AppData/Local/Temp/RtmpMhncNM/file3aec314e7016.png>]
<../../../AppData/Local/Temp/RtmpMhncNM/file3aec40c06052.png, id=398, 469.755pt x 216.81pt>
File: ../../../AppData/Local/Temp/RtmpMhncNM/file3aec40c06052.png Graphic file (type png)
<use ../../../AppData/Local/Temp/RtmpMhncNM/file3aec40c06052.png>
Package pdftex.def Info: ../../../AppData/Local/Temp/RtmpMhncNM/file3aec40c06052.png  used on input line 1115.
(pdftex.def)             Requested size: 500.484pt x 230.99193pt.
<../../../AppData/Local/Temp/RtmpMhncNM/file3aec330839e1.png, id=399, 469.755pt x 216.81pt>
File: ../../../AppData/Local/Temp/RtmpMhncNM/file3aec330839e1.png Graphic file (type png)
<use ../../../AppData/Local/Temp/RtmpMhncNM/file3aec330839e1.png>
Package pdftex.def Info: ../../../AppData/Local/Temp/RtmpMhncNM/file3aec330839e1.png  used on input line 1124.
(pdftex.def)             Requested size: 500.484pt x 230.99193pt.
[35 <../../../AppData/Local/Temp/RtmpMhncNM/file3aec2b42700.png> <../../../AppData/Local/Temp/RtmpMhncNM/file3aec40c06052.png>]
<../../../AppData/Local/Temp/RtmpMhncNM/file3aec6fbe5ffd.png, id=410, 469.755pt x 216.81pt>
File: ../../../AppData/Local/Temp/RtmpMhncNM/file3aec6fbe5ffd.png Graphic file (type png)
<use ../../../AppData/Local/Temp/RtmpMhncNM/file3aec6fbe5ffd.png>
Package pdftex.def Info: ../../../AppData/Local/Temp/RtmpMhncNM/file3aec6fbe5ffd.png  used on input line 1135.
(pdftex.def)             Requested size: 500.484pt x 230.99193pt.
<../../../AppData/Local/Temp/RtmpMhncNM/file3aec7aca63e7.png, id=411, 469.755pt x 216.81pt>
File: ../../../AppData/Local/Temp/RtmpMhncNM/file3aec7aca63e7.png Graphic file (type png)
<use ../../../AppData/Local/Temp/RtmpMhncNM/file3aec7aca63e7.png>
Package pdftex.def Info: ../../../AppData/Local/Temp/RtmpMhncNM/file3aec7aca63e7.png  used on input line 1144.
(pdftex.def)             Requested size: 500.484pt x 230.99193pt.
[36 <../../../AppData/Local/Temp/RtmpMhncNM/file3aec330839e1.png> <../../../AppData/Local/Temp/RtmpMhncNM/file3aec6fbe5ffd.png>]
<../../../AppData/Local/Temp/RtmpMhncNM/file3aec274814d0.png, id=420, 469.755pt x 180.675pt>
File: ../../../AppData/Local/Temp/RtmpMhncNM/file3aec274814d0.png Graphic file (type png)
<use ../../../AppData/Local/Temp/RtmpMhncNM/file3aec274814d0.png>
Package pdftex.def Info: ../../../AppData/Local/Temp/RtmpMhncNM/file3aec274814d0.png  used on input line 1155.
(pdftex.def)             Requested size: 500.484pt x 192.49326pt.
<../../../AppData/Local/Temp/RtmpMhncNM/file3aec7df42e19.png, id=421, 469.755pt x 180.675pt>
File: ../../../AppData/Local/Temp/RtmpMhncNM/file3aec7df42e19.png Graphic file (type png)
<use ../../../AppData/Local/Temp/RtmpMhncNM/file3aec7df42e19.png>
Package pdftex.def Info: ../../../AppData/Local/Temp/RtmpMhncNM/file3aec7df42e19.png  used on input line 1164.
(pdftex.def)             Requested size: 500.484pt x 192.49326pt.
[37 <../../../AppData/Local/Temp/RtmpMhncNM/file3aec7aca63e7.png> <../../../AppData/Local/Temp/RtmpMhncNM/file3aec274814d0.png>]
<../../../AppData/Local/Temp/RtmpMhncNM/file3aec17166f10.png, id=429, 469.755pt x 289.08pt>
File: ../../../AppData/Local/Temp/RtmpMhncNM/file3aec17166f10.png Graphic file (type png)
<use ../../../AppData/Local/Temp/RtmpMhncNM/file3aec17166f10.png>
Package pdftex.def Info: ../../../AppData/Local/Temp/RtmpMhncNM/file3aec17166f10.png  used on input line 1175.
(pdftex.def)             Requested size: 500.484pt x 307.98923pt.
[38 <../../../AppData/Local/Temp/RtmpMhncNM/file3aec7df42e19.png>] [39 <../../../AppData/Local/Temp/RtmpMhncNM/file3aec17166f10.png>]
<../../../AppData/Local/Temp/RtmpMhncNM/file3aec16c66fa4.png, id=448, 469.755pt x 289.08pt>
File: ../../../AppData/Local/Temp/RtmpMhncNM/file3aec16c66fa4.png Graphic file (type png)
<use ../../../AppData/Local/Temp/RtmpMhncNM/file3aec16c66fa4.png>
Package pdftex.def Info: ../../../AppData/Local/Temp/RtmpMhncNM/file3aec16c66fa4.png  used on input line 1202.
(pdftex.def)             Requested size: 500.484pt x 307.98923pt.
[40 <../../../AppData/Local/Temp/RtmpMhncNM/file3aec16c66fa4.png>]
<../../../AppData/Local/Temp/RtmpMhncNM/file3aec70a022c5.png, id=461, 469.755pt x 180.675pt>
File: ../../../AppData/Local/Temp/RtmpMhncNM/file3aec70a022c5.png Graphic file (type png)
<use ../../../AppData/Local/Temp/RtmpMhncNM/file3aec70a022c5.png>
Package pdftex.def Info: ../../../AppData/Local/Temp/RtmpMhncNM/file3aec70a022c5.png  used on input line 1223.
(pdftex.def)             Requested size: 500.484pt x 192.49326pt.
[41 <../../../AppData/Local/Temp/RtmpMhncNM/file3aec70a022c5.png>]
<../../../AppData/Local/Temp/RtmpMhncNM/file3aec56416cd2.png, id=472, 469.755pt x 180.675pt>
File: ../../../AppData/Local/Temp/RtmpMhncNM/file3aec56416cd2.png Graphic file (type png)
<use ../../../AppData/Local/Temp/RtmpMhncNM/file3aec56416cd2.png>
Package pdftex.def Info: ../../../AppData/Local/Temp/RtmpMhncNM/file3aec56416cd2.png  used on input line 1236.
(pdftex.def)             Requested size: 500.484pt x 192.49326pt.
<../../../AppData/Local/Temp/RtmpMhncNM/file3aec9c1756a.png, id=475, 469.755pt x 289.08pt>
File: ../../../AppData/Local/Temp/RtmpMhncNM/file3aec9c1756a.png Graphic file (type png)
<use ../../../AppData/Local/Temp/RtmpMhncNM/file3aec9c1756a.png>
Package pdftex.def Info: ../../../AppData/Local/Temp/RtmpMhncNM/file3aec9c1756a.png  used on input line 1247.
(pdftex.def)             Requested size: 500.484pt x 307.98923pt.
[42 <../../../AppData/Local/Temp/RtmpMhncNM/file3aec56416cd2.png>] [43 <../../../AppData/Local/Temp/RtmpMhncNM/file3aec9c1756a.png>]
<../../../AppData/Local/Temp/RtmpMhncNM/file3aec3ff3dad.png, id=492, 469.755pt x 542.025pt>
File: ../../../AppData/Local/Temp/RtmpMhncNM/file3aec3ff3dad.png Graphic file (type png)
<use ../../../AppData/Local/Temp/RtmpMhncNM/file3aec3ff3dad.png>
Package pdftex.def Info: ../../../AppData/Local/Temp/RtmpMhncNM/file3aec3ff3dad.png  used on input line 1272.
(pdftex.def)             Requested size: 500.484pt x 577.47983pt.
[44] [45 <../../../AppData/Local/Temp/RtmpMhncNM/file3aec3ff3dad.png>]
<../../../AppData/Local/Temp/RtmpMhncNM/file3aec45a698b.png, id=504, 469.755pt x 361.35pt>
File: ../../../AppData/Local/Temp/RtmpMhncNM/file3aec45a698b.png Graphic file (type png)
<use ../../../AppData/Local/Temp/RtmpMhncNM/file3aec45a698b.png>
Package pdftex.def Info: ../../../AppData/Local/Temp/RtmpMhncNM/file3aec45a698b.png  used on input line 1283.
(pdftex.def)             Requested size: 500.484pt x 384.98656pt.
[46 <../../../AppData/Local/Temp/RtmpMhncNM/file3aec45a698b.png>]
<../../../AppData/Local/Temp/RtmpMhncNM/file3aec4532c17.png, id=513, 437.83575pt x 260.172pt>
File: ../../../AppData/Local/Temp/RtmpMhncNM/file3aec4532c17.png Graphic file (type png)
<use ../../../AppData/Local/Temp/RtmpMhncNM/file3aec4532c17.png>
Package pdftex.def Info: ../../../AppData/Local/Temp/RtmpMhncNM/file3aec4532c17.png  used on input line 1304.
(pdftex.def)             Requested size: 500.484pt x 297.41296pt.
[47 <../../../AppData/Local/Temp/RtmpMhncNM/file3aec4532c17.png>]
<../../../AppData/Local/Temp/RtmpMhncNM/file3aec1e501bf8.png, id=524, 469.755pt x 180.675pt>
File: ../../../AppData/Local/Temp/RtmpMhncNM/file3aec1e501bf8.png Graphic file (type png)
<use ../../../AppData/Local/Temp/RtmpMhncNM/file3aec1e501bf8.png>
Package pdftex.def Info: ../../../AppData/Local/Temp/RtmpMhncNM/file3aec1e501bf8.png  used on input line 1317.
(pdftex.def)             Requested size: 500.484pt x 192.49326pt.
<../../../AppData/Local/Temp/RtmpMhncNM/file3aec6eb85713.png, id=527, 469.755pt x 289.08pt>
File: ../../../AppData/Local/Temp/RtmpMhncNM/file3aec6eb85713.png Graphic file (type png)
<use ../../../AppData/Local/Temp/RtmpMhncNM/file3aec6eb85713.png>
Package pdftex.def Info: ../../../AppData/Local/Temp/RtmpMhncNM/file3aec6eb85713.png  used on input line 1328.
(pdftex.def)             Requested size: 500.484pt x 307.98923pt.
[48 <../../../AppData/Local/Temp/RtmpMhncNM/file3aec1e501bf8.png>]
<../../../AppData/Local/Temp/RtmpMhncNM/file3aec8252f3e.png, id=539, 469.755pt x 361.35pt>
File: ../../../AppData/Local/Temp/RtmpMhncNM/file3aec8252f3e.png Graphic file (type png)
<use ../../../AppData/Local/Temp/RtmpMhncNM/file3aec8252f3e.png>
Package pdftex.def Info: ../../../AppData/Local/Temp/RtmpMhncNM/file3aec8252f3e.png  used on input line 1343.
(pdftex.def)             Requested size: 500.484pt x 384.98656pt.
[49 <../../../AppData/Local/Temp/RtmpMhncNM/file3aec6eb85713.png>] [50 <../../../AppData/Local/Temp/RtmpMhncNM/file3aec8252f3e.png>]
<../../../AppData/Local/Temp/RtmpMhncNM/file3aec58422530.png, id=560, 917.1063pt x 466.1415pt>
File: ../../../AppData/Local/Temp/RtmpMhncNM/file3aec58422530.png Graphic file (type png)
<use ../../../AppData/Local/Temp/RtmpMhncNM/file3aec58422530.png>
Package pdftex.def Info: ../../../AppData/Local/Temp/RtmpMhncNM/file3aec58422530.png  used on input line 1360.
(pdftex.def)             Requested size: 500.484pt x 254.37993pt.
<../../../AppData/Local/Temp/RtmpMhncNM/file3aec45853.png, id=561, 469.755pt x 289.08pt>
File: ../../../AppData/Local/Temp/RtmpMhncNM/file3aec45853.png Graphic file (type png)
<use ../../../AppData/Local/Temp/RtmpMhncNM/file3aec45853.png>
Package pdftex.def Info: ../../../AppData/Local/Temp/RtmpMhncNM/file3aec45853.png  used on input line 1368.
(pdftex.def)             Requested size: 500.484pt x 307.98923pt.
[51 <../../../AppData/Local/Temp/RtmpMhncNM/file3aec58422530.png> <../../../AppData/Local/Temp/RtmpMhncNM/file3aec45853.png>]
<../../../AppData/Local/Temp/RtmpMhncNM/file3aec54e51d84.png, id=570, 469.755pt x 216.81pt>
File: ../../../AppData/Local/Temp/RtmpMhncNM/file3aec54e51d84.png Graphic file (type png)
<use ../../../AppData/Local/Temp/RtmpMhncNM/file3aec54e51d84.png>
Package pdftex.def Info: ../../../AppData/Local/Temp/RtmpMhncNM/file3aec54e51d84.png  used on input line 1379.
(pdftex.def)             Requested size: 500.484pt x 230.99193pt.
<../../../AppData/Local/Temp/RtmpMhncNM/file3aec69d227ed.png, id=575, 2975.115pt x 1136.245pt>
File: ../../../AppData/Local/Temp/RtmpMhncNM/file3aec69d227ed.png Graphic file (type png)
<use ../../../AppData/Local/Temp/RtmpMhncNM/file3aec69d227ed.png>
Package pdftex.def Info: ../../../AppData/Local/Temp/RtmpMhncNM/file3aec69d227ed.png  used on input line 1390.
(pdftex.def)             Requested size: 500.484pt x 191.13058pt.
[52 <../../../AppData/Local/Temp/RtmpMhncNM/file3aec54e51d84.png>] [53{c:/Users/joseph.caracappa/AppData/Roaming/TinyTeX/texmf-dist/fonts/enc/dvips/lm/lm-rm.enc} <../../../AppData/Local/Temp/RtmpMhncNM/file3aec69d227ed.png>]
<../../../AppData/Local/Temp/RtmpMhncNM/file3aec4783b7b.png, id=604, 633.8079pt x 817.6146pt>
File: ../../../AppData/Local/Temp/RtmpMhncNM/file3aec4783b7b.png Graphic file (type png)
<use ../../../AppData/Local/Temp/RtmpMhncNM/file3aec4783b7b.png>
Package pdftex.def Info: ../../../AppData/Local/Temp/RtmpMhncNM/file3aec4783b7b.png  used on input line 1423.
(pdftex.def)             Requested size: 450.43253pt x 581.07184pt.
[54]
<../../../AppData/Local/Temp/RtmpMhncNM/file3aec60e44001.png, id=611, 469.755pt x 289.08pt>
File: ../../../AppData/Local/Temp/RtmpMhncNM/file3aec60e44001.png Graphic file (type png)
<use ../../../AppData/Local/Temp/RtmpMhncNM/file3aec60e44001.png>
Package pdftex.def Info: ../../../AppData/Local/Temp/RtmpMhncNM/file3aec60e44001.png  used on input line 1432.
(pdftex.def)             Requested size: 500.484pt x 307.98923pt.
[55 <../../../AppData/Local/Temp/RtmpMhncNM/file3aec4783b7b.png>]
<../../../AppData/Local/Temp/RtmpMhncNM/file3aec69b8acf.png, id=619, 469.755pt x 216.81pt>
File: ../../../AppData/Local/Temp/RtmpMhncNM/file3aec69b8acf.png Graphic file (type png)
<use ../../../AppData/Local/Temp/RtmpMhncNM/file3aec69b8acf.png>
Package pdftex.def Info: ../../../AppData/Local/Temp/RtmpMhncNM/file3aec69b8acf.png  used on input line 1445.
(pdftex.def)             Requested size: 500.484pt x 230.99193pt.
[56 <../../../AppData/Local/Temp/RtmpMhncNM/file3aec60e44001.png>]
<../../../AppData/Local/Temp/RtmpMhncNM/file3aec794963da.png, id=630, 469.755pt x 505.89pt>
File: ../../../AppData/Local/Temp/RtmpMhncNM/file3aec794963da.png Graphic file (type png)
<use ../../../AppData/Local/Temp/RtmpMhncNM/file3aec794963da.png>
Package pdftex.def Info: ../../../AppData/Local/Temp/RtmpMhncNM/file3aec794963da.png  used on input line 1560.
(pdftex.def)             Requested size: 500.484pt x 538.98117pt.

Underfull \hbox (badness 10000) in paragraph at lines 1560--1561

 []

[57 <../../../AppData/Local/Temp/RtmpMhncNM/file3aec69b8acf.png>] [58 <../../../AppData/Local/Temp/RtmpMhncNM/file3aec794963da.png>]
<../../../AppData/Local/Temp/RtmpMhncNM/file3aec6f2e7706.png, id=644, 469.755pt x 361.1091pt>
File: ../../../AppData/Local/Temp/RtmpMhncNM/file3aec6f2e7706.png Graphic file (type png)
<use ../../../AppData/Local/Temp/RtmpMhncNM/file3aec6f2e7706.png>
Package pdftex.def Info: ../../../AppData/Local/Temp/RtmpMhncNM/file3aec6f2e7706.png  used on input line 1569.
(pdftex.def)             Requested size: 500.484pt x 384.72989pt.

Underfull \hbox (badness 10000) in paragraph at lines 1569--1570

 []

[59 <../../../AppData/Local/Temp/RtmpMhncNM/file3aec6f2e7706.png>]
<../../../AppData/Local/Temp/RtmpMhncNM/file3aec597c609a.jpg, id=655, 614.295pt x 794.97pt>
File: ../../../AppData/Local/Temp/RtmpMhncNM/file3aec597c609a.jpg Graphic file (type jpg)
<use ../../../AppData/Local/Temp/RtmpMhncNM/file3aec597c609a.jpg>
Package pdftex.def Info: ../../../AppData/Local/Temp/RtmpMhncNM/file3aec597c609a.jpg  used on input line 1590.
(pdftex.def)             Requested size: 275.26772pt x 356.22905pt.
[60] [61 <../../../AppData/Local/Temp/RtmpMhncNM/file3aec597c609a.jpg>]
<../../../AppData/Local/Temp/RtmpMhncNM/file3aec5296e3a.png, id=671, 982.6311pt x 481.19775pt>
File: ../../../AppData/Local/Temp/RtmpMhncNM/file3aec5296e3a.png Graphic file (type png)
<use ../../../AppData/Local/Temp/RtmpMhncNM/file3aec5296e3a.png>
Package pdftex.def Info: ../../../AppData/Local/Temp/RtmpMhncNM/file3aec5296e3a.png  used on input line 1617.
(pdftex.def)             Requested size: 500.484pt x 245.08453pt.
<../../../AppData/Local/Temp/RtmpMhncNM/file3aec4fb94630.png, id=675, 433.62pt x 216.81pt>
File: ../../../AppData/Local/Temp/RtmpMhncNM/file3aec4fb94630.png Graphic file (type png)
<use ../../../AppData/Local/Temp/RtmpMhncNM/file3aec4fb94630.png>
Package pdftex.def Info: ../../../AppData/Local/Temp/RtmpMhncNM/file3aec4fb94630.png  used on input line 1628.
(pdftex.def)             Requested size: 500.484pt x 250.25586pt.
[62 <../../../AppData/Local/Temp/RtmpMhncNM/file3aec5296e3a.png>]
<../../../AppData/Local/Temp/RtmpMhncNM/file3aec5f07da4.png, id=684, 982.6311pt x 481.19775pt>
File: ../../../AppData/Local/Temp/RtmpMhncNM/file3aec5f07da4.png Graphic file (type png)
<use ../../../AppData/Local/Temp/RtmpMhncNM/file3aec5f07da4.png>
Package pdftex.def Info: ../../../AppData/Local/Temp/RtmpMhncNM/file3aec5f07da4.png  used on input line 1639.
(pdftex.def)             Requested size: 500.484pt x 245.08453pt.
[63 <../../../AppData/Local/Temp/RtmpMhncNM/file3aec4fb94630.png>] [64 <../../../AppData/Local/Temp/RtmpMhncNM/file3aec5f07da4.png>]
<../../../AppData/Local/Temp/RtmpMhncNM/file3aec4ce97358.png, id=698, 508.7808pt x 554.67226pt>
File: ../../../AppData/Local/Temp/RtmpMhncNM/file3aec4ce97358.png Graphic file (type png)
<use ../../../AppData/Local/Temp/RtmpMhncNM/file3aec4ce97358.png>
Package pdftex.def Info: ../../../AppData/Local/Temp/RtmpMhncNM/file3aec4ce97358.png  used on input line 1668.
(pdftex.def)             Requested size: 250.24199pt x 272.81587pt.
[65 <../../../AppData/Local/Temp/RtmpMhncNM/file3aec4ce97358.png>]
<SOE2026_MAFMC_IR_V2_files/figure-latex/docformat-1.pdf, id=709, 469.755pt x 210.7875pt>
File: SOE2026_MAFMC_IR_V2_files/figure-latex/docformat-1.pdf Graphic file (type pdf)
<use SOE2026_MAFMC_IR_V2_files/figure-latex/docformat-1.pdf>
Package pdftex.def Info: SOE2026_MAFMC_IR_V2_files/figure-latex/docformat-1.pdf  used on input line 1693.
(pdftex.def)             Requested size: 500.484pt x 224.57549pt.
[66]
Overfull \hbox (25.40596pt too wide) in alignment at lines 1714--1722
 [] [] [] [] [] 
 []


Overfull \hbox (25.40596pt too wide) in alignment at lines 1722--1728
 [] [] [] [] [] 
 []


Overfull \hbox (25.40596pt too wide) in alignment at lines 1728--1762
 [] [] [] [] [] 
 []

ignored error: Infinite glue shrinkage found in box being split [67 <./SOE2026_MAFMC_IR_V2_files/figure-latex/docformat-1.pdf>] [68] (./SOE2026_MAFMC_IR_V2.aux * soulpos - computing points - it may take a few seconds *
\openout3 = `SOE2026_MAFMC_IR_V2.upb'.

(./SOE2026_MAFMC_IR_V2.upa))
 ***********
LaTeX2e <2025-11-01>
L3 programming layer <2026-01-19>
 ***********

LaTeX Warning: There were undefined references.


LaTeX Warning: There were multiply-defined labels.

 ) 
Here is how much of TeX's memory you used:
 20349 strings out of 469514
 400985 string characters out of 5467188
 820394 words of memory out of 5000000
 48480 multiletter control sequences out of 15000+600000
 717156 words of font info for 95 fonts, out of 8000000 for 9000
 14 hyphenation exceptions out of 8191
 77i,15n,117p,2704b,620s stack positions out of 10000i,1000n,20000p,200000b,200000s
<c:/Users/joseph.caracappa/AppData/Roaming/TinyTeX/texmf-dist/fonts/type1/public/lm/lmbx10.pfb><c:/Users/joseph.caracappa/AppData/Roaming/TinyTeX/texmf-dist/fonts/type1/public/lm/lmbx9.pfb><c:/Users/joseph.caracappa/AppData/Roaming/TinyTeX/texmf-dist/fonts/type1/public/lm/lmmi6.pfb><c:/Users/joseph.caracappa/AppData/Roaming/TinyTeX/texmf-dist/fonts/type1/public/lm/lmmi9.pfb><c:/Users/joseph.caracappa/AppData/Roaming/TinyTeX/texmf-dist/fonts/type1/public/lm/lmr10.pfb><c:/Users/joseph.caracappa/AppData/Roaming/TinyTeX/texmf-dist/fonts/type1/public/lm/lmr6.pfb><c:/Users/joseph.caracappa/AppData/Roaming/TinyTeX/texmf-dist/fonts/type1/public/lm/lmr7.pfb><c:/Users/joseph.caracappa/AppData/Roaming/TinyTeX/texmf-dist/fonts/type1/public/lm/lmr8.pfb><c:/Users/joseph.caracappa/AppData/Roaming/TinyTeX/texmf-dist/fonts/type1/public/lm/lmr9.pfb><c:/Users/joseph.caracappa/AppData/Roaming/TinyTeX/texmf-dist/fonts/type1/public/lm/lmri10.pfb><c:/Users/joseph.caracappa/AppData/Roaming/TinyTeX/texmf-dist/fonts/type1/public/lm/lmri9.pfb><c:/Users/joseph.caracappa/AppData/Roaming/TinyTeX/texmf-dist/fonts/type1/public/lm/lmss17.pfb><c:/Users/joseph.caracappa/AppData/Roaming/TinyTeX/texmf-dist/fonts/type1/public/lm/lmssbx10.pfb><c:/Users/joseph.caracappa/AppData/Roaming/TinyTeX/texmf-dist/fonts/type1/public/lm/lmsso10.pfb>
Output written on SOE2026_MAFMC_IR_V2.pdf (65 pages, 17489186 bytes).
PDF statistics:
 951 PDF objects out of 1000 (max. 8388607)
 767 compressed objects within 8 object streams
 198 named destinations out of 1000 (max. 500000)
 610 words of extra memory for PDF output out of 10000 (max. 10000000)

