This is pdfTeX, Version 3.141592653-2.6-1.40.29 (TeX Live 2026) (preloaded format=pdflatex 2026.3.12)  17 MAR 2026 13:26
entering extended mode
 restricted \write18 enabled.
 %&-line parsing enabled.
**C:/Users/stephanie.owen/Documents/READ-EDAB-SOE_reports/SOE2026_NEFMC_IR_Final.tex
(c:/Users/stephanie.owen/Documents/READ-EDAB-SOE_reports/SOE2026_NEFMC_IR_Final.tex
LaTeX2e <2025-11-01>
L3 programming layer <2026-01-19>
(c:/Users/stephanie.owen/AppData/Roaming/TinyTeX/texmf-dist/tex/latex/base/article.cls
Document Class: article 2025/01/22 v1.4n Standard LaTeX document class
(c:/Users/stephanie.owen/AppData/Roaming/TinyTeX/texmf-dist/tex/latex/base/size10.clo
File: size10.clo 2025/01/22 v1.4n Standard LaTeX file (size option)
)
\c@part=\count275
\c@section=\count276
\c@subsection=\count277
\c@subsubsection=\count278
\c@paragraph=\count279
\c@subparagraph=\count280
\c@figure=\count281
\c@table=\count282
\abovecaptionskip=\skip49
\belowcaptionskip=\skip50
\bibindent=\dimen148
) (c:/Users/stephanie.owen/AppData/Roaming/TinyTeX/texmf-dist/tex/latex/xcolor/xcolor.sty
Package: xcolor 2024/09/29 v3.02 LaTeX color extensions (UK)
(c:/Users/stephanie.owen/AppData/Roaming/TinyTeX/texmf-dist/tex/latex/graphics-cfg/color.cfg
File: color.cfg 2016/01/02 v1.6 sample color configuration
)
Package xcolor Info: Driver file: pdftex.def on input line 274.
(c:/Users/stephanie.owen/AppData/Roaming/TinyTeX/texmf-dist/tex/latex/graphics-def/pdftex.def
File: pdftex.def 2025/09/29 v1.2d Graphics/color driver for pdftex
) (c:/Users/stephanie.owen/AppData/Roaming/TinyTeX/texmf-dist/tex/latex/graphics/mathcolor.ltx)
Package xcolor Info: Model `cmy' substituted by `cmy0' on input line 1349.
Package xcolor Info: Model `hsb' substituted by `rgb' on input line 1353.
Package xcolor Info: Model `RGB' extended on input line 1365.
Package xcolor Info: Model `HTML' substituted by `rgb' on input line 1367.
Package xcolor Info: Model `Hsb' substituted by `hsb' on input line 1368.
Package xcolor Info: Model `tHsb' substituted by `hsb' on input line 1369.
Package xcolor Info: Model `HSB' substituted by `hsb' on input line 1370.
Package xcolor Info: Model `Gray' substituted by `gray' on input line 1371.
Package xcolor Info: Model `wave' substituted by `hsb' on input line 1372.
) (c:/Users/stephanie.owen/AppData/Roaming/TinyTeX/texmf-dist/tex/latex/graphics/dvipsnam.def
File: dvipsnam.def 2016/06/17 v3.0m Driver-dependent file (DPC,SPQR)
) (c:/Users/stephanie.owen/AppData/Roaming/TinyTeX/texmf-dist/tex/latex/xcolor/svgnam.def
File: svgnam.def 2024/09/29 v3.02 Predefined colors according to SVG 1.1 (UK)
) (c:/Users/stephanie.owen/AppData/Roaming/TinyTeX/texmf-dist/tex/latex/xcolor/x11nam.def
File: x11nam.def 2024/09/29 v3.02 Predefined colors according to Unix/X11 (UK)
) (c:/Users/stephanie.owen/AppData/Roaming/TinyTeX/texmf-dist/tex/latex/geometry/geometry.sty
Package: geometry 2026/03/07 v6.0 Page Geometry
(c:/Users/stephanie.owen/AppData/Roaming/TinyTeX/texmf-dist/tex/latex/graphics/keyval.sty
Package: keyval 2022/05/29 v1.15 key=value parser (DPC)
\KV@toks@=\toks17
) (c:/Users/stephanie.owen/AppData/Roaming/TinyTeX/texmf-dist/tex/generic/iftex/ifvtex.sty
Package: ifvtex 2019/10/25 v1.7 ifvtex legacy package. Use iftex instead.
(c:/Users/stephanie.owen/AppData/Roaming/TinyTeX/texmf-dist/tex/generic/iftex/iftex.sty
Package: iftex 2024/12/12 v1.0g TeX engine tests
))
\Gm@cnth=\count283
\Gm@cntv=\count284
\c@Gm@tempcnt=\count285
\Gm@bindingoffset=\dimen149
\Gm@wd@mp=\dimen150
\Gm@odd@mp=\dimen151
\Gm@even@mp=\dimen152
\Gm@layoutwidth=\dimen153
\Gm@layoutheight=\dimen154
\Gm@layouthoffset=\dimen155
\Gm@layoutvoffset=\dimen156
\Gm@dimlist=\toks18
) (c:/Users/stephanie.owen/AppData/Roaming/TinyTeX/texmf-dist/tex/latex/amsmath/amsmath.sty
Package: amsmath 2025/07/09 v2.17z AMS math features
\@mathmargin=\skip51
For additional information on amsmath, use the `?' option.
(c:/Users/stephanie.owen/AppData/Roaming/TinyTeX/texmf-dist/tex/latex/amsmath/amstext.sty
Package: amstext 2024/11/17 v2.01 AMS text
(c:/Users/stephanie.owen/AppData/Roaming/TinyTeX/texmf-dist/tex/latex/amsmath/amsgen.sty
File: amsgen.sty 1999/11/30 v2.0 generic functions
\@emptytoks=\toks19
\ex@=\dimen157
)) (c:/Users/stephanie.owen/AppData/Roaming/TinyTeX/texmf-dist/tex/latex/amsmath/amsbsy.sty
Package: amsbsy 1999/11/29 v1.2d Bold Symbols
\pmbraise@=\dimen158
) (c:/Users/stephanie.owen/AppData/Roaming/TinyTeX/texmf-dist/tex/latex/amsmath/amsopn.sty
Package: amsopn 2022/04/08 v2.04 operator names
)
\inf@bad=\count286
LaTeX Info: Redefining \frac on input line 233.
\uproot@=\count287
\leftroot@=\count288
LaTeX Info: Redefining \overline on input line 398.
LaTeX Info: Redefining \colon on input line 409.
\classnum@=\count289
\DOTSCASE@=\count290
LaTeX Info: Redefining \ldots on input line 495.
LaTeX Info: Redefining \dots on input line 498.
LaTeX Info: Redefining \cdots on input line 619.
\Mathstrutbox@=\box53
\strutbox@=\box54
LaTeX Info: Redefining \big on input line 721.
LaTeX Info: Redefining \Big on input line 722.
LaTeX Info: Redefining \bigg on input line 723.
LaTeX Info: Redefining \Bigg on input line 724.
\big@size=\dimen159
LaTeX Font Info:    Redeclaring font encoding OML on input line 742.
LaTeX Font Info:    Redeclaring font encoding OMS on input line 743.
\macc@depth=\count291
LaTeX Info: Redefining \bmod on input line 904.
LaTeX Info: Redefining \pmod on input line 909.
LaTeX Info: Redefining \smash on input line 939.
LaTeX Info: Redefining \relbar on input line 969.
LaTeX Info: Redefining \Relbar on input line 970.
\c@MaxMatrixCols=\count292
\dotsspace@=\muskip17
\c@parentequation=\count293
\dspbrk@lvl=\count294
\tag@help=\toks20
\row@=\count295
\column@=\count296
\maxfields@=\count297
\andhelp@=\toks21
\eqnshift@=\dimen160
\alignsep@=\dimen161
\tagshift@=\dimen162
\tagwidth@=\dimen163
\totwidth@=\dimen164
\lineht@=\dimen165
\@envbody=\toks22
\multlinegap=\skip52
\multlinetaggap=\skip53
\mathdisplay@stack=\toks23
LaTeX Info: Redefining \[ on input line 2950.
LaTeX Info: Redefining \] on input line 2951.
) (c:/Users/stephanie.owen/AppData/Roaming/TinyTeX/texmf-dist/tex/latex/amsfonts/amssymb.sty
Package: amssymb 2013/01/14 v3.01 AMS font symbols
(c:/Users/stephanie.owen/AppData/Roaming/TinyTeX/texmf-dist/tex/latex/amsfonts/amsfonts.sty
Package: amsfonts 2013/01/14 v3.01 Basic AMSFonts support
\symAMSa=\mathgroup4
\symAMSb=\mathgroup5
LaTeX Font Info:    Redeclaring math symbol \hbar on input line 98.
LaTeX Font Info:    Overwriting math alphabet `\mathfrak' in version `bold'
(Font)                  U/euf/m/n --> U/euf/b/n on input line 106.
)) (c:/Users/stephanie.owen/AppData/Roaming/TinyTeX/texmf-dist/tex/latex/base/fontenc.sty
Package: fontenc 2025/07/18 v2.1d Standard LaTeX package
) (c:/Users/stephanie.owen/AppData/Roaming/TinyTeX/texmf-dist/tex/latex/base/inputenc.sty
Package: inputenc 2024/02/08 v1.3d Input encoding file
\inpenc@prehook=\toks24
\inpenc@posthook=\toks25
) (c:/Users/stephanie.owen/AppData/Roaming/TinyTeX/texmf-dist/tex/latex/base/textcomp.sty
Package: textcomp 2024/04/24 v2.1b Standard LaTeX package
) (c:/Users/stephanie.owen/AppData/Roaming/TinyTeX/texmf-dist/tex/latex/lm/lmodern.sty
Package: lmodern 2015/05/01 v1.6.1 Latin Modern Fonts
LaTeX Font Info:    Overwriting symbol font `operators' in version `normal'
(Font)                  OT1/cmr/m/n --> OT1/lmr/m/n on input line 22.
LaTeX Font Info:    Overwriting symbol font `letters' in version `normal'
(Font)                  OML/cmm/m/it --> OML/lmm/m/it on input line 23.
LaTeX Font Info:    Overwriting symbol font `symbols' in version `normal'
(Font)                  OMS/cmsy/m/n --> OMS/lmsy/m/n on input line 24.
LaTeX Font Info:    Overwriting symbol font `largesymbols' in version `normal'
(Font)                  OMX/cmex/m/n --> OMX/lmex/m/n on input line 25.
LaTeX Font Info:    Overwriting symbol font `operators' in version `bold'
(Font)                  OT1/cmr/bx/n --> OT1/lmr/bx/n on input line 26.
LaTeX Font Info:    Overwriting symbol font `letters' in version `bold'
(Font)                  OML/cmm/b/it --> OML/lmm/b/it on input line 27.
LaTeX Font Info:    Overwriting symbol font `symbols' in version `bold'
(Font)                  OMS/cmsy/b/n --> OMS/lmsy/b/n on input line 28.
LaTeX Font Info:    Overwriting symbol font `largesymbols' in version `bold'
(Font)                  OMX/cmex/m/n --> OMX/lmex/m/n on input line 29.
LaTeX Font Info:    Overwriting math alphabet `\mathbf' in version `normal'
(Font)                  OT1/cmr/bx/n --> OT1/lmr/bx/n on input line 31.
LaTeX Font Info:    Overwriting math alphabet `\mathsf' in version `normal'
(Font)                  OT1/cmss/m/n --> OT1/lmss/m/n on input line 32.
LaTeX Font Info:    Overwriting math alphabet `\mathit' in version `normal'
(Font)                  OT1/cmr/m/it --> OT1/lmr/m/it on input line 33.
LaTeX Font Info:    Overwriting math alphabet `\mathtt' in version `normal'
(Font)                  OT1/cmtt/m/n --> OT1/lmtt/m/n on input line 34.
LaTeX Font Info:    Overwriting math alphabet `\mathbf' in version `bold'
(Font)                  OT1/cmr/bx/n --> OT1/lmr/bx/n on input line 35.
LaTeX Font Info:    Overwriting math alphabet `\mathsf' in version `bold'
(Font)                  OT1/cmss/bx/n --> OT1/lmss/bx/n on input line 36.
LaTeX Font Info:    Overwriting math alphabet `\mathit' in version `bold'
(Font)                  OT1/cmr/bx/it --> OT1/lmr/bx/it on input line 37.
LaTeX Font Info:    Overwriting math alphabet `\mathtt' in version `bold'
(Font)                  OT1/cmtt/m/n --> OT1/lmtt/m/n on input line 38.
) (c:/Users/stephanie.owen/AppData/Roaming/TinyTeX/texmf-dist/tex/latex/tools/longtable.sty
Package: longtable 2025-10-13 v4.24 Multi-page Table package (DPC)
\LTleft=\skip54
\LTright=\skip55
\LTpre=\skip56
\LTpost=\skip57
\LTchunksize=\count298
\LTcapwidth=\dimen166
\LT@head=\box55
\LT@firsthead=\box56
\LT@foot=\box57
\LT@lastfoot=\box58
\LT@gbox=\box59
\LT@cols=\count299
\LT@rows=\count300
\c@LT@tables=\count301
\c@LT@chunks=\count302
\LT@p@ftn=\toks26
) (c:/Users/stephanie.owen/AppData/Roaming/TinyTeX/texmf-dist/tex/latex/booktabs/booktabs.sty
Package: booktabs 2020/01/12 v1.61803398 Publication quality tables
\heavyrulewidth=\dimen167
\lightrulewidth=\dimen168
\cmidrulewidth=\dimen169
\belowrulesep=\dimen170
\belowbottomsep=\dimen171
\aboverulesep=\dimen172
\abovetopsep=\dimen173
\cmidrulesep=\dimen174
\cmidrulekern=\dimen175
\defaultaddspace=\dimen176
\@cmidla=\count303
\@cmidlb=\count304
\@aboverulesep=\dimen177
\@belowrulesep=\dimen178
\@thisruleclass=\count305
\@lastruleclass=\count306
\@thisrulewidth=\dimen179
) (c:/Users/stephanie.owen/AppData/Roaming/TinyTeX/texmf-dist/tex/latex/tools/array.sty
Package: array 2025/09/25 v2.6n Tabular extension package (FMi)
\col@sep=\dimen180
\ar@mcellbox=\box60
\extrarowheight=\dimen181
\NC@list=\toks27
\extratabsurround=\skip58
\backup@length=\skip59
\ar@cellbox=\box61
) (c:/Users/stephanie.owen/AppData/Roaming/TinyTeX/texmf-dist/tex/latex/tools/calc.sty
Package: calc 2025/03/01 v4.3b Infix arithmetic (KKT,FJ)
\calc@Acount=\count307
\calc@Bcount=\count308
\calc@Adimen=\dimen182
\calc@Bdimen=\dimen183
\calc@Askip=\skip60
\calc@Bskip=\skip61
LaTeX Info: Redefining \setlength on input line 86.
LaTeX Info: Redefining \addtolength on input line 87.
\calc@Ccount=\count309
\calc@Cskip=\skip62
) (c:/Users/stephanie.owen/AppData/Roaming/TinyTeX/texmf-dist/tex/latex/etoolbox/etoolbox.sty
Package: etoolbox 2025/10/02 v2.5m e-TeX tools for LaTeX (JAW)
\etb@tempcnta=\count310
) (c:/Users/stephanie.owen/AppData/Roaming/TinyTeX/texmf-dist/tex/latex/mdwtools/footnote.sty
Package: footnote 1997/01/28 1.13 Save footnotes around boxes
\fn@notes=\box62
\fn@width=\dimen184
) (c:/Users/stephanie.owen/AppData/Roaming/TinyTeX/texmf-dist/tex/latex/graphics/graphicx.sty
Package: graphicx 2024/12/31 v1.2e Enhanced LaTeX Graphics (DPC,SPQR)
(c:/Users/stephanie.owen/AppData/Roaming/TinyTeX/texmf-dist/tex/latex/graphics/graphics.sty
Package: graphics 2024/08/06 v1.4g Standard LaTeX Graphics (DPC,SPQR)
(c:/Users/stephanie.owen/AppData/Roaming/TinyTeX/texmf-dist/tex/latex/graphics/trig.sty
Package: trig 2023/12/02 v1.11 sin cos tan (DPC)
) (c:/Users/stephanie.owen/AppData/Roaming/TinyTeX/texmf-dist/tex/latex/graphics-cfg/graphics.cfg
File: graphics.cfg 2016/06/04 v1.11 sample graphics configuration
)
Package graphics Info: Driver file: pdftex.def on input line 106.
)
\Gin@req@height=\dimen185
\Gin@req@width=\dimen186
)
\pandoc@box=\box63
(c:/Users/stephanie.owen/AppData/Roaming/TinyTeX/texmf-dist/tex/latex/mathdesign/mathdesign.sty
Package: mathdesign 2013/08/29 v2.31 Math Design Project
(c:/Users/stephanie.owen/AppData/Roaming/TinyTeX/texmf-dist/tex/latex/base/ifthen.sty
Package: ifthen 2024/03/16 v1.1e Standard LaTeX ifthen package (DPC)
)

Package mathdesign Warning: No font specified on input line 175.


Package mathdesign Warning: `urw-palatino' option not defined. on input line 177.

LaTeX Encoding Info:    Redeclaring text command \textcircled (encoding OMS) on input line 206.
(c:/Users/stephanie.owen/AppData/Roaming/TinyTeX/texmf-dist/tex/latex/base/fontenc.sty
Package: fontenc 2025/07/18 v2.1d Standard LaTeX package
LaTeX Font Info:    Trying to load font information for T1+lmr on input line 116.
(c:/Users/stephanie.owen/AppData/Roaming/TinyTeX/texmf-dist/tex/latex/lm/t1lmr.fd
File: t1lmr.fd 2015/05/01 v1.6.1 Font defs for Latin Modern
))) (c:/Users/stephanie.owen/AppData/Roaming/TinyTeX/texmf-dist/tex/latex/base/fontenc.sty
Package: fontenc 2025/07/18 v2.1d Standard LaTeX package
) (c:/Users/stephanie.owen/AppData/Roaming/TinyTeX/texmf-dist/tex/latex/accsupp/accsupp.sty
Package: accsupp 2019/12/05 v0.6 Accessibility support by marked content (HO)
(c:/Users/stephanie.owen/AppData/Roaming/TinyTeX/texmf-dist/tex/generic/pdfescape/pdfescape.sty
Package: pdfescape 2019/12/09 v1.15 Implements pdfTeX's escape features (HO)
(c:/Users/stephanie.owen/AppData/Roaming/TinyTeX/texmf-dist/tex/generic/ltxcmds/ltxcmds.sty
Package: ltxcmds 2023-12-04 v1.26 LaTeX kernel commands for general use (HO)
) (c:/Users/stephanie.owen/AppData/Roaming/TinyTeX/texmf-dist/tex/generic/pdftexcmds/pdftexcmds.sty
Package: pdftexcmds 2020-06-27 v0.33 Utility functions of pdfTeX for LuaTeX (HO)
(c:/Users/stephanie.owen/AppData/Roaming/TinyTeX/texmf-dist/tex/generic/infwarerr/infwarerr.sty
Package: infwarerr 2019/12/03 v1.5 Providing info/warning/error messages (HO)
)
Package pdftexcmds Info: \pdf@primitive is available.
Package pdftexcmds Info: \pdf@ifprimitive is available.
Package pdftexcmds Info: \pdfdraftmode found.
)) (c:/Users/stephanie.owen/AppData/Roaming/TinyTeX/texmf-dist/tex/latex/kvoptions/kvoptions.sty
Package: kvoptions 2022-06-15 v3.15 Key value format for package options (HO)
(c:/Users/stephanie.owen/AppData/Roaming/TinyTeX/texmf-dist/tex/latex/kvsetkeys/kvsetkeys.sty
Package: kvsetkeys 2022-10-05 v1.19 Key value parser (HO)
)) (c:/Users/stephanie.owen/AppData/Roaming/TinyTeX/texmf-dist/tex/latex/accsupp/accsupp-pdftex.def
File: accsupp-pdftex.def 2019/12/05 v0.6 accsupp driver for pdfTeX (HO)
)) (c:/Users/stephanie.owen/AppData/Roaming/TinyTeX/texmf-dist/tex/latex/pdfcomment/pdfcomment.sty
Package: pdfcomment 2018/11/01 pdfcomment.sty v2.4a - Josef Kleber (C) 2008-2012, 2015-2016, 2018
(c:/Users/stephanie.owen/AppData/Roaming/TinyTeX/texmf-dist/tex/latex/xkeyval/xkeyval.sty
Package: xkeyval 2025/11/04 v2.10 package option processing (HA)
(c:/Users/stephanie.owen/AppData/Roaming/TinyTeX/texmf-dist/tex/generic/xkeyval/xkeyval.tex (c:/Users/stephanie.owen/AppData/Roaming/TinyTeX/texmf-dist/tex/generic/xkeyval/xkvutils.tex
\XKV@toks=\toks28
\XKV@tempa@toks=\toks29
\XKV@tempb@toks=\toks30
)
\XKV@depth=\count311
File: xkeyval.tex 2014/12/03 v2.7a key=value parser (HA)
))
\c@pc@count@i=\count312
\c@pc@count@ii=\count313
\c@pc@count@iii=\count314
\c@pc@count@iv=\count315
\pc@mathannot@box=\box64
\pc@nullbox=\box65
\pc@dima=\skip63
\pc@dimb=\skip64
\pc@Sposx=\skip65
\pc@Sposy=\skip66
\pc@Eposx=\skip67
\pc@Eposy=\skip68
\pc@column=\skip69
\pc@box@width=\skip70
\pc@box@height=\skip71
\pc@box@depth=\skip72
(c:/Users/stephanie.owen/AppData/Roaming/TinyTeX/texmf-dist/tex/latex/datetime2/datetime2.sty
Package: datetime2 2021/03/21 v1.5.7 (NLCT) date and time formats
(c:/Users/stephanie.owen/AppData/Roaming/TinyTeX/texmf-dist/tex/latex/tracklang/tracklang.sty
Package: tracklang 2025/03/11 v1.6.6 (NLCT) Track Languages
(c:/Users/stephanie.owen/AppData/Roaming/TinyTeX/texmf-dist/tex/generic/tracklang/tracklang.tex))) (c:/Users/stephanie.owen/AppData/Roaming/TinyTeX/texmf-dist/tex/latex/zref/zref-savepos.sty
Package: zref-savepos 2026-03-07 v2.37 Module savepos for zref (HO)
(c:/Users/stephanie.owen/AppData/Roaming/TinyTeX/texmf-dist/tex/latex/zref/zref-base.sty
Package: zref-base 2026-03-07 v2.37 Module base for zref (HO)
(c:/Users/stephanie.owen/AppData/Roaming/TinyTeX/texmf-dist/tex/generic/kvdefinekeys/kvdefinekeys.sty
Package: kvdefinekeys 2019-12-19 v1.6 Define keys (HO)
) (c:/Users/stephanie.owen/AppData/Roaming/TinyTeX/texmf-dist/tex/generic/etexcmds/etexcmds.sty
Package: etexcmds 2019/12/15 v1.7 Avoid name clashes with e-TeX commands (HO)
) (c:/Users/stephanie.owen/AppData/Roaming/TinyTeX/texmf-dist/tex/latex/auxhook/auxhook.sty
Package: auxhook 2019-12-17 v1.6 Hooks for auxiliary files (HO)
)
Package zref Info: New property list: main on input line 767.
Package zref Info: New property: default on input line 768.
Package zref Info: New property: page on input line 769.
)
Package zref Info: New property list: savepos on input line 56.
Package zref Info: New property: posx on input line 58.
Package zref Info: New property: posy on input line 59.
)
\c@zref@unique=\count316
(c:/Users/stephanie.owen/AppData/Roaming/TinyTeX/texmf-dist/tex/latex/refcount/refcount.sty
Package: refcount 2019/12/15 v3.6 Data extraction from label references (HO)
) (c:/Users/stephanie.owen/AppData/Roaming/TinyTeX/texmf-dist/tex/latex/marginnote/marginnote.sty
Package: marginnote 2026/01/02 1.4d non floating margin notes for LaTeX 
\c@mn@abspage=\count317
) (c:/Users/stephanie.owen/AppData/Roaming/TinyTeX/texmf-dist/tex/generic/iftex/ifpdf.sty
Package: ifpdf 2019/10/25 v3.4 ifpdf legacy package. Use iftex instead.
) (c:/Users/stephanie.owen/AppData/Roaming/TinyTeX/texmf-dist/tex/generic/iftex/ifluatex.sty
Package: ifluatex 2019/10/25 v1.5 ifluatex legacy package. Use iftex instead.
) (c:/Users/stephanie.owen/AppData/Roaming/TinyTeX/texmf-dist/tex/latex/soulpos/soulpos.sty
Package: soulpos 2021/10/15 v1.2 Fancy underlining
\ulp@subcnt=\count318
\ulp@cnt=\count319
\ulp@out=\write3
\ulp@in=\read2
\ulwidth=\dimen187
) (c:/Users/stephanie.owen/AppData/Roaming/TinyTeX/texmf-dist/tex/latex/hyperref/hyperref.sty
Package: hyperref 2026-01-29 v7.01p Hypertext links for LaTeX
(c:/Users/stephanie.owen/AppData/Roaming/TinyTeX/texmf-dist/tex/latex/hycolor/hycolor.sty
Package: hycolor 2020-01-27 v1.10 Color options for hyperref/bookmark (HO)
) (c:/Users/stephanie.owen/AppData/Roaming/TinyTeX/texmf-dist/tex/latex/hyperref/nameref.sty
Package: nameref 2026-01-29 v2.58 Cross-referencing by name of section
(c:/Users/stephanie.owen/AppData/Roaming/TinyTeX/texmf-dist/tex/generic/gettitlestring/gettitlestring.sty
Package: gettitlestring 2019/12/15 v1.6 Cleanup title references (HO)
)
\c@section@level=\count320
) (c:/Users/stephanie.owen/AppData/Roaming/TinyTeX/texmf-dist/tex/generic/stringenc/stringenc.sty
Package: stringenc 2019/11/29 v1.12 Convert strings between diff. encodings (HO)
)
\@linkdim=\dimen188
\Hy@linkcounter=\count321
\Hy@pagecounter=\count322
(c:/Users/stephanie.owen/AppData/Roaming/TinyTeX/texmf-dist/tex/latex/hyperref/pd1enc.def
File: pd1enc.def 2026-01-29 v7.01p Hyperref: PDFDocEncoding definition (HO)
Now handling font encoding PD1 ...
... no UTF-8 mapping file for font encoding PD1
) (c:/Users/stephanie.owen/AppData/Roaming/TinyTeX/texmf-dist/tex/generic/intcalc/intcalc.sty
Package: intcalc 2019/12/15 v1.3 Expandable calculations with integers (HO)
)
\Hy@SavedSpaceFactor=\count323
(c:/Users/stephanie.owen/AppData/Roaming/TinyTeX/texmf-dist/tex/latex/hyperref/puenc.def
File: puenc.def 2026-01-29 v7.01p Hyperref: PDF Unicode definition (HO)
Now handling font encoding PU ...
... no UTF-8 mapping file for font encoding PU
)
Package hyperref Info: Option `unicode' set `true' on input line 4072.
Package hyperref Info: Option `unicode' set `true' on input line 4072.
Package hyperref Info: Hyper figures OFF on input line 4201.
Package hyperref Info: Link nesting OFF on input line 4206.
Package hyperref Info: Hyper index ON on input line 4209.
Package hyperref Info: Plain pages OFF on input line 4216.
Package hyperref Info: Backreferencing OFF on input line 4221.
Package hyperref Info: Implicit mode ON; LaTeX internals redefined.
Package hyperref Info: Bookmarks ON on input line 4468.
\c@Hy@tempcnt=\count324
(c:/Users/stephanie.owen/AppData/Roaming/TinyTeX/texmf-dist/tex/latex/url/url.sty
\Urlmuskip=\muskip18
Package: url 2013/09/16  ver 3.4  Verb mode for urls, etc.
)
LaTeX Info: Redefining \url on input line 4807.
\XeTeXLinkMargin=\dimen189
(c:/Users/stephanie.owen/AppData/Roaming/TinyTeX/texmf-dist/tex/generic/bitset/bitset.sty
Package: bitset 2019/12/09 v1.3 Handle bit-vector datatype (HO)
(c:/Users/stephanie.owen/AppData/Roaming/TinyTeX/texmf-dist/tex/generic/bigintcalc/bigintcalc.sty
Package: bigintcalc 2019/12/15 v1.5 Expandable calculations on big integers (HO)
))
\Fld@menulength=\count325
\Field@Width=\dimen190
\Fld@charsize=\dimen191
Package hyperref Info: Hyper figures OFF on input line 6084.
Package hyperref Info: Link nesting OFF on input line 6089.
Package hyperref Info: Hyper index ON on input line 6092.
Package hyperref Info: backreferencing OFF on input line 6099.
Package hyperref Info: Link coloring OFF on input line 6104.
Package hyperref Info: Link coloring with OCG OFF on input line 6109.
Package hyperref Info: PDF/A mode OFF on input line 6114.
\Hy@abspage=\count326
\c@Item=\count327
\c@Hfootnote=\count328
)
Package hyperref Info: Driver: hpdftex.
(c:/Users/stephanie.owen/AppData/Roaming/TinyTeX/texmf-dist/tex/latex/hyperref/hpdftex.def
File: hpdftex.def 2026-01-29 v7.01p Hyperref driver for pdfTeX
\Fld@listcount=\count329
\c@bookmark@seq@number=\count330
(c:/Users/stephanie.owen/AppData/Roaming/TinyTeX/texmf-dist/tex/latex/rerunfilecheck/rerunfilecheck.sty
Package: rerunfilecheck 2025-06-21 v1.11 Rerun checks for auxiliary files (HO)
(c:/Users/stephanie.owen/AppData/Roaming/TinyTeX/texmf-dist/tex/generic/uniquecounter/uniquecounter.sty
Package: uniquecounter 2019/12/15 v1.4 Provide unlimited unique counter (HO)
)
Package uniquecounter Info: New unique counter `rerunfilecheck' on input line 284.
)
\Hy@SectionHShift=\skip73
)
Package zref Info: New property list: pdfcomment on input line 2735.
Package zref Info: New property: PCPDFOBJID on input line 2736.
) (c:/Users/stephanie.owen/AppData/Roaming/TinyTeX/texmf-dist/tex/generic/stringenc/se-pdfdoc.def
File: se-pdfdoc.def 2019/11/29 v1.12 stringenc: PDFDocEncoding
) (c:/Users/stephanie.owen/AppData/Roaming/TinyTeX/texmf-dist/tex/latex/caption/caption.sty
Package: caption 2023/08/05 v3.6o Customizing captions (AR)
(c:/Users/stephanie.owen/AppData/Roaming/TinyTeX/texmf-dist/tex/latex/caption/caption3.sty
Package: caption3 2023/07/31 v2.4d caption3 kernel (AR)
\caption@tempdima=\dimen192
\captionmargin=\dimen193
\caption@leftmargin=\dimen194
\caption@rightmargin=\dimen195
\caption@width=\dimen196
\caption@indent=\dimen197
\caption@parindent=\dimen198
\caption@hangindent=\dimen199
Package caption Info: Standard document class detected.
)
\c@caption@flags=\count331
\c@continuedfloat=\count332
Package caption Info: hyperref package is loaded.
Package caption Info: longtable package is loaded.
(c:/Users/stephanie.owen/AppData/Roaming/TinyTeX/texmf-dist/tex/latex/caption/ltcaption.sty
Package: ltcaption 2021/01/08 v1.4c longtable captions (AR)
)) (c:/Users/stephanie.owen/AppData/Roaming/TinyTeX/texmf-dist/tex/latex/fancyhdr/fancyhdr.sty
Package: fancyhdr 2025/02/07 v5.2 Extensive control of page headers and footers
\f@nch@headwidth=\skip74
\f@nch@offset@elh=\skip75
\f@nch@offset@erh=\skip76
\f@nch@offset@olh=\skip77
\f@nch@offset@orh=\skip78
\f@nch@offset@elf=\skip79
\f@nch@offset@erf=\skip80
\f@nch@offset@olf=\skip81
\f@nch@offset@orf=\skip82
\f@nch@height=\skip83
\f@nch@footalignment=\skip84
\f@nch@widthL=\skip85
\f@nch@widthC=\skip86
\f@nch@widthR=\skip87
\@temptokenb=\toks31
) (c:/Users/stephanie.owen/AppData/Roaming/TinyTeX/texmf-dist/tex/latex/float/float.sty
Package: float 2001/11/08 v1.3d Float enhancements (AL)
\c@float@type=\count333
\float@exts=\toks32
\float@box=\box66
\@float@everytoks=\toks33
\@floatcapt=\box67
) (c:/Users/stephanie.owen/AppData/Roaming/TinyTeX/texmf-dist/tex/latex/sectsty/sectsty.sty
Package: sectsty 2002/02/25 v2.0.2 Commands to change all sectional heading styles

LaTeX Warning: Command \underbar  has changed.
               Check if current package is valid.


LaTeX Warning: Command \underline  has changed.
               Check if current package is valid.

) (c:/Users/stephanie.owen/AppData/Roaming/TinyTeX/texmf-dist/tex/latex/multirow/multirow.sty
Package: multirow 2024/11/12 v2.9 Span multiple rows of a table
\multirow@colwidth=\skip88
\multirow@cntb=\count334
\multirow@dima=\skip89
\bigstrutjot=\dimen256
) (c:/Users/stephanie.owen/AppData/Roaming/TinyTeX/texmf-dist/tex/latex/tools/multicol.sty
Package: multicol 2025/10/21 v2.0b multicolumn formatting (FMi)
\c@tracingmulticols=\count335
\mult@box=\box68
\multicol@leftmargin=\dimen257
\c@unbalance=\count336
\c@collectmore=\count337
\doublecol@number=\count338
\multicoltolerance=\count339
\multicolpretolerance=\count340
\full@width=\dimen258
\page@free=\dimen259
\premulticols=\dimen260
\postmulticols=\dimen261
\multicolsep=\skip90
\multicolbaselineskip=\skip91
\partial@page=\box69
\last@line=\box70
\mc@boxedresult=\box71
\maxbalancingoverflow=\dimen262
\mult@rightbox=\box72
\mult@grightbox=\box73
\mult@firstbox=\box74
\mult@gfirstbox=\box75
\@tempa=\box76
\@tempa=\box77
\@tempa=\box78
\@tempa=\box79
\@tempa=\box80
\@tempa=\box81
\@tempa=\box82
\@tempa=\box83
\@tempa=\box84
\@tempa=\box85
\@tempa=\box86
\@tempa=\box87
\@tempa=\box88
\@tempa=\box89
\@tempa=\box90
\@tempa=\box91
\@tempa=\box92
\@tempa=\box93
\@tempa=\box94
\@tempa=\box95
\@tempa=\box96
\@tempa=\box97
\@tempa=\box98
\@tempa=\box99
\@tempa=\box100
\@tempa=\box101
\@tempa=\box102
\@tempa=\box103
\@tempa=\box104
\@tempa=\box105
\@tempa=\box106
\@tempa=\box107
\@tempa=\box108
\@tempa=\box109
\@tempa=\box110
\@tempa=\box111
\c@minrows=\count341
\c@columnbadness=\count342
\c@finalcolumnbadness=\count343
\last@try=\dimen263
\multicolovershoot=\dimen264
\multicolundershoot=\dimen265
\mult@nat@firstbox=\box112
\colbreak@box=\box113
\mc@col@check@num=\count344
\g__mc_curr_col_int=\count345
) (c:/Users/stephanie.owen/AppData/Roaming/TinyTeX/texmf-dist/tex/latex/colortbl/colortbl.sty
Package: colortbl 2024/10/29 v1.0k Color table columns (DPC)
\everycr=\toks34
\minrowclearance=\skip92
\rownum=\count346
) (c:/Users/stephanie.owen/AppData/Roaming/TinyTeX/texmf-dist/tex/generic/ulem/ulem.sty
\UL@box=\box114
\UL@hyphenbox=\box115
\UL@skip=\skip93
\UL@hook=\toks35
\UL@height=\dimen266
\UL@pe=\count347
\UL@pixel=\dimen267
\ULC@box=\box116
Package: ulem 2019/11/18
\ULdepth=\dimen268
) (c:/Users/stephanie.owen/AppData/Roaming/TinyTeX/texmf-dist/tex/latex/tools/hhline.sty
Package: hhline 2020/01/04 v2.04 Table rule package (DPC)
)
\Oldarrayrulewidth=\skip94
\Oldtabcolsep=\skip95
(c:/Users/stephanie.owen/AppData/Roaming/TinyTeX/texmf-dist/tex/latex/wrapfig/wrapfig.sty
\wrapoverhang=\dimen269
\WF@size=\dimen270
\c@WF@wrappedlines=\count348
\WF@box=\box117
\WF@everypar=\toks36
Package: wrapfig 2003/01/31  v 3.6
) (c:/Users/stephanie.owen/AppData/Roaming/TinyTeX/texmf-dist/tex/latex/bookmark/bookmark.sty
Package: bookmark 2023-12-10 v1.31 PDF bookmarks (HO)
(c:/Users/stephanie.owen/AppData/Roaming/TinyTeX/texmf-dist/tex/latex/bookmark/bkm-pdftex.def
File: bkm-pdftex.def 2023-12-10 v1.31 bookmark driver for pdfTeX and luaTeX (HO)
\BKM@id=\count349
))
Package hyperref Info: Option `colorlinks' set `true' on input line 164.
(c:/Users/stephanie.owen/AppData/Roaming/TinyTeX/texmf-dist/tex/latex/l3backend/l3backend-pdftex.def
File: l3backend-pdftex.def 2025-10-09 L3 backend support: PDF output (pdfTeX)
\l__color_backend_stack_int=\count350
) (./SOE2026_NEFMC_IR_Final.aux

LaTeX Warning: Label `tab:stock-status-table' multiply defined.


LaTeX Warning: Label `tab:wea-landings-rev-ne' multiply defined.


LaTeX Warning: Label `tab:species-groupings' multiply defined.

)
\openout1 = `SOE2026_NEFMC_IR_Final.aux'.

LaTeX Font Info:    Checking defaults for OML/cmm/m/it on input line 169.
LaTeX Font Info:    ... okay on input line 169.
LaTeX Font Info:    Checking defaults for OMS/cmsy/m/n on input line 169.
LaTeX Font Info:    ... okay on input line 169.
LaTeX Font Info:    Checking defaults for OT1/cmr/m/n on input line 169.
LaTeX Font Info:    ... okay on input line 169.
LaTeX Font Info:    Checking defaults for T1/cmr/m/n on input line 169.
LaTeX Font Info:    ... okay on input line 169.
LaTeX Font Info:    Checking defaults for TS1/cmr/m/n on input line 169.
LaTeX Font Info:    ... okay on input line 169.
LaTeX Font Info:    Checking defaults for OMX/cmex/m/n on input line 169.
LaTeX Font Info:    ... okay on input line 169.
LaTeX Font Info:    Checking defaults for U/cmr/m/n on input line 169.
LaTeX Font Info:    ... okay on input line 169.
LaTeX Font Info:    Checking defaults for PD1/pdf/m/n on input line 169.
LaTeX Font Info:    ... okay on input line 169.
LaTeX Font Info:    Checking defaults for PU/pdf/m/n on input line 169.
LaTeX Font Info:    ... okay on input line 169.
(c:/Users/stephanie.owen/AppData/Roaming/TinyTeX/texmf-dist/tex/latex/epstopdf-pkg/epstopdf-base.sty
Package: epstopdf-base 2020-01-24 v2.11 Base part for package epstopdf
Package epstopdf-base Info: Redefining graphics rule for `.eps' on input line 485.
(c:/Users/stephanie.owen/AppData/Roaming/TinyTeX/texmf-dist/tex/latex/latexconfig/epstopdf-sys.cfg
File: epstopdf-sys.cfg 2010/07/13 v1.3 Configuration of (r)epstopdf for TeX Live
))
*geometry* driver: auto-detecting
*geometry* detected driver: pdftex
*geometry* verbose mode - [ preamble ] result:
* driver: pdftex
* paper: <default>
* layout: <same size as paper>
* layoutoffset:(h,v)=(0.0pt,0.0pt)
* modes: 
* h-part:(L,W,R)=(56.9055pt, 500.484pt, 56.9055pt)
* v-part:(T,H,B)=(56.9055pt, 652.70622pt, 85.35826pt)
* \paperwidth=614.295pt
* \paperheight=794.96999pt
* \textwidth=500.484pt
* \textheight=652.70622pt
* \oddsidemargin=-15.36449pt
* \evensidemargin=-15.36449pt
* \topmargin=-52.36449pt
* \headheight=40.0pt
* \headsep=25.0pt
* \topskip=10.0pt
* \footskip=14.22636pt
* \marginparwidth=65.0pt
* \marginparsep=11.0pt
* \columnsep=10.0pt
* \skip\footins=9.0pt plus 4.0pt minus 2.0pt
* \hoffset=0.0pt
* \voffset=0.0pt
* \mag=1000
* \@twocolumnfalse
* \@twosidefalse
* \@mparswitchfalse
* \@reversemarginfalse
* (1in=72.27pt=25.4mm, 1cm=28.453pt)

Package soulpos Info: Loading soulutf8 on input line 169.
(c:/Users/stephanie.owen/AppData/Roaming/TinyTeX/texmf-dist/tex/generic/soul/soulutf8.sty
Package: soulutf8 2026-03-06 v3.2 Permit use of UTF-8 characters in soul (HO)

Package soulutf8 Warning: This package is obsolete,
(soulutf8)                use the soul package directly. 
(soulutf8)                 on input line 29.

) (c:/Users/stephanie.owen/AppData/Roaming/TinyTeX/texmf-dist/tex/generic/soul/soul.sty
Package: soul 2026-03-06 v3.2 Permit use of UTF-8 characters in soul (HO)
(c:/Users/stephanie.owen/AppData/Roaming/TinyTeX/texmf-dist/tex/generic/soul/soul-ori.sty
Package: soul-ori 2026-03-06 v3.2 letterspacing/underlining (mf)
\SOUL@word=\toks37
\SOUL@lasttoken=\toks38
\SOUL@syllable=\toks39
\SOUL@cmds=\toks40
\SOUL@buffer=\toks41
\SOUL@token=\toks42
\SOUL@syllgoal=\dimen271
\SOUL@syllwidth=\dimen272
\SOUL@charkern=\dimen273
\SOUL@hyphkern=\dimen274
\SOUL@dimen=\dimen275
\SOUL@dimeni=\dimen276
\SOUL@minus=\count351
\SOUL@comma=\count352
\SOUL@apo=\count353
\SOUL@grave=\count354
\SOUL@spaceskip=\skip96
\SOUL@ttwidth=\dimen277
\SOUL@uldp=\dimen278
\SOUL@ulht=\dimen279
))
Package hyperref Info: Link coloring ON on input line 169.
Package caption Info: Begin \AtBeginDocument code.
Package caption Info: float package is loaded.
Package caption Info: wrapfig package is loaded.
Package caption Info: End \AtBeginDocument code.
LaTeX Font Info:    Trying to load font information for T1+lmss on input line 174.
(c:/Users/stephanie.owen/AppData/Roaming/TinyTeX/texmf-dist/tex/latex/lm/t1lmss.fd
File: t1lmss.fd 2015/05/01 v1.6.1 Font defs for Latin Modern
)
LaTeX Font Info:    Trying to load font information for OT1+lmr on input line 184.
(c:/Users/stephanie.owen/AppData/Roaming/TinyTeX/texmf-dist/tex/latex/lm/ot1lmr.fd
File: ot1lmr.fd 2015/05/01 v1.6.1 Font defs for Latin Modern
)
LaTeX Font Info:    Trying to load font information for OML+lmm on input line 184.
(c:/Users/stephanie.owen/AppData/Roaming/TinyTeX/texmf-dist/tex/latex/lm/omllmm.fd
File: omllmm.fd 2015/05/01 v1.6.1 Font defs for Latin Modern
)
LaTeX Font Info:    Trying to load font information for OMS+lmsy on input line 184.
(c:/Users/stephanie.owen/AppData/Roaming/TinyTeX/texmf-dist/tex/latex/lm/omslmsy.fd
File: omslmsy.fd 2015/05/01 v1.6.1 Font defs for Latin Modern
)
LaTeX Font Info:    Trying to load font information for OMX+lmex on input line 184.
(c:/Users/stephanie.owen/AppData/Roaming/TinyTeX/texmf-dist/tex/latex/lm/omxlmex.fd
File: omxlmex.fd 2015/05/01 v1.6.1 Font defs for Latin Modern
)
LaTeX Font Info:    External font `lmex10' loaded for size
(Font)              <10> on input line 184.
LaTeX Font Info:    External font `lmex10' loaded for size
(Font)              <7> on input line 184.
LaTeX Font Info:    External font `lmex10' loaded for size
(Font)              <5> on input line 184.
LaTeX Font Info:    Trying to load font information for U+msa on input line 184.
(c:/Users/stephanie.owen/AppData/Roaming/TinyTeX/texmf-dist/tex/latex/amsfonts/umsa.fd
File: umsa.fd 2013/01/14 v3.01 AMS symbols A
)
LaTeX Font Info:    Trying to load font information for U+msb on input line 184.
(c:/Users/stephanie.owen/AppData/Roaming/TinyTeX/texmf-dist/tex/latex/amsfonts/umsb.fd
File: umsb.fd 2013/01/14 v3.01 AMS symbols B
)
LaTeX Font Info:    External font `lmex10' loaded for size
(Font)              <8> on input line 184.
LaTeX Font Info:    External font `lmex10' loaded for size
(Font)              <6> on input line 184.
[4{c:/Users/stephanie.owen/AppData/Roaming/TinyTeX/texmf-var/fonts/map/pdftex/updmap/pdftex.map}{c:/Users/stephanie.owen/AppData/Roaming/TinyTeX/texmf-dist/fonts/enc/dvips/lm/lm-ec.enc}

\openout3 = `SOE2026_NEFMC_IR_Final.upa'.

]
Package marginnote Info: Using workaround for absolute page number on input line 362.
<images/NewEngland/total_landings_NewEngland_2026-02-17.png, id=58, 469.755pt x 361.35pt>
File: images/NewEngland/total_landings_NewEngland_2026-02-17.png Graphic file (type png)
<use images/NewEngland/total_landings_NewEngland_2026-02-17.png>
Package pdftex.def Info: images/NewEngland/total_landings_NewEngland_2026-02-17.png  used on input line 386.
(pdftex.def)             Requested size: 500.484pt x 384.98656pt.
<images/NOAA_logo.png, id=59, 240.9pt x 240.9pt>
File: images/NOAA_logo.png Graphic file (type png)
<use images/NOAA_logo.png>
Package pdftex.def Info: images/NOAA_logo.png  used on input line 392.
(pdftex.def)             Requested size: 40.0pt x 39.99673pt.

Package fancyhdr Warning: \headheight is too small (40.0pt): 
(fancyhdr)                Make it at least 55.59677pt, for example:
(fancyhdr)                \setlength{\headheight}{55.59677pt}.
(fancyhdr)                You might also make \topmargin smaller:
(fancyhdr)                \addtolength{\topmargin}{-15.59677pt}.

[5 <./images/NOAA_logo.png>]
<images/NewEngland/commercial_landings_NewEngland_2026-02-17.png, id=71, 469.755pt x 505.89pt>
File: images/NewEngland/commercial_landings_NewEngland_2026-02-17.png Graphic file (type png)
<use images/NewEngland/commercial_landings_NewEngland_2026-02-17.png>
Package pdftex.def Info: images/NewEngland/commercial_landings_NewEngland_2026-02-17.png  used on input line 395.
(pdftex.def)             Requested size: 500.484pt x 538.98117pt.
[6 <./images/NewEngland/total_landings_NewEngland_2026-02-17.png>]
<images/NewEngland/climatevul_land_NewEngland_2026-03-16.png, id=78, 469.755pt x 180.675pt>
File: images/NewEngland/climatevul_land_NewEngland_2026-03-16.png Graphic file (type png)
<use images/NewEngland/climatevul_land_NewEngland_2026-03-16.png>
Package pdftex.def Info: images/NewEngland/climatevul_land_NewEngland_2026-03-16.png  used on input line 406.
(pdftex.def)             Requested size: 500.484pt x 192.49326pt.
[7 <./images/NewEngland/commercial_landings_NewEngland_2026-02-17.png>]
<images/NewEngland/rec_landings_NewEngland_2026-02-17.png, id=88, 469.755pt x 180.675pt>
File: images/NewEngland/rec_landings_NewEngland_2026-02-17.png Graphic file (type png)
<use images/NewEngland/rec_landings_NewEngland_2026-02-17.png>
Package pdftex.def Info: images/NewEngland/rec_landings_NewEngland_2026-02-17.png  used on input line 417.
(pdftex.def)             Requested size: 500.484pt x 192.49326pt.
<images/NewEngland/rec_hms_NE_NewEngland_2026-02-17.png, id=89, 469.755pt x 216.81pt>
File: images/NewEngland/rec_hms_NE_NewEngland_2026-02-17.png Graphic file (type png)
<use images/NewEngland/rec_hms_NE_NewEngland_2026-02-17.png>
Package pdftex.def Info: images/NewEngland/rec_hms_NE_NewEngland_2026-02-17.png  used on input line 426.
(pdftex.def)             Requested size: 500.484pt x 230.99193pt.
[8 <./images/NewEngland/climatevul_land_NewEngland_2026-03-16.png> <./images/NewEngland/rec_landings_NewEngland_2026-02-17.png>]
<images/NewEngland/stock_status_NewEngland_2026-02-17.png, id=100, 469.755pt x 397.485pt>
File: images/NewEngland/stock_status_NewEngland_2026-02-17.png Graphic file (type png)
<use images/NewEngland/stock_status_NewEngland_2026-02-17.png>
Package pdftex.def Info: images/NewEngland/stock_status_NewEngland_2026-02-17.png  used on input line 445.
(pdftex.def)             Requested size: 500.484pt x 423.48521pt.
LaTeX Font Info:    External font `lmex10' loaded for size
(Font)              <9> on input line 449.
[9 <./images/NewEngland/rec_hms_NE_NewEngland_2026-02-17.png>]
ignored: Infinite glue shrinkage found in box being split [10{c:/Users/stephanie.owen/AppData/Roaming/TinyTeX/texmf-dist/fonts/enc/dvips/lm/lm-mathit.enc} <./images/NewEngland/stock_status_NewEngland_2026-02-17.png>]
LaTeX Font Info:    Trying to load font information for TS1+lmr on input line 569.
(c:/Users/stephanie.owen/AppData/Roaming/TinyTeX/texmf-dist/tex/latex/lm/ts1lmr.fd
File: ts1lmr.fd 2015/05/01 v1.6.1 Font defs for Latin Modern
)

LaTeX Warning: Hyper reference `community-social-and-climate-vulnerability' on page 11 undefined on input line 575.

<images/NewEngland/aggregate_biomass_gb_NewEngland_2026-02-17.png, id=127, 469.755pt x 433.62pt>
File: images/NewEngland/aggregate_biomass_gb_NewEngland_2026-02-17.png Graphic file (type png)
<use images/NewEngland/aggregate_biomass_gb_NewEngland_2026-02-17.png>
Package pdftex.def Info: images/NewEngland/aggregate_biomass_gb_NewEngland_2026-02-17.png  used on input line 580.
(pdftex.def)             Requested size: 500.484pt x 461.98387pt.
[11{c:/Users/stephanie.owen/AppData/Roaming/TinyTeX/texmf-dist/fonts/enc/dvips/lm/lm-ts1.enc}]
<images/NewEngland/aggregate_biomass_gom_NewEngland_2026-02-17.png, id=142, 469.755pt x 433.62pt>
File: images/NewEngland/aggregate_biomass_gom_NewEngland_2026-02-17.png Graphic file (type png)
<use images/NewEngland/aggregate_biomass_gom_NewEngland_2026-02-17.png>
Package pdftex.def Info: images/NewEngland/aggregate_biomass_gom_NewEngland_2026-02-17.png  used on input line 589.
(pdftex.def)             Requested size: 500.484pt x 461.98387pt.
[12 <./images/NewEngland/aggregate_biomass_gb_NewEngland_2026-02-17.png>]
<images/NewEngland/mass_inshore_NewEngland_2026-02-17.png, id=148, 433.62pt x 433.62pt>
File: images/NewEngland/mass_inshore_NewEngland_2026-02-17.png Graphic file (type png)
<use images/NewEngland/mass_inshore_NewEngland_2026-02-17.png>
Package pdftex.def Info: images/NewEngland/mass_inshore_NewEngland_2026-02-17.png  used on input line 598.
(pdftex.def)             Requested size: 500.484pt x 500.51175pt.
[13 <./images/NewEngland/aggregate_biomass_gom_NewEngland_2026-02-17.png>]
<images/NewEngland/comm_revenue_NewEngland_2026-02-17.png, id=155, 469.755pt x 361.35pt>
File: images/NewEngland/comm_revenue_NewEngland_2026-02-17.png Graphic file (type png)
<use images/NewEngland/comm_revenue_NewEngland_2026-02-17.png>
Package pdftex.def Info: images/NewEngland/comm_revenue_NewEngland_2026-02-17.png  used on input line 613.
(pdftex.def)             Requested size: 500.484pt x 384.98656pt.
[14 <./images/NewEngland/mass_inshore_NewEngland_2026-02-17.png>]
<images/NewEngland/bennet_NewEngland_2026-02-17.png, id=166, 469.755pt x 433.62pt>
File: images/NewEngland/bennet_NewEngland_2026-02-17.png Graphic file (type png)
<use images/NewEngland/bennet_NewEngland_2026-02-17.png>
Package pdftex.def Info: images/NewEngland/bennet_NewEngland_2026-02-17.png  used on input line 628.
(pdftex.def)             Requested size: 500.484pt x 461.98387pt.
[15 <./images/NewEngland/comm_revenue_NewEngland_2026-02-17.png>]
<images/NewEngland/bennet_all_NewEngland_2026-02-17.png, id=173, 469.755pt x 433.62pt>
File: images/NewEngland/bennet_all_NewEngland_2026-02-17.png Graphic file (type png)
<use images/NewEngland/bennet_all_NewEngland_2026-02-17.png>
Package pdftex.def Info: images/NewEngland/bennet_all_NewEngland_2026-02-17.png  used on input line 638.
(pdftex.def)             Requested size: 500.484pt x 461.98387pt.
[16 <./images/NewEngland/bennet_NewEngland_2026-02-17.png>]
<images/NewEngland/comdat_profit_NewEngland_2026-02-17.png, id=179, 469.755pt x 361.35pt>
File: images/NewEngland/comdat_profit_NewEngland_2026-02-17.png Graphic file (type png)
<use images/NewEngland/comdat_profit_NewEngland_2026-02-17.png>
Package pdftex.def Info: images/NewEngland/comdat_profit_NewEngland_2026-02-17.png  used on input line 647.
(pdftex.def)             Requested size: 500.484pt x 384.98656pt.
[17 <./images/NewEngland/bennet_all_NewEngland_2026-02-17.png>]
<images/NewEngland/climatevul_rev_NewEngland_2026-03-16.png, id=189, 469.755pt x 180.675pt>
File: images/NewEngland/climatevul_rev_NewEngland_2026-03-16.png Graphic file (type png)
<use images/NewEngland/climatevul_rev_NewEngland_2026-03-16.png>
Package pdftex.def Info: images/NewEngland/climatevul_rev_NewEngland_2026-03-16.png  used on input line 662.
(pdftex.def)             Requested size: 500.484pt x 192.49326pt.
[18 <./images/NewEngland/comdat_profit_NewEngland_2026-02-17.png>]
<images/NewEngland/rec_op_NewEngland_2026-02-17.png, id=201, 469.755pt x 180.675pt>
File: images/NewEngland/rec_op_NewEngland_2026-02-17.png Graphic file (type png)
<use images/NewEngland/rec_op_NewEngland_2026-02-17.png>
Package pdftex.def Info: images/NewEngland/rec_op_NewEngland_2026-02-17.png  used on input line 681.
(pdftex.def)             Requested size: 500.484pt x 192.49326pt.
[19 <./images/NewEngland/climatevul_rev_NewEngland_2026-03-16.png>]
<images/NewEngland/rec_div_NewEngland_2026-02-17.png, id=211, 469.755pt x 180.675pt>
File: images/NewEngland/rec_div_NewEngland_2026-02-17.png Graphic file (type png)
<use images/NewEngland/rec_div_NewEngland_2026-02-17.png>
Package pdftex.def Info: images/NewEngland/rec_div_NewEngland_2026-02-17.png  used on input line 690.
(pdftex.def)             Requested size: 500.484pt x 192.49326pt.
[20 <./images/NewEngland/rec_op_NewEngland_2026-02-17.png> <./images/NewEngland/rec_div_NewEngland_2026-02-17.png>]
<images/NewEngland/commercial_engagement_NewEngland_2026-03-10.png, id=223, 505.89pt x 361.35pt>
File: images/NewEngland/commercial_engagement_NewEngland_2026-03-10.png Graphic file (type png)
<use images/NewEngland/commercial_engagement_NewEngland_2026-03-10.png>
Package pdftex.def Info: images/NewEngland/commercial_engagement_NewEngland_2026-03-10.png  used on input line 719.
(pdftex.def)             Requested size: 500.484pt x 357.495pt.
[21]
<images/NewEngland/recreational_engagement_NewEngland_2026-02-17.png, id=232, 469.755pt x 289.08pt>
File: images/NewEngland/recreational_engagement_NewEngland_2026-02-17.png Graphic file (type png)
<use images/NewEngland/recreational_engagement_NewEngland_2026-02-17.png>
Package pdftex.def Info: images/NewEngland/recreational_engagement_NewEngland_2026-02-17.png  used on input line 830.
(pdftex.def)             Requested size: 500.484pt x 307.98923pt.
[22 <./images/NewEngland/commercial_engagement_NewEngland_2026-03-10.png>] [23 <./images/NewEngland/recreational_engagement_NewEngland_2026-02-17.png>]
<images/NewEngland/commvulex_NewEngland_2026-03-16.png, id=246, 469.755pt x 289.08pt>
File: images/NewEngland/commvulex_NewEngland_2026-03-16.png Graphic file (type png)
<use images/NewEngland/commvulex_NewEngland_2026-03-16.png>
Package pdftex.def Info: images/NewEngland/commvulex_NewEngland_2026-03-16.png  used on input line 945.
(pdftex.def)             Requested size: 500.484pt x 307.98923pt.
[24 <./images/NewEngland/commvulex_NewEngland_2026-03-16.png>]
<images/BothReports/harborporpoise_BothReports_2026-02-17.png, id=256, 469.755pt x 216.81pt>
File: images/BothReports/harborporpoise_BothReports_2026-02-17.png Graphic file (type png)
<use images/BothReports/harborporpoise_BothReports_2026-02-17.png>
Package pdftex.def Info: images/BothReports/harborporpoise_BothReports_2026-02-17.png  used on input line 966.
(pdftex.def)             Requested size: 500.484pt x 230.99193pt.
<images/BothReports/grayseal_BothReports_2026-02-17.png, id=259, 469.755pt x 216.81pt>
File: images/BothReports/grayseal_BothReports_2026-02-17.png Graphic file (type png)
<use images/BothReports/grayseal_BothReports_2026-02-17.png>
Package pdftex.def Info: images/BothReports/grayseal_BothReports_2026-02-17.png  used on input line 977.
(pdftex.def)             Requested size: 500.484pt x 230.99193pt.
[25 <./images/BothReports/harborporpoise_BothReports_2026-02-17.png>]
<images/BothReports/narw_abundance_BothReports_2026-02-17.png, id=269, 469.755pt x 180.675pt>
File: images/BothReports/narw_abundance_BothReports_2026-02-17.png Graphic file (type png)
<use images/BothReports/narw_abundance_BothReports_2026-02-17.png>
Package pdftex.def Info: images/BothReports/narw_abundance_BothReports_2026-02-17.png  used on input line 988.
(pdftex.def)             Requested size: 500.484pt x 192.49326pt.
<images/BothReports/narw_calves_BothReports_2026-02-17.png, id=272, 469.755pt x 180.675pt>
File: images/BothReports/narw_calves_BothReports_2026-02-17.png Graphic file (type png)
<use images/BothReports/narw_calves_BothReports_2026-02-17.png>
Package pdftex.def Info: images/BothReports/narw_calves_BothReports_2026-02-17.png  used on input line 999.
(pdftex.def)             Requested size: 500.484pt x 192.49326pt.
[26 <./images/BothReports/grayseal_BothReports_2026-02-17.png> <./images/BothReports/narw_abundance_BothReports_2026-02-17.png>]
<images/BothReports/seal_pups_BothReports_2026-02-17.png, id=282, 469.755pt x 289.08pt>
File: images/BothReports/seal_pups_BothReports_2026-02-17.png Graphic file (type png)
<use images/BothReports/seal_pups_BothReports_2026-02-17.png>
Package pdftex.def Info: images/BothReports/seal_pups_BothReports_2026-02-17.png  used on input line 1016.
(pdftex.def)             Requested size: 500.484pt x 307.98923pt.
[27 <./images/BothReports/narw_calves_BothReports_2026-02-17.png>] [28 <./images/BothReports/seal_pups_BothReports_2026-02-17.png>]
<images/NewEngland/commercial_div_species_div_NewEngland_2026-02-17.png, id=305, 469.755pt x 144.54pt>
File: images/NewEngland/commercial_div_species_div_NewEngland_2026-02-17.png Graphic file (type png)
<use images/NewEngland/commercial_div_species_div_NewEngland_2026-02-17.png>
Package pdftex.def Info: images/NewEngland/commercial_div_species_div_NewEngland_2026-02-17.png  used on input line 1043.
(pdftex.def)             Requested size: 500.484pt x 153.9946pt.
<images/NewEngland/recdat_div_catch_NewEngland_2026-02-17.png, id=306, 469.755pt x 144.54pt>
File: images/NewEngland/recdat_div_catch_NewEngland_2026-02-17.png Graphic file (type png)
<use images/NewEngland/recdat_div_catch_NewEngland_2026-02-17.png>
Package pdftex.def Info: images/NewEngland/recdat_div_catch_NewEngland_2026-02-17.png  used on input line 1052.
(pdftex.def)             Requested size: 500.484pt x 153.9946pt.
[29 <./images/NewEngland/commercial_div_species_div_NewEngland_2026-02-17.png>]
<images/NewEngland/totpp_NewEngland_2026-02-17.png, id=315, 469.755pt x 289.08pt>
File: images/NewEngland/totpp_NewEngland_2026-02-17.png Graphic file (type png)
<use images/NewEngland/totpp_NewEngland_2026-02-17.png>
Package pdftex.def Info: images/NewEngland/totpp_NewEngland_2026-02-17.png  used on input line 1065.
(pdftex.def)             Requested size: 500.484pt x 307.98923pt.
[30 <./images/NewEngland/recdat_div_catch_NewEngland_2026-02-17.png> <./images/NewEngland/totpp_NewEngland_2026-02-17.png>]
<images/NewEngland/zoo_community_NewEngland_2026-02-17.png, id=323, 469.755pt x 252.945pt>
File: images/NewEngland/zoo_community_NewEngland_2026-02-17.png Graphic file (type png)
<use images/NewEngland/zoo_community_NewEngland_2026-02-17.png>
Package pdftex.def Info: images/NewEngland/zoo_community_NewEngland_2026-02-17.png  used on input line 1076.
(pdftex.def)             Requested size: 500.484pt x 269.49059pt.
<images/NewEngland/exp_n_NewEngland_2026-02-17.png, id=324, 469.755pt x 252.945pt>
File: images/NewEngland/exp_n_NewEngland_2026-02-17.png Graphic file (type png)
<use images/NewEngland/exp_n_NewEngland_2026-02-17.png>
Package pdftex.def Info: images/NewEngland/exp_n_NewEngland_2026-02-17.png  used on input line 1085.
(pdftex.def)             Requested size: 500.484pt x 269.49059pt.
[31 <./images/NewEngland/zoo_community_NewEngland_2026-02-17.png>]
<images/NewEngland/traits_k_NewEngland_2026-02-17.png, id=333, 469.755pt x 252.945pt>
File: images/NewEngland/traits_k_NewEngland_2026-02-17.png Graphic file (type png)
<use images/NewEngland/traits_k_NewEngland_2026-02-17.png>
Package pdftex.def Info: images/NewEngland/traits_k_NewEngland_2026-02-17.png  used on input line 1096.
(pdftex.def)             Requested size: 500.484pt x 269.49059pt.
[32 <./images/NewEngland/exp_n_NewEngland_2026-02-17.png>]
<images/NewEngland/traits_tl_NewEngland_2026-02-17.png, id=341, 469.755pt x 252.945pt>
File: images/NewEngland/traits_tl_NewEngland_2026-02-17.png Graphic file (type png)
<use images/NewEngland/traits_tl_NewEngland_2026-02-17.png>
Package pdftex.def Info: images/NewEngland/traits_tl_NewEngland_2026-02-17.png  used on input line 1105.
(pdftex.def)             Requested size: 500.484pt x 269.49059pt.
[33 <./images/NewEngland/traits_k_NewEngland_2026-02-17.png> <./images/NewEngland/traits_tl_NewEngland_2026-02-17.png>]
<images/BothReports/species_dist_BothReports_2026-03-10.png, id=355, 469.755pt x 252.945pt>
File: images/BothReports/species_dist_BothReports_2026-03-10.png Graphic file (type png)
<use images/BothReports/species_dist_BothReports_2026-03-10.png>
Package pdftex.def Info: images/BothReports/species_dist_BothReports_2026-03-10.png  used on input line 1138.
(pdftex.def)             Requested size: 500.484pt x 269.49059pt.
[34]
<images/BothReports/cetacean_dist_BothReports_2026-02-17.png, id=368, 542.025pt x 289.08pt>
File: images/BothReports/cetacean_dist_BothReports_2026-02-17.png Graphic file (type png)
<use images/BothReports/cetacean_dist_BothReports_2026-02-17.png>
Package pdftex.def Info: images/BothReports/cetacean_dist_BothReports_2026-02-17.png  used on input line 1147.
(pdftex.def)             Requested size: 500.484pt x 266.93605pt.
[35 <./images/BothReports/species_dist_BothReports_2026-03-10.png> <./images/BothReports/cetacean_dist_BothReports_2026-02-17.png>]
<images/NewEngland/calfin_cog_NewEngland_2026-02-17.png, id=377, 469.755pt x 198.7425pt>
File: images/NewEngland/calfin_cog_NewEngland_2026-02-17.png Graphic file (type png)
<use images/NewEngland/calfin_cog_NewEngland_2026-02-17.png>
Package pdftex.def Info: images/NewEngland/calfin_cog_NewEngland_2026-02-17.png  used on input line 1160.
(pdftex.def)             Requested size: 500.484pt x 211.74258pt.
<images/BothReports/forage_dist_BothReports_2026-02-17.png, id=378, 469.755pt x 198.7425pt>
File: images/BothReports/forage_dist_BothReports_2026-02-17.png Graphic file (type png)
<use images/BothReports/forage_dist_BothReports_2026-02-17.png>
Package pdftex.def Info: images/BothReports/forage_dist_BothReports_2026-02-17.png  used on input line 1169.
(pdftex.def)             Requested size: 500.484pt x 211.74258pt.
[36 <./images/NewEngland/calfin_cog_NewEngland_2026-02-17.png> <./images/BothReports/forage_dist_BothReports_2026-02-17.png>]
<images/BothReports/megabenthos_dist_BothReports_2026-03-11.png, id=390, 469.755pt x 252.945pt>
File: images/BothReports/megabenthos_dist_BothReports_2026-03-11.png Graphic file (type png)
<use images/BothReports/megabenthos_dist_BothReports_2026-03-11.png>
Package pdftex.def Info: images/BothReports/megabenthos_dist_BothReports_2026-03-11.png  used on input line 1182.
(pdftex.def)             Requested size: 500.484pt x 269.49059pt.
<images/BothReports/macrobenthos_dist_BothReports_2026-03-11.png, id=397, 469.755pt x 252.945pt>
File: images/BothReports/macrobenthos_dist_BothReports_2026-03-11.png Graphic file (type png)
<use images/BothReports/macrobenthos_dist_BothReports_2026-03-11.png>
Package pdftex.def Info: images/BothReports/macrobenthos_dist_BothReports_2026-03-11.png  used on input line 1193.
(pdftex.def)             Requested size: 500.484pt x 269.49059pt.
[37 <./images/BothReports/megabenthos_dist_BothReports_2026-03-11.png>]
<images/BothReports/lgcopeall_cog_BothReports_2026-02-17.png, id=408, 469.755pt x 216.81pt>
File: images/BothReports/lgcopeall_cog_BothReports_2026-02-17.png Graphic file (type png)
<use images/BothReports/lgcopeall_cog_BothReports_2026-02-17.png>
Package pdftex.def Info: images/BothReports/lgcopeall_cog_BothReports_2026-02-17.png  used on input line 1202.
(pdftex.def)             Requested size: 500.484pt x 230.99193pt.
<images/BothReports/smallcopeall_cog_BothReports_2026-02-17.png, id=409, 469.755pt x 252.945pt>
File: images/BothReports/smallcopeall_cog_BothReports_2026-02-17.png Graphic file (type png)
<use images/BothReports/smallcopeall_cog_BothReports_2026-02-17.png>
Package pdftex.def Info: images/BothReports/smallcopeall_cog_BothReports_2026-02-17.png  used on input line 1211.
(pdftex.def)             Requested size: 500.484pt x 269.49059pt.
[38 <./images/BothReports/macrobenthos_dist_BothReports_2026-03-11.png> <./images/BothReports/lgcopeall_cog_BothReports_2026-02-17.png>]
<images/BothReports/euph_cog_BothReports_2026-02-17.png, id=414, 469.755pt x 216.81pt>
File: images/BothReports/euph_cog_BothReports_2026-02-17.png Graphic file (type png)
<use images/BothReports/euph_cog_BothReports_2026-02-17.png>
Package pdftex.def Info: images/BothReports/euph_cog_BothReports_2026-02-17.png  used on input line 1220.
(pdftex.def)             Requested size: 500.484pt x 230.99193pt.
[39 <./images/BothReports/smallcopeall_cog_BothReports_2026-02-17.png> <./images/BothReports/euph_cog_BothReports_2026-02-17.png>]
<images/NewEngland/seasonal_oisst_anom_NewEngland_2026-02-17.png, id=429, 469.755pt x 361.35pt>
File: images/NewEngland/seasonal_oisst_anom_NewEngland_2026-02-17.png Graphic file (type png)
<use images/NewEngland/seasonal_oisst_anom_NewEngland_2026-02-17.png>
Package pdftex.def Info: images/NewEngland/seasonal_oisst_anom_NewEngland_2026-02-17.png  used on input line 1231.
(pdftex.def)             Requested size: 500.484pt x 384.98656pt.
<images/NewEngland/bottom_temp_insitu_NewEngland_2026-03-16.png, id=430, 469.755pt x 361.35pt>
File: images/NewEngland/bottom_temp_insitu_NewEngland_2026-03-16.png Graphic file (type png)
<use images/NewEngland/bottom_temp_insitu_NewEngland_2026-03-16.png>
Package pdftex.def Info: images/NewEngland/bottom_temp_insitu_NewEngland_2026-03-16.png  used on input line 1240.
(pdftex.def)             Requested size: 500.484pt x 384.98656pt.
[40 <./images/NewEngland/seasonal_oisst_anom_NewEngland_2026-02-17.png>]
<images/NewEngland/bottom_temp_anom_NewEngland_2026-02-17.png, id=436, 469.755pt x 361.35pt>
File: images/NewEngland/bottom_temp_anom_NewEngland_2026-02-17.png Graphic file (type png)
<use images/NewEngland/bottom_temp_anom_NewEngland_2026-02-17.png>
Package pdftex.def Info: images/NewEngland/bottom_temp_anom_NewEngland_2026-02-17.png  used on input line 1248.
(pdftex.def)             Requested size: 500.484pt x 384.98656pt.
[41 <./images/NewEngland/bottom_temp_insitu_NewEngland_2026-03-16.png>]
<images/BothReports/long_term_sst_BothReports_2026-02-17.png, id=445, 469.755pt x 180.675pt>
File: images/BothReports/long_term_sst_BothReports_2026-02-17.png Graphic file (type png)
<use images/BothReports/long_term_sst_BothReports_2026-02-17.png>
Package pdftex.def Info: images/BothReports/long_term_sst_BothReports_2026-02-17.png  used on input line 1259.
(pdftex.def)             Requested size: 500.484pt x 192.49326pt.
[42 <./images/NewEngland/bottom_temp_anom_NewEngland_2026-02-17.png>]
<images/BothReports/west_gsi_BothReports_2026-02-17.png, id=451, 469.755pt x 180.675pt>
File: images/BothReports/west_gsi_BothReports_2026-02-17.png Graphic file (type png)
<use images/BothReports/west_gsi_BothReports_2026-02-17.png>
Package pdftex.def Info: images/BothReports/west_gsi_BothReports_2026-02-17.png  used on input line 1268.
(pdftex.def)             Requested size: 500.484pt x 192.49326pt.
<images/BothReports/cold_pool_BothReports_2026-02-17.png, id=454, 469.755pt x 289.08pt>
File: images/BothReports/cold_pool_BothReports_2026-02-17.png Graphic file (type png)
<use images/BothReports/cold_pool_BothReports_2026-02-17.png>
Package pdftex.def Info: images/BothReports/cold_pool_BothReports_2026-02-17.png  used on input line 1279.
(pdftex.def)             Requested size: 500.484pt x 307.98923pt.
[43 <./images/BothReports/long_term_sst_BothReports_2026-02-17.png> <./images/BothReports/west_gsi_BothReports_2026-02-17.png>] [44 <./images/BothReports/cold_pool_BothReports_2026-02-17.png>]
<images/BothReports/spawn_timing_BothReports_2026-02-17.png, id=473, 469.755pt x 289.08pt>
File: images/BothReports/spawn_timing_BothReports_2026-02-17.png Graphic file (type png)
<use images/BothReports/spawn_timing_BothReports_2026-02-17.png>
Package pdftex.def Info: images/BothReports/spawn_timing_BothReports_2026-02-17.png  used on input line 1304.
(pdftex.def)             Requested size: 500.484pt x 307.98923pt.
[45 <./images/BothReports/spawn_timing_BothReports_2026-02-17.png>]
<images/NewEngland/transition_date_NewEngland_2026-02-17.png, id=484, 469.755pt x 252.945pt>
File: images/NewEngland/transition_date_NewEngland_2026-02-17.png Graphic file (type png)
<use images/NewEngland/transition_date_NewEngland_2026-02-17.png>
Package pdftex.def Info: images/NewEngland/transition_date_NewEngland_2026-02-17.png  used on input line 1323.
(pdftex.def)             Requested size: 500.484pt x 269.49059pt.
[46 <./images/NewEngland/transition_date_NewEngland_2026-02-17.png>]
<images/BothReports/cold_pool_time_BothReports_2026-02-17.png, id=496, 469.755pt x 180.675pt>
File: images/BothReports/cold_pool_time_BothReports_2026-02-17.png Graphic file (type png)
<use images/BothReports/cold_pool_time_BothReports_2026-02-17.png>
Package pdftex.def Info: images/BothReports/cold_pool_time_BothReports_2026-02-17.png  used on input line 1334.
(pdftex.def)             Requested size: 500.484pt x 192.49326pt.
<images/NewEngland/monthly_chl_NewEngland_2026-02-17.png, id=499, 469.755pt x 505.89pt>
File: images/NewEngland/monthly_chl_NewEngland_2026-02-17.png Graphic file (type png)
<use images/NewEngland/monthly_chl_NewEngland_2026-02-17.png>
Package pdftex.def Info: images/NewEngland/monthly_chl_NewEngland_2026-02-17.png  used on input line 1345.
(pdftex.def)             Requested size: 500.484pt x 538.98117pt.
[47 <./images/BothReports/cold_pool_time_BothReports_2026-02-17.png>] [48 <./images/NewEngland/monthly_chl_NewEngland_2026-02-17.png>]
<images/NewEngland/productivity_anomaly_NewEngland_2026-03-16.png, id=516, 469.755pt x 686.565pt>
File: images/NewEngland/productivity_anomaly_NewEngland_2026-03-16.png Graphic file (type png)
<use images/NewEngland/productivity_anomaly_NewEngland_2026-03-16.png>
Package pdftex.def Info: images/NewEngland/productivity_anomaly_NewEngland_2026-03-16.png  used on input line 1366.
(pdftex.def)             Requested size: 500.484pt x 731.47446pt.
[49]
Overfull \vbox (132.76823pt too high) has occurred while \output is active []

[50 <./images/NewEngland/productivity_anomaly_NewEngland_2026-03-16.png>]
<images/NewEngland/seabird_productivity_NewEngland_2026-02-17.png, id=529, 469.755pt x 144.54pt>
File: images/NewEngland/seabird_productivity_NewEngland_2026-02-17.png Graphic file (type png)
<use images/NewEngland/seabird_productivity_NewEngland_2026-02-17.png>
Package pdftex.def Info: images/NewEngland/seabird_productivity_NewEngland_2026-02-17.png  used on input line 1375.
(pdftex.def)             Requested size: 500.484pt x 153.9946pt.
<images/NewEngland/salmon_NewEngland_2026-02-17.png, id=530, 469.755pt x 216.81pt>
File: images/NewEngland/salmon_NewEngland_2026-02-17.png Graphic file (type png)
<use images/NewEngland/salmon_NewEngland_2026-02-17.png>
Package pdftex.def Info: images/NewEngland/salmon_NewEngland_2026-02-17.png  used on input line 1384.
(pdftex.def)             Requested size: 500.484pt x 230.99193pt.
<images/NewEngland/condition_NewEngland_2026-03-10.png, id=534, 469.755pt x 505.89pt>
File: images/NewEngland/condition_NewEngland_2026-03-10.png Graphic file (type png)
<use images/NewEngland/condition_NewEngland_2026-03-10.png>
Package pdftex.def Info: images/NewEngland/condition_NewEngland_2026-03-10.png  used on input line 1395.
(pdftex.def)             Requested size: 500.484pt x 538.98117pt.
[51 <./images/NewEngland/seabird_productivity_NewEngland_2026-02-17.png> <./images/NewEngland/salmon_NewEngland_2026-02-17.png>] [52 <./images/NewEngland/condition_NewEngland_2026-03-10.png>]
<images/NewEngland/energy_density_NewEngland.png, id=551, 4215.75pt x 5119.125pt>
File: images/NewEngland/energy_density_NewEngland.png Graphic file (type png)
<use images/NewEngland/energy_density_NewEngland.png>
Package pdftex.def Info: images/NewEngland/energy_density_NewEngland.png  used on input line 1420.
(pdftex.def)             Requested size: 500.484pt x 607.70714pt.
[53]
<images/NewEngland/foragebio_NewEngland_2026-02-17.png, id=559, 469.755pt x 252.945pt>
File: images/NewEngland/foragebio_NewEngland_2026-02-17.png Graphic file (type png)
<use images/NewEngland/foragebio_NewEngland_2026-02-17.png>
Package pdftex.def Info: images/NewEngland/foragebio_NewEngland_2026-02-17.png  used on input line 1429.
(pdftex.def)             Requested size: 500.484pt x 269.49059pt.
[54 <./images/NewEngland/energy_density_NewEngland.png>]
<images/NewEngland/benthos_NewEngland_2026-02-17.png, id=570, 469.755pt x 289.08pt>
File: images/NewEngland/benthos_NewEngland_2026-02-17.png Graphic file (type png)
<use images/NewEngland/benthos_NewEngland_2026-02-17.png>
Package pdftex.def Info: images/NewEngland/benthos_NewEngland_2026-02-17.png  used on input line 1446.
(pdftex.def)             Requested size: 500.484pt x 307.98923pt.
[55 <./images/NewEngland/foragebio_NewEngland_2026-02-17.png>]
<images/NewEngland/zooplankton_anomaly_NewEngland_2026-02-17.png, id=581, 469.755pt x 361.35pt>
File: images/NewEngland/zooplankton_anomaly_NewEngland_2026-02-17.png Graphic file (type png)
<use images/NewEngland/zooplankton_anomaly_NewEngland_2026-02-17.png>
Package pdftex.def Info: images/NewEngland/zooplankton_anomaly_NewEngland_2026-02-17.png  used on input line 1464.
(pdftex.def)             Requested size: 500.484pt x 384.98656pt.
[56 <./images/NewEngland/benthos_NewEngland_2026-02-17.png>]
<images/NewEngland/wbts_zoo_NewEngland_2026-02-17.png, id=589, 469.755pt x 289.08pt>
File: images/NewEngland/wbts_zoo_NewEngland_2026-02-17.png Graphic file (type png)
<use images/NewEngland/wbts_zoo_NewEngland_2026-02-17.png>
Package pdftex.def Info: images/NewEngland/wbts_zoo_NewEngland_2026-02-17.png  used on input line 1473.
(pdftex.def)             Requested size: 500.484pt x 307.98923pt.
[57 <./images/NewEngland/zooplankton_anomaly_NewEngland_2026-02-17.png>]
<images/NewEngland/SOE_2026_GOM_Bottom_MCS.pdf, id=602, 916.97421pt x 466.00328pt>
File: images/NewEngland/SOE_2026_GOM_Bottom_MCS.pdf Graphic file (type pdf)
<use images/NewEngland/SOE_2026_GOM_Bottom_MCS.pdf>
Package pdftex.def Info: images/NewEngland/SOE_2026_GOM_Bottom_MCS.pdf  used on input line 1492.
(pdftex.def)             Requested size: 500.484pt x 254.34006pt.
[58 <./images/NewEngland/wbts_zoo_NewEngland_2026-02-17.png>]
<images/BothReports/therm_hab_persist_BothReports_2026-02-02.png, id=611, 469.755pt x 289.08pt>
File: images/BothReports/therm_hab_persist_BothReports_2026-02-02.png Graphic file (type png)
<use images/BothReports/therm_hab_persist_BothReports_2026-02-02.png>
Package pdftex.def Info: images/BothReports/therm_hab_persist_BothReports_2026-02-02.png  used on input line 1501.
(pdftex.def)             Requested size: 500.484pt x 307.98923pt.
[59 <./images/NewEngland/SOE_2026_GOM_Bottom_MCS.pdf>]
<images/NewEngland/advection_index_NewEngland_2026-02-17.png, id=628, 469.755pt x 252.945pt>
File: images/NewEngland/advection_index_NewEngland_2026-02-17.png Graphic file (type png)
<use images/NewEngland/advection_index_NewEngland_2026-02-17.png>
Package pdftex.def Info: images/NewEngland/advection_index_NewEngland_2026-02-17.png  used on input line 1512.
(pdftex.def)             Requested size: 500.484pt x 269.49059pt.
[60 <./images/BothReports/therm_hab_persist_BothReports_2026-02-02.png>]
<images/BothReports/final_bottom_omega_2026.png, id=637, 3613.5pt x 1606.0pt>
File: images/BothReports/final_bottom_omega_2026.png Graphic file (type png)
<use images/BothReports/final_bottom_omega_2026.png>
Package pdftex.def Info: images/BothReports/final_bottom_omega_2026.png  used on input line 1523.
(pdftex.def)             Requested size: 500.484pt x 222.43692pt.
[61{c:/Users/stephanie.owen/AppData/Roaming/TinyTeX/texmf-dist/fonts/enc/dvips/lm/lm-rm.enc} <./images/NewEngland/advection_index_NewEngland_2026-02-17.png>] [62 <./images/BothReports/final_bottom_omega_2026.png>]
<images/BothReports/OffshoreWindDevelopmentMap_V3_NicoleMucci.pdf, id=664, 614.295pt x 794.97pt>
File: images/BothReports/OffshoreWindDevelopmentMap_V3_NicoleMucci.pdf Graphic file (type pdf)
<use images/BothReports/OffshoreWindDevelopmentMap_V3_NicoleMucci.pdf>
Package pdftex.def Info: images/BothReports/OffshoreWindDevelopmentMap_V3_NicoleMucci.pdf  used on input line 1558.
(pdftex.def)             Requested size: 450.43253pt x 582.91916pt.
[63] [64 <./images/BothReports/OffshoreWindDevelopmentMap_V3_NicoleMucci.pdf>]

LaTeX Warning: Reference `wea-spp-rev-ne' on page 65 undefined on input line 1569.

<images/NewEngland/wind_revenue_NewEngland_2026-02-17.png, id=761, 469.755pt x 216.81pt>
File: images/NewEngland/wind_revenue_NewEngland_2026-02-17.png Graphic file (type png)
<use images/NewEngland/wind_revenue_NewEngland_2026-02-17.png>
Package pdftex.def Info: images/NewEngland/wind_revenue_NewEngland_2026-02-17.png  used on input line 1573.
(pdftex.def)             Requested size: 500.484pt x 230.99193pt.

ignored: Infinite glue shrinkage found in box being split [65 <./images/NewEngland/wind_revenue_NewEngland_2026-02-17.png>]
<images/NewEngland/wea_port_rev_NewEngland_2026-02-17.png, id=771, 469.755pt x 471.4413pt>
File: images/NewEngland/wea_port_rev_NewEngland_2026-02-17.png Graphic file (type png)
<use images/NewEngland/wea_port_rev_NewEngland_2026-02-17.png>
Package pdftex.def Info: images/NewEngland/wea_port_rev_NewEngland_2026-02-17.png  used on input line 1686.
(pdftex.def)             Requested size: 500.484pt x 502.27911pt.

Underfull \hbox (badness 10000) in paragraph at lines 1686--1687

 []

[66]
<images/NewEngland/midatlantic_nefmc.png, id=779, 469.755pt x 361.1091pt>
File: images/NewEngland/midatlantic_nefmc.png Graphic file (type png)
<use images/NewEngland/midatlantic_nefmc.png>
Package pdftex.def Info: images/NewEngland/midatlantic_nefmc.png  used on input line 1695.
(pdftex.def)             Requested size: 500.484pt x 384.72989pt.

Underfull \hbox (badness 10000) in paragraph at lines 1695--1696

 []

[67 <./images/NewEngland/wea_port_rev_NewEngland_2026-02-17.png>] [68 <./images/NewEngland/midatlantic_nefmc.png>]
<images/BothReports/NARW_hotspots_final_2024.jpg, id=796, 614.295pt x 794.97pt>
File: images/BothReports/NARW_hotspots_final_2024.jpg Graphic file (type jpg)
<use images/BothReports/NARW_hotspots_final_2024.jpg>
Package pdftex.def Info: images/BothReports/NARW_hotspots_final_2024.jpg  used on input line 1716.
(pdftex.def)             Requested size: 275.26772pt x 356.22905pt.
[69] [70 <./images/BothReports/NARW_hotspots_final_2024.jpg>]
<images/BothReports/processed_Highlights_2026-SST_Anomaly-202501-NES.png, id=813, 982.6311pt x 481.19775pt>
File: images/BothReports/processed_Highlights_2026-SST_Anomaly-202501-NES.png Graphic file (type png)
<use images/BothReports/processed_Highlights_2026-SST_Anomaly-202501-NES.png>
Package pdftex.def Info: images/BothReports/processed_Highlights_2026-SST_Anomaly-202501-NES.png  used on input line 1741.
(pdftex.def)             Requested size: 500.484pt x 245.08453pt.
<images/BothReports/slopewater_BothReports_2026-02-17.png, id=818, 433.62pt x 216.81pt>
File: images/BothReports/slopewater_BothReports_2026-02-17.png Graphic file (type png)
<use images/BothReports/slopewater_BothReports_2026-02-17.png>
Package pdftex.def Info: images/BothReports/slopewater_BothReports_2026-02-17.png  used on input line 1752.
(pdftex.def)             Requested size: 500.484pt x 250.25586pt.
[71 <./images/BothReports/processed_Highlights_2026-SST_Anomaly-202501-NES.png>]
<images/BothReports/processed_Highlights_2026-CHL_Anomaly-202504-NES.png, id=828, 982.6311pt x 481.19775pt>
File: images/BothReports/processed_Highlights_2026-CHL_Anomaly-202504-NES.png Graphic file (type png)
<use images/BothReports/processed_Highlights_2026-CHL_Anomaly-202504-NES.png>
Package pdftex.def Info: images/BothReports/processed_Highlights_2026-CHL_Anomaly-202504-NES.png  used on input line 1763.
(pdftex.def)             Requested size: 500.484pt x 245.08453pt.
[72 <./images/BothReports/slopewater_BothReports_2026-02-17.png>] [73 <./images/BothReports/processed_Highlights_2026-CHL_Anomaly-202504-NES.png>]
<images/BothReports/processed_Highlights_2026-SST_Anomaly-202501-Ches_Bay.png.png, id=845, 254.3904pt x 277.39635pt>
File: images/BothReports/processed_Highlights_2026-SST_Anomaly-202501-Ches_Bay.png.png Graphic file (type png)
<use images/BothReports/processed_Highlights_2026-SST_Anomaly-202501-Ches_Bay.png.png>
Package pdftex.def Info: images/BothReports/processed_Highlights_2026-SST_Anomaly-202501-Ches_Bay.png.png  used on input line 1804.
(pdftex.def)             Requested size: 250.24199pt x 272.8878pt.
[74 <./images/BothReports/processed_Highlights_2026-SST_Anomaly-202501-Ches_Bay.png.png>] [75]
<C:/Users/stephanie.owen/Documents/READ-EDAB-SOE_reports/SOE2026_NEFMC_IR_Final_files/figure-latex/docformat-1.pdf, id=861, 469.755pt x 210.7875pt>
File: C:/Users/stephanie.owen/Documents/READ-EDAB-SOE_reports/SOE2026_NEFMC_IR_Final_files/figure-latex/docformat-1.pdf Graphic file (type pdf)
<use C:/Users/stephanie.owen/Documents/READ-EDAB-SOE_reports/SOE2026_NEFMC_IR_Final_files/figure-latex/docformat-1.pdf>
Package pdftex.def Info: C:/Users/stephanie.owen/Documents/READ-EDAB-SOE_reports/SOE2026_NEFMC_IR_Final_files/figure-latex/docformat-1.pdf  used on input line 1829.
(pdftex.def)             Requested size: 500.484pt x 224.57549pt.

Overfull \hbox (25.40596pt too wide) in alignment at lines 1850--1858
 [] [] [] [] [] 
 []


Overfull \hbox (25.40596pt too wide) in alignment at lines 1858--1864
 [] [] [] [] [] 
 []


Overfull \hbox (25.40596pt too wide) in alignment at lines 1864--1898
 [] [] [] [] [] 
 []


ignored: Infinite glue shrinkage found in box being split [76 <c:/Users/stephanie.owen/Documents/READ-EDAB-SOE_reports/SOE2026_NEFMC_IR_Final_files/figure-latex/docformat-1.pdf>] [77] (./SOE2026_NEFMC_IR_Final.aux * soulpos - computing points - it may take a few seconds *
\openout3 = `SOE2026_NEFMC_IR_Final.upb'.

(./SOE2026_NEFMC_IR_Final.upa))
 ***********
LaTeX2e <2025-11-01>
L3 programming layer <2026-01-19>
 ***********

LaTeX Warning: There were undefined references.


LaTeX Warning: There were multiply-defined labels.

 ) 
Here is how much of TeX's memory you used:
 20513 strings out of 469515
 405030 string characters out of 5467386
 829951 words of memory out of 5000000
 48622 multiletter control sequences out of 15000+600000
 710194 words of font info for 94 fonts, out of 8000000 for 9000
 14 hyphenation exceptions out of 8191
 77i,15n,117p,3029b,622s stack positions out of 10000i,1000n,20000p,200000b,200000s
<c:/Users/stephanie.owen/AppData/Roaming/TinyTeX/texmf-dist/fonts/type1/public/lm/lmbx10.pfb><c:/Users/stephanie.owen/AppData/Roaming/TinyTeX/texmf-dist/fonts/type1/public/lm/lmbx9.pfb><c:/Users/stephanie.owen/AppData/Roaming/TinyTeX/texmf-dist/fonts/type1/public/lm/lmmi10.pfb><c:/Users/stephanie.owen/AppData/Roaming/TinyTeX/texmf-dist/fonts/type1/public/lm/lmmi6.pfb><c:/Users/stephanie.owen/AppData/Roaming/TinyTeX/texmf-dist/fonts/type1/public/lm/lmmi9.pfb><c:/Users/stephanie.owen/AppData/Roaming/TinyTeX/texmf-dist/fonts/type1/public/lm/lmr10.pfb><c:/Users/stephanie.owen/AppData/Roaming/TinyTeX/texmf-dist/fonts/type1/public/lm/lmr6.pfb><c:/Users/stephanie.owen/AppData/Roaming/TinyTeX/texmf-dist/fonts/type1/public/lm/lmr7.pfb><c:/Users/stephanie.owen/AppData/Roaming/TinyTeX/texmf-dist/fonts/type1/public/lm/lmr8.pfb><c:/Users/stephanie.owen/AppData/Roaming/TinyTeX/texmf-dist/fonts/type1/public/lm/lmr9.pfb><c:/Users/stephanie.owen/AppData/Roaming/TinyTeX/texmf-dist/fonts/type1/public/lm/lmri9.pfb><c:/Users/stephanie.owen/AppData/Roaming/TinyTeX/texmf-dist/fonts/type1/public/lm/lmss10.pfb><c:/Users/stephanie.owen/AppData/Roaming/TinyTeX/texmf-dist/fonts/type1/public/lm/lmss17.pfb><c:/Users/stephanie.owen/AppData/Roaming/TinyTeX/texmf-dist/fonts/type1/public/lm/lmssbx10.pfb>
Output written on SOE2026_NEFMC_IR_Final.pdf (74 pages, 19361357 bytes).
PDF statistics:
 1105 PDF objects out of 1200 (max. 8388607)
 892 compressed objects within 9 object streams
 214 named destinations out of 1000 (max. 500000)
 635 words of extra memory for PDF output out of 10000 (max. 10000000)

