This is pdfTeX, Version 3.141592653-2.6-1.40.28 (TeX Live 2025) (preloaded format=pdflatex 2026.2.9)  10 FEB 2026 17:39
entering extended mode
 restricted \write18 enabled.
 %&-line parsing enabled.
**C:/Users/joseph.caracappa/Documents/GitHub/READ-EDAB-SOE_reports/SOE2026_NEFMC_IR.tex
(c:/Users/joseph.caracappa/Documents/GitHub/READ-EDAB-SOE_reports/SOE2026_NEFMC_IR.tex
LaTeX2e <2025-11-01>
L3 programming layer <2026-01-19>
(c:/Users/joseph.caracappa/AppData/Roaming/TinyTeX/texmf-dist/tex/latex/base/article.cls
Document Class: article 2025/01/22 v1.4n Standard LaTeX document class
(c:/Users/joseph.caracappa/AppData/Roaming/TinyTeX/texmf-dist/tex/latex/base/size10.clo
File: size10.clo 2025/01/22 v1.4n Standard LaTeX file (size option)
)
\c@part=\count275
\c@section=\count276
\c@subsection=\count277
\c@subsubsection=\count278
\c@paragraph=\count279
\c@subparagraph=\count280
\c@figure=\count281
\c@table=\count282
\abovecaptionskip=\skip49
\belowcaptionskip=\skip50
\bibindent=\dimen148
) (c:/Users/joseph.caracappa/AppData/Roaming/TinyTeX/texmf-dist/tex/latex/amsmath/amsmath.sty
Package: amsmath 2025/07/09 v2.17z AMS math features
\@mathmargin=\skip51
For additional information on amsmath, use the `?' option.
(c:/Users/joseph.caracappa/AppData/Roaming/TinyTeX/texmf-dist/tex/latex/amsmath/amstext.sty
Package: amstext 2024/11/17 v2.01 AMS text
(c:/Users/joseph.caracappa/AppData/Roaming/TinyTeX/texmf-dist/tex/latex/amsmath/amsgen.sty
File: amsgen.sty 1999/11/30 v2.0 generic functions
\@emptytoks=\toks17
\ex@=\dimen149
)) (c:/Users/joseph.caracappa/AppData/Roaming/TinyTeX/texmf-dist/tex/latex/amsmath/amsbsy.sty
Package: amsbsy 1999/11/29 v1.2d Bold Symbols
\pmbraise@=\dimen150
) (c:/Users/joseph.caracappa/AppData/Roaming/TinyTeX/texmf-dist/tex/latex/amsmath/amsopn.sty
Package: amsopn 2022/04/08 v2.04 operator names
)
\inf@bad=\count283
LaTeX Info: Redefining \frac on input line 233.
\uproot@=\count284
\leftroot@=\count285
LaTeX Info: Redefining \overline on input line 398.
LaTeX Info: Redefining \colon on input line 409.
\classnum@=\count286
\DOTSCASE@=\count287
LaTeX Info: Redefining \ldots on input line 495.
LaTeX Info: Redefining \dots on input line 498.
LaTeX Info: Redefining \cdots on input line 619.
\Mathstrutbox@=\box53
\strutbox@=\box54
LaTeX Info: Redefining \big on input line 721.
LaTeX Info: Redefining \Big on input line 722.
LaTeX Info: Redefining \bigg on input line 723.
LaTeX Info: Redefining \Bigg on input line 724.
\big@size=\dimen151
LaTeX Font Info:    Redeclaring font encoding OML on input line 742.
LaTeX Font Info:    Redeclaring font encoding OMS on input line 743.
\macc@depth=\count288
LaTeX Info: Redefining \bmod on input line 904.
LaTeX Info: Redefining \pmod on input line 909.
LaTeX Info: Redefining \smash on input line 939.
LaTeX Info: Redefining \relbar on input line 969.
LaTeX Info: Redefining \Relbar on input line 970.
\c@MaxMatrixCols=\count289
\dotsspace@=\muskip17
\c@parentequation=\count290
\dspbrk@lvl=\count291
\tag@help=\toks18
\row@=\count292
\column@=\count293
\maxfields@=\count294
\andhelp@=\toks19
\eqnshift@=\dimen152
\alignsep@=\dimen153
\tagshift@=\dimen154
\tagwidth@=\dimen155
\totwidth@=\dimen156
\lineht@=\dimen157
\@envbody=\toks20
\multlinegap=\skip52
\multlinetaggap=\skip53
\mathdisplay@stack=\toks21
LaTeX Info: Redefining \[ on input line 2950.
LaTeX Info: Redefining \] on input line 2951.
) (c:/Users/joseph.caracappa/AppData/Roaming/TinyTeX/texmf-dist/tex/latex/amsfonts/amssymb.sty
Package: amssymb 2013/01/14 v3.01 AMS font symbols
(c:/Users/joseph.caracappa/AppData/Roaming/TinyTeX/texmf-dist/tex/latex/amsfonts/amsfonts.sty
Package: amsfonts 2013/01/14 v3.01 Basic AMSFonts support
\symAMSa=\mathgroup4
\symAMSb=\mathgroup5
LaTeX Font Info:    Redeclaring math symbol \hbar on input line 98.
LaTeX Font Info:    Overwriting math alphabet `\mathfrak' in version `bold'
(Font)                  U/euf/m/n --> U/euf/b/n on input line 106.
)) (c:/Users/joseph.caracappa/AppData/Roaming/TinyTeX/texmf-dist/tex/generic/iftex/iftex.sty
Package: iftex 2024/12/12 v1.0g TeX engine tests
) (c:/Users/joseph.caracappa/AppData/Roaming/TinyTeX/texmf-dist/tex/latex/base/fontenc.sty
Package: fontenc 2025/07/18 v2.1d Standard LaTeX package
) (c:/Users/joseph.caracappa/AppData/Roaming/TinyTeX/texmf-dist/tex/latex/base/inputenc.sty
Package: inputenc 2024/02/08 v1.3d Input encoding file
\inpenc@prehook=\toks22
\inpenc@posthook=\toks23
) (c:/Users/joseph.caracappa/AppData/Roaming/TinyTeX/texmf-dist/tex/latex/base/textcomp.sty
Package: textcomp 2024/04/24 v2.1b Standard LaTeX package
) (c:/Users/joseph.caracappa/AppData/Roaming/TinyTeX/texmf-dist/tex/latex/lm/lmodern.sty
Package: lmodern 2015/05/01 v1.6.1 Latin Modern Fonts
LaTeX Font Info:    Overwriting symbol font `operators' in version `normal'
(Font)                  OT1/cmr/m/n --> OT1/lmr/m/n on input line 22.
LaTeX Font Info:    Overwriting symbol font `letters' in version `normal'
(Font)                  OML/cmm/m/it --> OML/lmm/m/it on input line 23.
LaTeX Font Info:    Overwriting symbol font `symbols' in version `normal'
(Font)                  OMS/cmsy/m/n --> OMS/lmsy/m/n on input line 24.
LaTeX Font Info:    Overwriting symbol font `largesymbols' in version `normal'
(Font)                  OMX/cmex/m/n --> OMX/lmex/m/n on input line 25.
LaTeX Font Info:    Overwriting symbol font `operators' in version `bold'
(Font)                  OT1/cmr/bx/n --> OT1/lmr/bx/n on input line 26.
LaTeX Font Info:    Overwriting symbol font `letters' in version `bold'
(Font)                  OML/cmm/b/it --> OML/lmm/b/it on input line 27.
LaTeX Font Info:    Overwriting symbol font `symbols' in version `bold'
(Font)                  OMS/cmsy/b/n --> OMS/lmsy/b/n on input line 28.
LaTeX Font Info:    Overwriting symbol font `largesymbols' in version `bold'
(Font)                  OMX/cmex/m/n --> OMX/lmex/m/n on input line 29.
LaTeX Font Info:    Overwriting math alphabet `\mathbf' in version `normal'
(Font)                  OT1/cmr/bx/n --> OT1/lmr/bx/n on input line 31.
LaTeX Font Info:    Overwriting math alphabet `\mathsf' in version `normal'
(Font)                  OT1/cmss/m/n --> OT1/lmss/m/n on input line 32.
LaTeX Font Info:    Overwriting math alphabet `\mathit' in version `normal'
(Font)                  OT1/cmr/m/it --> OT1/lmr/m/it on input line 33.
LaTeX Font Info:    Overwriting math alphabet `\mathtt' in version `normal'
(Font)                  OT1/cmtt/m/n --> OT1/lmtt/m/n on input line 34.
LaTeX Font Info:    Overwriting math alphabet `\mathbf' in version `bold'
(Font)                  OT1/cmr/bx/n --> OT1/lmr/bx/n on input line 35.
LaTeX Font Info:    Overwriting math alphabet `\mathsf' in version `bold'
(Font)                  OT1/cmss/bx/n --> OT1/lmss/bx/n on input line 36.
LaTeX Font Info:    Overwriting math alphabet `\mathit' in version `bold'
(Font)                  OT1/cmr/bx/it --> OT1/lmr/bx/it on input line 37.
LaTeX Font Info:    Overwriting math alphabet `\mathtt' in version `bold'
(Font)                  OT1/cmtt/m/n --> OT1/lmtt/m/n on input line 38.
) (c:/Users/joseph.caracappa/AppData/Roaming/TinyTeX/texmf-dist/tex/latex/xcolor/xcolor.sty
Package: xcolor 2024/09/29 v3.02 LaTeX color extensions (UK)
(c:/Users/joseph.caracappa/AppData/Roaming/TinyTeX/texmf-dist/tex/latex/graphics-cfg/color.cfg
File: color.cfg 2016/01/02 v1.6 sample color configuration
)
Package xcolor Info: Driver file: pdftex.def on input line 274.
(c:/Users/joseph.caracappa/AppData/Roaming/TinyTeX/texmf-dist/tex/latex/graphics-def/pdftex.def
File: pdftex.def 2025/09/29 v1.2d Graphics/color driver for pdftex
) (c:/Users/joseph.caracappa/AppData/Roaming/TinyTeX/texmf-dist/tex/latex/graphics/mathcolor.ltx)
Package xcolor Info: Model `cmy' substituted by `cmy0' on input line 1349.
Package xcolor Info: Model `hsb' substituted by `rgb' on input line 1353.
Package xcolor Info: Model `RGB' extended on input line 1365.
Package xcolor Info: Model `HTML' substituted by `rgb' on input line 1367.
Package xcolor Info: Model `Hsb' substituted by `hsb' on input line 1368.
Package xcolor Info: Model `tHsb' substituted by `hsb' on input line 1369.
Package xcolor Info: Model `HSB' substituted by `hsb' on input line 1370.
Package xcolor Info: Model `Gray' substituted by `gray' on input line 1371.
Package xcolor Info: Model `wave' substituted by `hsb' on input line 1372.
) (c:/Users/joseph.caracappa/AppData/Roaming/TinyTeX/texmf-dist/tex/latex/graphics/dvipsnam.def
File: dvipsnam.def 2016/06/17 v3.0m Driver-dependent file (DPC,SPQR)
) (c:/Users/joseph.caracappa/AppData/Roaming/TinyTeX/texmf-dist/tex/latex/xcolor/svgnam.def
File: svgnam.def 2024/09/29 v3.02 Predefined colors according to SVG 1.1 (UK)
) (c:/Users/joseph.caracappa/AppData/Roaming/TinyTeX/texmf-dist/tex/latex/xcolor/x11nam.def
File: x11nam.def 2024/09/29 v3.02 Predefined colors according to Unix/X11 (UK)
) (c:/Users/joseph.caracappa/AppData/Roaming/TinyTeX/texmf-dist/tex/latex/geometry/geometry.sty
Package: geometry 2020/01/02 v5.9 Page Geometry
(c:/Users/joseph.caracappa/AppData/Roaming/TinyTeX/texmf-dist/tex/latex/graphics/keyval.sty
Package: keyval 2022/05/29 v1.15 key=value parser (DPC)
\KV@toks@=\toks24
) (c:/Users/joseph.caracappa/AppData/Roaming/TinyTeX/texmf-dist/tex/generic/iftex/ifvtex.sty
Package: ifvtex 2019/10/25 v1.7 ifvtex legacy package. Use iftex instead.
)
\Gm@cnth=\count295
\Gm@cntv=\count296
\c@Gm@tempcnt=\count297
\Gm@bindingoffset=\dimen158
\Gm@wd@mp=\dimen159
\Gm@odd@mp=\dimen160
\Gm@even@mp=\dimen161
\Gm@layoutwidth=\dimen162
\Gm@layoutheight=\dimen163
\Gm@layouthoffset=\dimen164
\Gm@layoutvoffset=\dimen165
\Gm@dimlist=\toks25
) (c:/Users/joseph.caracappa/AppData/Roaming/TinyTeX/texmf-dist/tex/latex/tools/longtable.sty
Package: longtable 2025-10-13 v4.24 Multi-page Table package (DPC)
\LTleft=\skip54
\LTright=\skip55
\LTpre=\skip56
\LTpost=\skip57
\LTchunksize=\count298
\LTcapwidth=\dimen166
\LT@head=\box55
\LT@firsthead=\box56
\LT@foot=\box57
\LT@lastfoot=\box58
\LT@gbox=\box59
\LT@cols=\count299
\LT@rows=\count300
\c@LT@tables=\count301
\c@LT@chunks=\count302
\LT@p@ftn=\toks26
) (c:/Users/joseph.caracappa/AppData/Roaming/TinyTeX/texmf-dist/tex/latex/booktabs/booktabs.sty
Package: booktabs 2020/01/12 v1.61803398 Publication quality tables
\heavyrulewidth=\dimen167
\lightrulewidth=\dimen168
\cmidrulewidth=\dimen169
\belowrulesep=\dimen170
\belowbottomsep=\dimen171
\aboverulesep=\dimen172
\abovetopsep=\dimen173
\cmidrulesep=\dimen174
\cmidrulekern=\dimen175
\defaultaddspace=\dimen176
\@cmidla=\count303
\@cmidlb=\count304
\@aboverulesep=\dimen177
\@belowrulesep=\dimen178
\@thisruleclass=\count305
\@lastruleclass=\count306
\@thisrulewidth=\dimen179
) (c:/Users/joseph.caracappa/AppData/Roaming/TinyTeX/texmf-dist/tex/latex/tools/array.sty
Package: array 2025/09/25 v2.6n Tabular extension package (FMi)
\col@sep=\dimen180
\ar@mcellbox=\box60
\extrarowheight=\dimen181
\NC@list=\toks27
\extratabsurround=\skip58
\backup@length=\skip59
\ar@cellbox=\box61
) (c:/Users/joseph.caracappa/AppData/Roaming/TinyTeX/texmf-dist/tex/latex/tools/calc.sty
Package: calc 2025/03/01 v4.3b Infix arithmetic (KKT,FJ)
\calc@Acount=\count307
\calc@Bcount=\count308
\calc@Adimen=\dimen182
\calc@Bdimen=\dimen183
\calc@Askip=\skip60
\calc@Bskip=\skip61
LaTeX Info: Redefining \setlength on input line 86.
LaTeX Info: Redefining \addtolength on input line 87.
\calc@Ccount=\count309
\calc@Cskip=\skip62
) (c:/Users/joseph.caracappa/AppData/Roaming/TinyTeX/texmf-dist/tex/latex/etoolbox/etoolbox.sty
Package: etoolbox 2025/10/02 v2.5m e-TeX tools for LaTeX (JAW)
\etb@tempcnta=\count310
) (c:/Users/joseph.caracappa/AppData/Roaming/TinyTeX/texmf-dist/tex/latex/mdwtools/footnote.sty
Package: footnote 1997/01/28 1.13 Save footnotes around boxes
\fn@notes=\box62
\fn@width=\dimen184
) (c:/Users/joseph.caracappa/AppData/Roaming/TinyTeX/texmf-dist/tex/latex/graphics/graphicx.sty
Package: graphicx 2024/12/31 v1.2e Enhanced LaTeX Graphics (DPC,SPQR)
(c:/Users/joseph.caracappa/AppData/Roaming/TinyTeX/texmf-dist/tex/latex/graphics/graphics.sty
Package: graphics 2024/08/06 v1.4g Standard LaTeX Graphics (DPC,SPQR)
(c:/Users/joseph.caracappa/AppData/Roaming/TinyTeX/texmf-dist/tex/latex/graphics/trig.sty
Package: trig 2023/12/02 v1.11 sin cos tan (DPC)
) (c:/Users/joseph.caracappa/AppData/Roaming/TinyTeX/texmf-dist/tex/latex/graphics-cfg/graphics.cfg
File: graphics.cfg 2016/06/04 v1.11 sample graphics configuration
)
Package graphics Info: Driver file: pdftex.def on input line 106.
)
\Gin@req@height=\dimen185
\Gin@req@width=\dimen186
)
\pandoc@box=\box63
(c:/Users/joseph.caracappa/AppData/Roaming/TinyTeX/texmf-dist/tex/latex/mathdesign/mathdesign.sty
Package: mathdesign 2013/08/29 v2.31 Math Design Project
(c:/Users/joseph.caracappa/AppData/Roaming/TinyTeX/texmf-dist/tex/latex/base/ifthen.sty
Package: ifthen 2024/03/16 v1.1e Standard LaTeX ifthen package (DPC)
)

Package mathdesign Warning: No font specified on input line 175.


Package mathdesign Warning: `urw-palatino' option not defined. on input line 177.

LaTeX Encoding Info:    Redeclaring text command \textcircled (encoding OMS) on input line 206.
(c:/Users/joseph.caracappa/AppData/Roaming/TinyTeX/texmf-dist/tex/latex/base/fontenc.sty
Package: fontenc 2025/07/18 v2.1d Standard LaTeX package
LaTeX Font Info:    Trying to load font information for T1+lmr on input line 116.
(c:/Users/joseph.caracappa/AppData/Roaming/TinyTeX/texmf-dist/tex/latex/lm/t1lmr.fd
File: t1lmr.fd 2015/05/01 v1.6.1 Font defs for Latin Modern
))) (c:/Users/joseph.caracappa/AppData/Roaming/TinyTeX/texmf-dist/tex/latex/base/fontenc.sty
Package: fontenc 2025/07/18 v2.1d Standard LaTeX package
) (c:/Users/joseph.caracappa/AppData/Roaming/TinyTeX/texmf-dist/tex/latex/accsupp/accsupp.sty
Package: accsupp 2019/12/05 v0.6 Accessibility support by marked content (HO)
(c:/Users/joseph.caracappa/AppData/Roaming/TinyTeX/texmf-dist/tex/generic/pdfescape/pdfescape.sty
Package: pdfescape 2019/12/09 v1.15 Implements pdfTeX's escape features (HO)
(c:/Users/joseph.caracappa/AppData/Roaming/TinyTeX/texmf-dist/tex/generic/ltxcmds/ltxcmds.sty
Package: ltxcmds 2023-12-04 v1.26 LaTeX kernel commands for general use (HO)
) (c:/Users/joseph.caracappa/AppData/Roaming/TinyTeX/texmf-dist/tex/generic/pdftexcmds/pdftexcmds.sty
Package: pdftexcmds 2020-06-27 v0.33 Utility functions of pdfTeX for LuaTeX (HO)
(c:/Users/joseph.caracappa/AppData/Roaming/TinyTeX/texmf-dist/tex/generic/infwarerr/infwarerr.sty
Package: infwarerr 2019/12/03 v1.5 Providing info/warning/error messages (HO)
)
Package pdftexcmds Info: \pdf@primitive is available.
Package pdftexcmds Info: \pdf@ifprimitive is available.
Package pdftexcmds Info: \pdfdraftmode found.
)) (c:/Users/joseph.caracappa/AppData/Roaming/TinyTeX/texmf-dist/tex/latex/kvoptions/kvoptions.sty
Package: kvoptions 2022-06-15 v3.15 Key value format for package options (HO)
(c:/Users/joseph.caracappa/AppData/Roaming/TinyTeX/texmf-dist/tex/latex/kvsetkeys/kvsetkeys.sty
Package: kvsetkeys 2022-10-05 v1.19 Key value parser (HO)
)) (c:/Users/joseph.caracappa/AppData/Roaming/TinyTeX/texmf-dist/tex/latex/accsupp/accsupp-pdftex.def
File: accsupp-pdftex.def 2019/12/05 v0.6 accsupp driver for pdfTeX (HO)
)) (c:/Users/joseph.caracappa/AppData/Roaming/TinyTeX/texmf-dist/tex/latex/pdfcomment/pdfcomment.sty
Package: pdfcomment 2018/11/01 pdfcomment.sty v2.4a - Josef Kleber (C) 2008-2012, 2015-2016, 2018
(c:/Users/joseph.caracappa/AppData/Roaming/TinyTeX/texmf-dist/tex/latex/xkeyval/xkeyval.sty
Package: xkeyval 2025/11/04 v2.10 package option processing (HA)
(c:/Users/joseph.caracappa/AppData/Roaming/TinyTeX/texmf-dist/tex/generic/xkeyval/xkeyval.tex (c:/Users/joseph.caracappa/AppData/Roaming/TinyTeX/texmf-dist/tex/generic/xkeyval/xkvutils.tex
\XKV@toks=\toks28
\XKV@tempa@toks=\toks29
\XKV@tempb@toks=\toks30
)
\XKV@depth=\count311
File: xkeyval.tex 2014/12/03 v2.7a key=value parser (HA)
))
\c@pc@count@i=\count312
\c@pc@count@ii=\count313
\c@pc@count@iii=\count314
\c@pc@count@iv=\count315
\pc@mathannot@box=\box64
\pc@nullbox=\box65
\pc@dima=\skip63
\pc@dimb=\skip64
\pc@Sposx=\skip65
\pc@Sposy=\skip66
\pc@Eposx=\skip67
\pc@Eposy=\skip68
\pc@column=\skip69
\pc@box@width=\skip70
\pc@box@height=\skip71
\pc@box@depth=\skip72
(c:/Users/joseph.caracappa/AppData/Roaming/TinyTeX/texmf-dist/tex/latex/datetime2/datetime2.sty
Package: datetime2 2021/03/21 v1.5.7 (NLCT) date and time formats
(c:/Users/joseph.caracappa/AppData/Roaming/TinyTeX/texmf-dist/tex/latex/tracklang/tracklang.sty
Package: tracklang 2025/03/11 v1.6.6 (NLCT) Track Languages
(c:/Users/joseph.caracappa/AppData/Roaming/TinyTeX/texmf-dist/tex/generic/tracklang/tracklang.tex))) (c:/Users/joseph.caracappa/AppData/Roaming/TinyTeX/texmf-dist/tex/latex/zref/zref-savepos.sty
Package: zref-savepos 2025-06-08 v2.36 Module savepos for zref (HO)
(c:/Users/joseph.caracappa/AppData/Roaming/TinyTeX/texmf-dist/tex/latex/zref/zref-base.sty
Package: zref-base 2025-06-08 v2.36 Module base for zref (HO)
(c:/Users/joseph.caracappa/AppData/Roaming/TinyTeX/texmf-dist/tex/generic/kvdefinekeys/kvdefinekeys.sty
Package: kvdefinekeys 2019-12-19 v1.6 Define keys (HO)
) (c:/Users/joseph.caracappa/AppData/Roaming/TinyTeX/texmf-dist/tex/generic/etexcmds/etexcmds.sty
Package: etexcmds 2019/12/15 v1.7 Avoid name clashes with e-TeX commands (HO)
) (c:/Users/joseph.caracappa/AppData/Roaming/TinyTeX/texmf-dist/tex/latex/auxhook/auxhook.sty
Package: auxhook 2019-12-17 v1.6 Hooks for auxiliary files (HO)
)
Package zref Info: New property list: main on input line 767.
Package zref Info: New property: default on input line 768.
Package zref Info: New property: page on input line 769.
)
Package zref Info: New property list: savepos on input line 56.
Package zref Info: New property: posx on input line 58.
Package zref Info: New property: posy on input line 59.
)
\c@zref@unique=\count316
(c:/Users/joseph.caracappa/AppData/Roaming/TinyTeX/texmf-dist/tex/latex/refcount/refcount.sty
Package: refcount 2019/12/15 v3.6 Data extraction from label references (HO)
) (c:/Users/joseph.caracappa/AppData/Roaming/TinyTeX/texmf-dist/tex/latex/marginnote/marginnote.sty
Package: marginnote 2026/01/02 1.4d non floating margin notes for LaTeX 
\c@mn@abspage=\count317
) (c:/Users/joseph.caracappa/AppData/Roaming/TinyTeX/texmf-dist/tex/generic/iftex/ifpdf.sty
Package: ifpdf 2019/10/25 v3.4 ifpdf legacy package. Use iftex instead.
) (c:/Users/joseph.caracappa/AppData/Roaming/TinyTeX/texmf-dist/tex/generic/iftex/ifluatex.sty
Package: ifluatex 2019/10/25 v1.5 ifluatex legacy package. Use iftex instead.
) (c:/Users/joseph.caracappa/AppData/Roaming/TinyTeX/texmf-dist/tex/latex/soulpos/soulpos.sty
Package: soulpos 2021/10/15 v1.2 Fancy underlining
\ulp@subcnt=\count318
\ulp@cnt=\count319
\ulp@out=\write3
\ulp@in=\read2
\ulwidth=\dimen187
) (c:/Users/joseph.caracappa/AppData/Roaming/TinyTeX/texmf-dist/tex/latex/hyperref/hyperref.sty
Package: hyperref 2026-01-29 v7.01p Hypertext links for LaTeX
(c:/Users/joseph.caracappa/AppData/Roaming/TinyTeX/texmf-dist/tex/latex/hycolor/hycolor.sty
Package: hycolor 2020-01-27 v1.10 Color options for hyperref/bookmark (HO)
) (c:/Users/joseph.caracappa/AppData/Roaming/TinyTeX/texmf-dist/tex/latex/hyperref/nameref.sty
Package: nameref 2026-01-29 v2.58 Cross-referencing by name of section
(c:/Users/joseph.caracappa/AppData/Roaming/TinyTeX/texmf-dist/tex/generic/gettitlestring/gettitlestring.sty
Package: gettitlestring 2019/12/15 v1.6 Cleanup title references (HO)
)
\c@section@level=\count320
) (c:/Users/joseph.caracappa/AppData/Roaming/TinyTeX/texmf-dist/tex/generic/stringenc/stringenc.sty
Package: stringenc 2019/11/29 v1.12 Convert strings between diff. encodings (HO)
)
\@linkdim=\dimen188
\Hy@linkcounter=\count321
\Hy@pagecounter=\count322
(c:/Users/joseph.caracappa/AppData/Roaming/TinyTeX/texmf-dist/tex/latex/hyperref/pd1enc.def
File: pd1enc.def 2026-01-29 v7.01p Hyperref: PDFDocEncoding definition (HO)
Now handling font encoding PD1 ...
... no UTF-8 mapping file for font encoding PD1
) (c:/Users/joseph.caracappa/AppData/Roaming/TinyTeX/texmf-dist/tex/generic/intcalc/intcalc.sty
Package: intcalc 2019/12/15 v1.3 Expandable calculations with integers (HO)
)
\Hy@SavedSpaceFactor=\count323
(c:/Users/joseph.caracappa/AppData/Roaming/TinyTeX/texmf-dist/tex/latex/hyperref/puenc.def
File: puenc.def 2026-01-29 v7.01p Hyperref: PDF Unicode definition (HO)
Now handling font encoding PU ...
... no UTF-8 mapping file for font encoding PU
)
Package hyperref Info: Option `unicode' set `true' on input line 4072.
Package hyperref Info: Option `unicode' set `true' on input line 4072.
Package hyperref Info: Hyper figures OFF on input line 4201.
Package hyperref Info: Link nesting OFF on input line 4206.
Package hyperref Info: Hyper index ON on input line 4209.
Package hyperref Info: Plain pages OFF on input line 4216.
Package hyperref Info: Backreferencing OFF on input line 4221.
Package hyperref Info: Implicit mode ON; LaTeX internals redefined.
Package hyperref Info: Bookmarks ON on input line 4468.
\c@Hy@tempcnt=\count324
(c:/Users/joseph.caracappa/AppData/Roaming/TinyTeX/texmf-dist/tex/latex/url/url.sty
\Urlmuskip=\muskip18
Package: url 2013/09/16  ver 3.4  Verb mode for urls, etc.
)
LaTeX Info: Redefining \url on input line 4807.
\XeTeXLinkMargin=\dimen189
(c:/Users/joseph.caracappa/AppData/Roaming/TinyTeX/texmf-dist/tex/generic/bitset/bitset.sty
Package: bitset 2019/12/09 v1.3 Handle bit-vector datatype (HO)
(c:/Users/joseph.caracappa/AppData/Roaming/TinyTeX/texmf-dist/tex/generic/bigintcalc/bigintcalc.sty
Package: bigintcalc 2019/12/15 v1.5 Expandable calculations on big integers (HO)
))
\Fld@menulength=\count325
\Field@Width=\dimen190
\Fld@charsize=\dimen191
Package hyperref Info: Hyper figures OFF on input line 6084.
Package hyperref Info: Link nesting OFF on input line 6089.
Package hyperref Info: Hyper index ON on input line 6092.
Package hyperref Info: backreferencing OFF on input line 6099.
Package hyperref Info: Link coloring OFF on input line 6104.
Package hyperref Info: Link coloring with OCG OFF on input line 6109.
Package hyperref Info: PDF/A mode OFF on input line 6114.
\Hy@abspage=\count326
\c@Item=\count327
\c@Hfootnote=\count328
)
Package hyperref Info: Driver: hpdftex.
(c:/Users/joseph.caracappa/AppData/Roaming/TinyTeX/texmf-dist/tex/latex/hyperref/hpdftex.def
File: hpdftex.def 2026-01-29 v7.01p Hyperref driver for pdfTeX
\Fld@listcount=\count329
\c@bookmark@seq@number=\count330
(c:/Users/joseph.caracappa/AppData/Roaming/TinyTeX/texmf-dist/tex/latex/rerunfilecheck/rerunfilecheck.sty
Package: rerunfilecheck 2025-06-21 v1.11 Rerun checks for auxiliary files (HO)
(c:/Users/joseph.caracappa/AppData/Roaming/TinyTeX/texmf-dist/tex/generic/uniquecounter/uniquecounter.sty
Package: uniquecounter 2019/12/15 v1.4 Provide unlimited unique counter (HO)
)
Package uniquecounter Info: New unique counter `rerunfilecheck' on input line 284.
)
\Hy@SectionHShift=\skip73
)
Package zref Info: New property list: pdfcomment on input line 2735.
Package zref Info: New property: PCPDFOBJID on input line 2736.
) (c:/Users/joseph.caracappa/AppData/Roaming/TinyTeX/texmf-dist/tex/generic/stringenc/se-pdfdoc.def
File: se-pdfdoc.def 2019/11/29 v1.12 stringenc: PDFDocEncoding
) (c:/Users/joseph.caracappa/AppData/Roaming/TinyTeX/texmf-dist/tex/latex/caption/caption.sty
Package: caption 2023/08/05 v3.6o Customizing captions (AR)
(c:/Users/joseph.caracappa/AppData/Roaming/TinyTeX/texmf-dist/tex/latex/caption/caption3.sty
Package: caption3 2023/07/31 v2.4d caption3 kernel (AR)
\caption@tempdima=\dimen192
\captionmargin=\dimen193
\caption@leftmargin=\dimen194
\caption@rightmargin=\dimen195
\caption@width=\dimen196
\caption@indent=\dimen197
\caption@parindent=\dimen198
\caption@hangindent=\dimen199
Package caption Info: Standard document class detected.
)
\c@caption@flags=\count331
\c@continuedfloat=\count332
Package caption Info: hyperref package is loaded.
Package caption Info: longtable package is loaded.
(c:/Users/joseph.caracappa/AppData/Roaming/TinyTeX/texmf-dist/tex/latex/caption/ltcaption.sty
Package: ltcaption 2021/01/08 v1.4c longtable captions (AR)
)) (c:/Users/joseph.caracappa/AppData/Roaming/TinyTeX/texmf-dist/tex/latex/fancyhdr/fancyhdr.sty
Package: fancyhdr 2025/02/07 v5.2 Extensive control of page headers and footers
\f@nch@headwidth=\skip74
\f@nch@offset@elh=\skip75
\f@nch@offset@erh=\skip76
\f@nch@offset@olh=\skip77
\f@nch@offset@orh=\skip78
\f@nch@offset@elf=\skip79
\f@nch@offset@erf=\skip80
\f@nch@offset@olf=\skip81
\f@nch@offset@orf=\skip82
\f@nch@height=\skip83
\f@nch@footalignment=\skip84
\f@nch@widthL=\skip85
\f@nch@widthC=\skip86
\f@nch@widthR=\skip87
\@temptokenb=\toks31
) (c:/Users/joseph.caracappa/AppData/Roaming/TinyTeX/texmf-dist/tex/latex/float/float.sty
Package: float 2001/11/08 v1.3d Float enhancements (AL)
\c@float@type=\count333
\float@exts=\toks32
\float@box=\box66
\@float@everytoks=\toks33
\@floatcapt=\box67
) (c:/Users/joseph.caracappa/AppData/Roaming/TinyTeX/texmf-dist/tex/latex/sectsty/sectsty.sty
Package: sectsty 2002/02/25 v2.0.2 Commands to change all sectional heading styles

LaTeX Warning: Command \underbar  has changed.
               Check if current package is valid.


LaTeX Warning: Command \underline  has changed.
               Check if current package is valid.

) (c:/Users/joseph.caracappa/AppData/Roaming/TinyTeX/texmf-dist/tex/latex/multirow/multirow.sty
Package: multirow 2024/11/12 v2.9 Span multiple rows of a table
\multirow@colwidth=\skip88
\multirow@cntb=\count334
\multirow@dima=\skip89
\bigstrutjot=\dimen256
) (c:/Users/joseph.caracappa/AppData/Roaming/TinyTeX/texmf-dist/tex/latex/tools/multicol.sty
Package: multicol 2025/10/21 v2.0b multicolumn formatting (FMi)
\c@tracingmulticols=\count335
\mult@box=\box68
\multicol@leftmargin=\dimen257
\c@unbalance=\count336
\c@collectmore=\count337
\doublecol@number=\count338
\multicoltolerance=\count339
\multicolpretolerance=\count340
\full@width=\dimen258
\page@free=\dimen259
\premulticols=\dimen260
\postmulticols=\dimen261
\multicolsep=\skip90
\multicolbaselineskip=\skip91
\partial@page=\box69
\last@line=\box70
\mc@boxedresult=\box71
\maxbalancingoverflow=\dimen262
\mult@rightbox=\box72
\mult@grightbox=\box73
\mult@firstbox=\box74
\mult@gfirstbox=\box75
\@tempa=\box76
\@tempa=\box77
\@tempa=\box78
\@tempa=\box79
\@tempa=\box80
\@tempa=\box81
\@tempa=\box82
\@tempa=\box83
\@tempa=\box84
\@tempa=\box85
\@tempa=\box86
\@tempa=\box87
\@tempa=\box88
\@tempa=\box89
\@tempa=\box90
\@tempa=\box91
\@tempa=\box92
\@tempa=\box93
\@tempa=\box94
\@tempa=\box95
\@tempa=\box96
\@tempa=\box97
\@tempa=\box98
\@tempa=\box99
\@tempa=\box100
\@tempa=\box101
\@tempa=\box102
\@tempa=\box103
\@tempa=\box104
\@tempa=\box105
\@tempa=\box106
\@tempa=\box107
\@tempa=\box108
\@tempa=\box109
\@tempa=\box110
\@tempa=\box111
\c@minrows=\count341
\c@columnbadness=\count342
\c@finalcolumnbadness=\count343
\last@try=\dimen263
\multicolovershoot=\dimen264
\multicolundershoot=\dimen265
\mult@nat@firstbox=\box112
\colbreak@box=\box113
\mc@col@check@num=\count344
\g__mc_curr_col_int=\count345
) (c:/Users/joseph.caracappa/AppData/Roaming/TinyTeX/texmf-dist/tex/latex/colortbl/colortbl.sty
Package: colortbl 2024/10/29 v1.0k Color table columns (DPC)
\everycr=\toks34
\minrowclearance=\skip92
\rownum=\count346
) (c:/Users/joseph.caracappa/AppData/Roaming/TinyTeX/texmf-dist/tex/latex/tools/hhline.sty
Package: hhline 2020/01/04 v2.04 Table rule package (DPC)
)
\Oldarrayrulewidth=\skip93
\Oldtabcolsep=\skip94
(c:/Users/joseph.caracappa/AppData/Roaming/TinyTeX/texmf-dist/tex/latex/wrapfig/wrapfig.sty
\wrapoverhang=\dimen266
\WF@size=\dimen267
\c@WF@wrappedlines=\count347
\WF@box=\box114
\WF@everypar=\toks35
Package: wrapfig 2003/01/31  v 3.6
) (c:/Users/joseph.caracappa/AppData/Roaming/TinyTeX/texmf-dist/tex/latex/bookmark/bookmark.sty
Package: bookmark 2023-12-10 v1.31 PDF bookmarks (HO)
(c:/Users/joseph.caracappa/AppData/Roaming/TinyTeX/texmf-dist/tex/latex/bookmark/bkm-pdftex.def
File: bkm-pdftex.def 2023-12-10 v1.31 bookmark driver for pdfTeX and luaTeX (HO)
\BKM@id=\count348
))
Package hyperref Info: Option `colorlinks' set `true' on input line 164.
(c:/Users/joseph.caracappa/AppData/Roaming/TinyTeX/texmf-dist/tex/latex/l3backend/l3backend-pdftex.def
File: l3backend-pdftex.def 2025-10-09 L3 backend support: PDF output (pdfTeX)
\l__color_backend_stack_int=\count349
) (./SOE2026_NEFMC_IR.aux

LaTeX Warning: Label `tab:species-groupings' multiply defined.

)
\openout1 = `SOE2026_NEFMC_IR.aux'.

LaTeX Font Info:    Checking defaults for OML/cmm/m/it on input line 169.
LaTeX Font Info:    ... okay on input line 169.
LaTeX Font Info:    Checking defaults for OMS/cmsy/m/n on input line 169.
LaTeX Font Info:    ... okay on input line 169.
LaTeX Font Info:    Checking defaults for OT1/cmr/m/n on input line 169.
LaTeX Font Info:    ... okay on input line 169.
LaTeX Font Info:    Checking defaults for T1/cmr/m/n on input line 169.
LaTeX Font Info:    ... okay on input line 169.
LaTeX Font Info:    Checking defaults for TS1/cmr/m/n on input line 169.
LaTeX Font Info:    ... okay on input line 169.
LaTeX Font Info:    Checking defaults for OMX/cmex/m/n on input line 169.
LaTeX Font Info:    ... okay on input line 169.
LaTeX Font Info:    Checking defaults for U/cmr/m/n on input line 169.
LaTeX Font Info:    ... okay on input line 169.
LaTeX Font Info:    Checking defaults for PD1/pdf/m/n on input line 169.
LaTeX Font Info:    ... okay on input line 169.
LaTeX Font Info:    Checking defaults for PU/pdf/m/n on input line 169.
LaTeX Font Info:    ... okay on input line 169.
(c:/Users/joseph.caracappa/AppData/Roaming/TinyTeX/texmf-dist/tex/latex/epstopdf-pkg/epstopdf-base.sty
Package: epstopdf-base 2020-01-24 v2.11 Base part for package epstopdf
Package epstopdf-base Info: Redefining graphics rule for `.eps' on input line 485.
(c:/Users/joseph.caracappa/AppData/Roaming/TinyTeX/texmf-dist/tex/latex/latexconfig/epstopdf-sys.cfg
File: epstopdf-sys.cfg 2010/07/13 v1.3 Configuration of (r)epstopdf for TeX Live
))
*geometry* driver: auto-detecting
*geometry* detected driver: pdftex
*geometry* verbose mode - [ preamble ] result:
* driver: pdftex
* paper: <default>
* layout: <same size as paper>
* layoutoffset:(h,v)=(0.0pt,0.0pt)
* modes: 
* h-part:(L,W,R)=(56.9055pt, 500.484pt, 56.9055pt)
* v-part:(T,H,B)=(56.9055pt, 652.70622pt, 85.35826pt)
* \paperwidth=614.295pt
* \paperheight=794.96999pt
* \textwidth=500.484pt
* \textheight=652.70622pt
* \oddsidemargin=-15.36449pt
* \evensidemargin=-15.36449pt
* \topmargin=-52.36449pt
* \headheight=40.0pt
* \headsep=25.0pt
* \topskip=10.0pt
* \footskip=14.22636pt
* \marginparwidth=65.0pt
* \marginparsep=11.0pt
* \columnsep=10.0pt
* \skip\footins=9.0pt plus 4.0pt minus 2.0pt
* \hoffset=0.0pt
* \voffset=0.0pt
* \mag=1000
* \@twocolumnfalse
* \@twosidefalse
* \@mparswitchfalse
* \@reversemarginfalse
* (1in=72.27pt=25.4mm, 1cm=28.453pt)

Package soulpos Info: Loading soulutf8 on input line 169.
(c:/Users/joseph.caracappa/AppData/Roaming/TinyTeX/texmf-dist/tex/generic/soul/soulutf8.sty
Package: soulutf8 2023-06-14 v3.1 Permit use of UTF-8 characters in soul (HO)

Package soulutf8 Warning: This package is obsolete,
(soulutf8)                use the soul package directly. 
(soulutf8)                 on input line 29.

) (c:/Users/joseph.caracappa/AppData/Roaming/TinyTeX/texmf-dist/tex/generic/soul/soul.sty
Package: soul 2023-06-14 v3.1 Permit use of UTF-8 characters in soul (HO)
(c:/Users/joseph.caracappa/AppData/Roaming/TinyTeX/texmf-dist/tex/generic/soul/soul-ori.sty
Package: soul-ori 2023-06-14 v3.1 letterspacing/underlining (mf)
\SOUL@word=\toks36
\SOUL@lasttoken=\toks37
\SOUL@syllable=\toks38
\SOUL@cmds=\toks39
\SOUL@buffer=\toks40
\SOUL@token=\toks41
\SOUL@syllgoal=\dimen268
\SOUL@syllwidth=\dimen269
\SOUL@charkern=\dimen270
\SOUL@hyphkern=\dimen271
\SOUL@dimen=\dimen272
\SOUL@dimeni=\dimen273
\SOUL@minus=\count350
\SOUL@comma=\count351
\SOUL@apo=\count352
\SOUL@grave=\count353
\SOUL@spaceskip=\skip95
\SOUL@ttwidth=\dimen274
\SOUL@uldp=\dimen275
\SOUL@ulht=\dimen276
))
Package hyperref Info: Link coloring ON on input line 169.
Package caption Info: Begin \AtBeginDocument code.
Package caption Info: float package is loaded.
Package caption Info: wrapfig package is loaded.
Package caption Info: End \AtBeginDocument code.
LaTeX Font Info:    Trying to load font information for T1+lmss on input line 174.
(c:/Users/joseph.caracappa/AppData/Roaming/TinyTeX/texmf-dist/tex/latex/lm/t1lmss.fd
File: t1lmss.fd 2015/05/01 v1.6.1 Font defs for Latin Modern
)
LaTeX Font Info:    Trying to load font information for OT1+lmr on input line 184.
(c:/Users/joseph.caracappa/AppData/Roaming/TinyTeX/texmf-dist/tex/latex/lm/ot1lmr.fd
File: ot1lmr.fd 2015/05/01 v1.6.1 Font defs for Latin Modern
)
LaTeX Font Info:    Trying to load font information for OML+lmm on input line 184.
(c:/Users/joseph.caracappa/AppData/Roaming/TinyTeX/texmf-dist/tex/latex/lm/omllmm.fd
File: omllmm.fd 2015/05/01 v1.6.1 Font defs for Latin Modern
)
LaTeX Font Info:    Trying to load font information for OMS+lmsy on input line 184.
(c:/Users/joseph.caracappa/AppData/Roaming/TinyTeX/texmf-dist/tex/latex/lm/omslmsy.fd
File: omslmsy.fd 2015/05/01 v1.6.1 Font defs for Latin Modern
)
LaTeX Font Info:    Trying to load font information for OMX+lmex on input line 184.
(c:/Users/joseph.caracappa/AppData/Roaming/TinyTeX/texmf-dist/tex/latex/lm/omxlmex.fd
File: omxlmex.fd 2015/05/01 v1.6.1 Font defs for Latin Modern
)
LaTeX Font Info:    External font `lmex10' loaded for size
(Font)              <10> on input line 184.
LaTeX Font Info:    External font `lmex10' loaded for size
(Font)              <7> on input line 184.
LaTeX Font Info:    External font `lmex10' loaded for size
(Font)              <5> on input line 184.
LaTeX Font Info:    Trying to load font information for U+msa on input line 184.
(c:/Users/joseph.caracappa/AppData/Roaming/TinyTeX/texmf-dist/tex/latex/amsfonts/umsa.fd
File: umsa.fd 2013/01/14 v3.01 AMS symbols A
)
LaTeX Font Info:    Trying to load font information for U+msb on input line 184.
(c:/Users/joseph.caracappa/AppData/Roaming/TinyTeX/texmf-dist/tex/latex/amsfonts/umsb.fd
File: umsb.fd 2013/01/14 v3.01 AMS symbols B
)
LaTeX Font Info:    External font `lmex10' loaded for size
(Font)              <8> on input line 184.
LaTeX Font Info:    External font `lmex10' loaded for size
(Font)              <6> on input line 184.
LaTeX Font Info:    Font shape `T1/lmss/m/it' in size <10> not available
(Font)              Font shape `T1/lmss/m/sl' tried instead on input line 296.
[4{c:/Users/joseph.caracappa/AppData/Roaming/TinyTeX/texmf-var/fonts/map/pdftex/updmap/pdftex.map}{c:/Users/joseph.caracappa/AppData/Roaming/TinyTeX/texmf-dist/fonts/enc/dvips/lm/lm-ec.enc}

\openout3 = `SOE2026_NEFMC_IR.upa'.

]
Package marginnote Info: Using workaround for absolute page number on input line 296.
<images/NewEngland/total_landings_NewEngland_2026-02-10.png, id=56, 469.755pt x 361.35pt>
File: images/NewEngland/total_landings_NewEngland_2026-02-10.png Graphic file (type png)
<use images/NewEngland/total_landings_NewEngland_2026-02-10.png>
Package pdftex.def Info: images/NewEngland/total_landings_NewEngland_2026-02-10.png  used on input line 388.
(pdftex.def)             Requested size: 500.484pt x 384.98656pt.
<images/NOAA_logo.png, id=57, 240.9pt x 240.9pt>
File: images/NOAA_logo.png Graphic file (type png)
<use images/NOAA_logo.png>
Package pdftex.def Info: images/NOAA_logo.png  used on input line 394.
(pdftex.def)             Requested size: 40.0pt x 39.99673pt.

Package fancyhdr Warning: \headheight is too small (40.0pt): 
(fancyhdr)                Make it at least 55.59677pt, for example:
(fancyhdr)                \setlength{\headheight}{55.59677pt}.
(fancyhdr)                You might also make \topmargin smaller:
(fancyhdr)                \addtolength{\topmargin}{-15.59677pt}.

[5 <./images/NOAA_logo.png>]
<images/NewEngland/commercial_landings_NewEngland_2026-02-02.png, id=68, 469.755pt x 505.89pt>
File: images/NewEngland/commercial_landings_NewEngland_2026-02-02.png Graphic file (type png)
<use images/NewEngland/commercial_landings_NewEngland_2026-02-02.png>
Package pdftex.def Info: images/NewEngland/commercial_landings_NewEngland_2026-02-02.png  used on input line 397.
(pdftex.def)             Requested size: 500.484pt x 538.98117pt.
[6 <./images/NewEngland/total_landings_NewEngland_2026-02-10.png>]
<images/NewEngland/climatevul_land_NewEngland_2026-02-06.png, id=75, 469.755pt x 180.675pt>
File: images/NewEngland/climatevul_land_NewEngland_2026-02-06.png Graphic file (type png)
<use images/NewEngland/climatevul_land_NewEngland_2026-02-06.png>
Package pdftex.def Info: images/NewEngland/climatevul_land_NewEngland_2026-02-06.png  used on input line 408.
(pdftex.def)             Requested size: 500.484pt x 192.49326pt.
[7 <./images/NewEngland/commercial_landings_NewEngland_2026-02-02.png>]
<images/NewEngland/rec_landings_NewEngland_2026-02-02.png, id=86, 469.755pt x 180.675pt>
File: images/NewEngland/rec_landings_NewEngland_2026-02-02.png Graphic file (type png)
<use images/NewEngland/rec_landings_NewEngland_2026-02-02.png>
Package pdftex.def Info: images/NewEngland/rec_landings_NewEngland_2026-02-02.png  used on input line 419.
(pdftex.def)             Requested size: 500.484pt x 192.49326pt.
<images/NewEngland/rec_hms_NE_NewEngland_2026-02-09.png, id=87, 469.755pt x 216.81pt>
File: images/NewEngland/rec_hms_NE_NewEngland_2026-02-09.png Graphic file (type png)
<use images/NewEngland/rec_hms_NE_NewEngland_2026-02-09.png>
Package pdftex.def Info: images/NewEngland/rec_hms_NE_NewEngland_2026-02-09.png  used on input line 428.
(pdftex.def)             Requested size: 500.484pt x 230.99193pt.
[8 <./images/NewEngland/climatevul_land_NewEngland_2026-02-06.png> <./images/NewEngland/rec_landings_NewEngland_2026-02-02.png>]
<images/NewEngland/stock_status_NewEngland_2026-02-02.png, id=98, 469.755pt x 433.62pt>
File: images/NewEngland/stock_status_NewEngland_2026-02-02.png Graphic file (type png)
<use images/NewEngland/stock_status_NewEngland_2026-02-02.png>
Package pdftex.def Info: images/NewEngland/stock_status_NewEngland_2026-02-02.png  used on input line 447.
(pdftex.def)             Requested size: 500.484pt x 461.98387pt.
LaTeX Font Info:    External font `lmex10' loaded for size
(Font)              <9> on input line 451.
[9 <./images/NewEngland/rec_hms_NE_NewEngland_2026-02-09.png>] [10{c:/Users/joseph.caracappa/AppData/Roaming/TinyTeX/texmf-dist/fonts/enc/dvips/lm/lm-mathit.enc} <./images/NewEngland/stock_status_NewEngland_2026-02-02.png>]
LaTeX Font Info:    Trying to load font information for TS1+lmr on input line 579.
(c:/Users/joseph.caracappa/AppData/Roaming/TinyTeX/texmf-dist/tex/latex/lm/ts1lmr.fd
File: ts1lmr.fd 2015/05/01 v1.6.1 Font defs for Latin Modern
)

LaTeX Warning: Hyper reference `community-social-and-climate-vulnerability' on page 11 undefined on input line 585.

<images/NewEngland/aggregate_biomass_gb_NewEngland_2026-02-09.png, id=125, 469.755pt x 433.62pt>
File: images/NewEngland/aggregate_biomass_gb_NewEngland_2026-02-09.png Graphic file (type png)
<use images/NewEngland/aggregate_biomass_gb_NewEngland_2026-02-09.png>
Package pdftex.def Info: images/NewEngland/aggregate_biomass_gb_NewEngland_2026-02-09.png  used on input line 590.
(pdftex.def)             Requested size: 500.484pt x 461.98387pt.
[11{c:/Users/joseph.caracappa/AppData/Roaming/TinyTeX/texmf-dist/fonts/enc/dvips/lm/lm-ts1.enc}]
<images/NewEngland/aggregate_biomass_gom_NewEngland_2026-02-09.png, id=140, 469.755pt x 433.62pt>
File: images/NewEngland/aggregate_biomass_gom_NewEngland_2026-02-09.png Graphic file (type png)
<use images/NewEngland/aggregate_biomass_gom_NewEngland_2026-02-09.png>
Package pdftex.def Info: images/NewEngland/aggregate_biomass_gom_NewEngland_2026-02-09.png  used on input line 599.
(pdftex.def)             Requested size: 500.484pt x 461.98387pt.
[12 <./images/NewEngland/aggregate_biomass_gb_NewEngland_2026-02-09.png>]
<images/NewEngland/mass_inshore_NewEngland_2026-02-02.png, id=145, 433.62pt x 433.62pt>
File: images/NewEngland/mass_inshore_NewEngland_2026-02-02.png Graphic file (type png)
<use images/NewEngland/mass_inshore_NewEngland_2026-02-02.png>
Package pdftex.def Info: images/NewEngland/mass_inshore_NewEngland_2026-02-02.png  used on input line 608.
(pdftex.def)             Requested size: 500.484pt x 500.51175pt.
[13 <./images/NewEngland/aggregate_biomass_gom_NewEngland_2026-02-09.png>] [14 <./images/NewEngland/mass_inshore_NewEngland_2026-02-02.png>]
<images/NewEngland/comm_revenue_NewEngland_2026-02-02.png, id=157, 469.755pt x 361.35pt>
File: images/NewEngland/comm_revenue_NewEngland_2026-02-02.png Graphic file (type png)
<use images/NewEngland/comm_revenue_NewEngland_2026-02-02.png>
Package pdftex.def Info: images/NewEngland/comm_revenue_NewEngland_2026-02-02.png  used on input line 625.
(pdftex.def)             Requested size: 500.484pt x 384.98656pt.
[15 <./images/NewEngland/comm_revenue_NewEngland_2026-02-02.png>]
<images/NewEngland/bennet_NewEngland_2026-02-02.png, id=169, 469.755pt x 433.62pt>
File: images/NewEngland/bennet_NewEngland_2026-02-02.png Graphic file (type png)
<use images/NewEngland/bennet_NewEngland_2026-02-02.png>
Package pdftex.def Info: images/NewEngland/bennet_NewEngland_2026-02-02.png  used on input line 641.
(pdftex.def)             Requested size: 500.484pt x 461.98387pt.
<images/NewEngland/bennet_all_NewEngland_2026-02-02.png, id=170, 650.43pt x 469.755pt>
File: images/NewEngland/bennet_all_NewEngland_2026-02-02.png Graphic file (type png)
<use images/NewEngland/bennet_all_NewEngland_2026-02-02.png>
Package pdftex.def Info: images/NewEngland/bennet_all_NewEngland_2026-02-02.png  used on input line 651.
(pdftex.def)             Requested size: 500.484pt x 361.46877pt.
[16 <./images/NewEngland/bennet_NewEngland_2026-02-02.png>]
<images/NewEngland/comdat_profit_NewEngland_2026-02-02.png, id=177, 469.755pt x 578.16pt>
File: images/NewEngland/comdat_profit_NewEngland_2026-02-02.png Graphic file (type png)
<use images/NewEngland/comdat_profit_NewEngland_2026-02-02.png>
Package pdftex.def Info: images/NewEngland/comdat_profit_NewEngland_2026-02-02.png  used on input line 660.
(pdftex.def)             Requested size: 500.484pt x 615.97849pt.
[17 <./images/NewEngland/bennet_all_NewEngland_2026-02-02.png>]
Overfull \vbox (6.27226pt too high) has occurred while \output is active []

[18 <./images/NewEngland/comdat_profit_NewEngland_2026-02-02.png>]
<images/NewEngland/climatevul_rev_NewEngland_2026-02-02.png, id=191, 469.755pt x 180.675pt>
File: images/NewEngland/climatevul_rev_NewEngland_2026-02-02.png Graphic file (type png)
<use images/NewEngland/climatevul_rev_NewEngland_2026-02-02.png>
Package pdftex.def Info: images/NewEngland/climatevul_rev_NewEngland_2026-02-02.png  used on input line 675.
(pdftex.def)             Requested size: 500.484pt x 192.49326pt.
[19 <./images/NewEngland/climatevul_rev_NewEngland_2026-02-02.png>]
<images/NewEngland/rec_op_NewEngland_2026-02-02.png, id=203, 469.755pt x 180.675pt>
File: images/NewEngland/rec_op_NewEngland_2026-02-02.png Graphic file (type png)
<use images/NewEngland/rec_op_NewEngland_2026-02-02.png>
Package pdftex.def Info: images/NewEngland/rec_op_NewEngland_2026-02-02.png  used on input line 696.
(pdftex.def)             Requested size: 500.484pt x 192.49326pt.
<images/NewEngland/rec_div_NewEngland_2026-02-02.png, id=204, 469.755pt x 180.675pt>
File: images/NewEngland/rec_div_NewEngland_2026-02-02.png Graphic file (type png)
<use images/NewEngland/rec_div_NewEngland_2026-02-02.png>
Package pdftex.def Info: images/NewEngland/rec_div_NewEngland_2026-02-02.png  used on input line 705.
(pdftex.def)             Requested size: 500.484pt x 192.49326pt.
[20 <./images/NewEngland/rec_op_NewEngland_2026-02-02.png> <./images/NewEngland/rec_div_NewEngland_2026-02-02.png>]

LaTeX Warning: Reference `tab:recvultab' on page 21 undefined on input line 732.

<images/NewEngland/commercial_engagement_NewEngland_2026-02-02.png, id=217, 505.89pt x 361.35pt>
File: images/NewEngland/commercial_engagement_NewEngland_2026-02-02.png Graphic file (type png)
<use images/NewEngland/commercial_engagement_NewEngland_2026-02-02.png>
Package pdftex.def Info: images/NewEngland/commercial_engagement_NewEngland_2026-02-02.png  used on input line 736.
(pdftex.def)             Requested size: 500.484pt x 357.495pt.
[21]
<images/NewEngland/recreational_engagement_NewEngland_2026-02-02.png, id=223, 469.755pt x 289.08pt>
File: images/NewEngland/recreational_engagement_NewEngland_2026-02-02.png Graphic file (type png)
<use images/NewEngland/recreational_engagement_NewEngland_2026-02-02.png>
Package pdftex.def Info: images/NewEngland/recreational_engagement_NewEngland_2026-02-02.png  used on input line 847.
(pdftex.def)             Requested size: 500.484pt x 307.98923pt.
[22 <./images/NewEngland/commercial_engagement_NewEngland_2026-02-02.png>] [23 <./images/NewEngland/recreational_engagement_NewEngland_2026-02-02.png>]
<images/NewEngland/commvulex_NewEngland_2026-02-02.png, id=239, 469.755pt x 289.08pt>
File: images/NewEngland/commvulex_NewEngland_2026-02-02.png Graphic file (type png)
<use images/NewEngland/commvulex_NewEngland_2026-02-02.png>
Package pdftex.def Info: images/NewEngland/commvulex_NewEngland_2026-02-02.png  used on input line 964.
(pdftex.def)             Requested size: 500.484pt x 307.98923pt.
[24 <./images/NewEngland/commvulex_NewEngland_2026-02-02.png>]
<images/BothReports/harborporpoise_BothReports_2026-02-02.png, id=249, 469.755pt x 216.81pt>
File: images/BothReports/harborporpoise_BothReports_2026-02-02.png Graphic file (type png)
<use images/BothReports/harborporpoise_BothReports_2026-02-02.png>
Package pdftex.def Info: images/BothReports/harborporpoise_BothReports_2026-02-02.png  used on input line 987.
(pdftex.def)             Requested size: 500.484pt x 230.99193pt.
<images/BothReports/grayseal_BothReports_2026-02-02.png, id=252, 469.755pt x 216.81pt>
File: images/BothReports/grayseal_BothReports_2026-02-02.png Graphic file (type png)
<use images/BothReports/grayseal_BothReports_2026-02-02.png>
Package pdftex.def Info: images/BothReports/grayseal_BothReports_2026-02-02.png  used on input line 998.
(pdftex.def)             Requested size: 500.484pt x 230.99193pt.
[25 <./images/BothReports/harborporpoise_BothReports_2026-02-02.png>]
<images/BothReports/narw_abundance_BothReports_2026-02-02.png, id=263, 469.755pt x 180.675pt>
File: images/BothReports/narw_abundance_BothReports_2026-02-02.png Graphic file (type png)
<use images/BothReports/narw_abundance_BothReports_2026-02-02.png>
Package pdftex.def Info: images/BothReports/narw_abundance_BothReports_2026-02-02.png  used on input line 1009.
(pdftex.def)             Requested size: 500.484pt x 192.49326pt.
<images/BothReports/narw_calves_BothReports_2026-02-02.png, id=266, 469.755pt x 180.675pt>
File: images/BothReports/narw_calves_BothReports_2026-02-02.png Graphic file (type png)
<use images/BothReports/narw_calves_BothReports_2026-02-02.png>
Package pdftex.def Info: images/BothReports/narw_calves_BothReports_2026-02-02.png  used on input line 1020.
(pdftex.def)             Requested size: 500.484pt x 192.49326pt.
[26 <./images/BothReports/grayseal_BothReports_2026-02-02.png> <./images/BothReports/narw_abundance_BothReports_2026-02-02.png>]
<images/BothReports/seal_pups_BothReports_2026-02-02.png, id=274, 469.755pt x 289.08pt>
File: images/BothReports/seal_pups_BothReports_2026-02-02.png Graphic file (type png)
<use images/BothReports/seal_pups_BothReports_2026-02-02.png>
Package pdftex.def Info: images/BothReports/seal_pups_BothReports_2026-02-02.png  used on input line 1037.
(pdftex.def)             Requested size: 500.484pt x 307.98923pt.
[27 <./images/BothReports/narw_calves_BothReports_2026-02-02.png>] [28 <./images/BothReports/seal_pups_BothReports_2026-02-02.png>]

LaTeX Warning: Reference `fig:commercial-div-species-div' on page 29 undefined on input line 1056.

<images/NewEngland/commercial_div_species_div_NewEngland_2026-02-10.png, id=296, 469.755pt x 144.54pt>
File: images/NewEngland/commercial_div_species_div_NewEngland_2026-02-10.png Graphic file (type png)
<use images/NewEngland/commercial_div_species_div_NewEngland_2026-02-10.png>
Package pdftex.def Info: images/NewEngland/commercial_div_species_div_NewEngland_2026-02-10.png  used on input line 1066.
(pdftex.def)             Requested size: 500.484pt x 153.9946pt.
<images/NewEngland/recdat_div_catch_NewEngland_2026-02-10.png, id=297, 469.755pt x 144.54pt>
File: images/NewEngland/recdat_div_catch_NewEngland_2026-02-10.png Graphic file (type png)
<use images/NewEngland/recdat_div_catch_NewEngland_2026-02-10.png>
Package pdftex.def Info: images/NewEngland/recdat_div_catch_NewEngland_2026-02-10.png  used on input line 1075.
(pdftex.def)             Requested size: 500.484pt x 153.9946pt.
[29 <./images/NewEngland/commercial_div_species_div_NewEngland_2026-02-10.png>]
<images/NewEngland/totpp_NewEngland_2026-02-10.png, id=306, 469.755pt x 289.08pt>
File: images/NewEngland/totpp_NewEngland_2026-02-10.png Graphic file (type png)
<use images/NewEngland/totpp_NewEngland_2026-02-10.png>
Package pdftex.def Info: images/NewEngland/totpp_NewEngland_2026-02-10.png  used on input line 1088.
(pdftex.def)             Requested size: 500.484pt x 307.98923pt.
[30 <./images/NewEngland/recdat_div_catch_NewEngland_2026-02-10.png> <./images/NewEngland/totpp_NewEngland_2026-02-10.png>]
<images/NewEngland/zoo_community_NewEngland_2026-02-10.png, id=313, 469.755pt x 289.08pt>
File: images/NewEngland/zoo_community_NewEngland_2026-02-10.png Graphic file (type png)
<use images/NewEngland/zoo_community_NewEngland_2026-02-10.png>
Package pdftex.def Info: images/NewEngland/zoo_community_NewEngland_2026-02-10.png  used on input line 1101.
(pdftex.def)             Requested size: 500.484pt x 307.98923pt.
<images/NewEngland/exp_n_NewEngland_2026-02-10.png, id=314, 469.755pt x 289.08pt>
File: images/NewEngland/exp_n_NewEngland_2026-02-10.png Graphic file (type png)
<use images/NewEngland/exp_n_NewEngland_2026-02-10.png>
Package pdftex.def Info: images/NewEngland/exp_n_NewEngland_2026-02-10.png  used on input line 1109.
(pdftex.def)             Requested size: 500.484pt x 307.98923pt.
[31 <./images/NewEngland/zoo_community_NewEngland_2026-02-10.png>]
<images/NewEngland/traits_k_NewEngland_2026-02-10.png, id=323, 469.755pt x 252.945pt>
File: images/NewEngland/traits_k_NewEngland_2026-02-10.png Graphic file (type png)
<use images/NewEngland/traits_k_NewEngland_2026-02-10.png>
Package pdftex.def Info: images/NewEngland/traits_k_NewEngland_2026-02-10.png  used on input line 1120.
(pdftex.def)             Requested size: 500.484pt x 269.49059pt.
[32 <./images/NewEngland/exp_n_NewEngland_2026-02-10.png>]
<images/NewEngland/traits_tl_NewEngland_2026-02-10.png, id=331, 469.755pt x 252.945pt>
File: images/NewEngland/traits_tl_NewEngland_2026-02-10.png Graphic file (type png)
<use images/NewEngland/traits_tl_NewEngland_2026-02-10.png>
Package pdftex.def Info: images/NewEngland/traits_tl_NewEngland_2026-02-10.png  used on input line 1129.
(pdftex.def)             Requested size: 500.484pt x 269.49059pt.
[33 <./images/NewEngland/traits_k_NewEngland_2026-02-10.png> <./images/NewEngland/traits_tl_NewEngland_2026-02-10.png>] [34]
<images/BothReports/species_dist_BothReports_2026-02-10.png, id=352, 469.755pt x 252.945pt>
File: images/BothReports/species_dist_BothReports_2026-02-10.png Graphic file (type png)
<use images/BothReports/species_dist_BothReports_2026-02-10.png>
Package pdftex.def Info: images/BothReports/species_dist_BothReports_2026-02-10.png  used on input line 1168.
(pdftex.def)             Requested size: 500.484pt x 269.49059pt.
<images/BothReports/cetacean_dist_BothReports_2026-02-02.png, id=353, 542.025pt x 289.08pt>
File: images/BothReports/cetacean_dist_BothReports_2026-02-02.png Graphic file (type png)
<use images/BothReports/cetacean_dist_BothReports_2026-02-02.png>
Package pdftex.def Info: images/BothReports/cetacean_dist_BothReports_2026-02-02.png  used on input line 1177.
(pdftex.def)             Requested size: 500.484pt x 266.93605pt.
[35 <./images/BothReports/species_dist_BothReports_2026-02-10.png>]
<images/BothReports/megabenthos_dist_BothReports_2026-02-02.png, id=365, 469.755pt x 252.945pt>
File: images/BothReports/megabenthos_dist_BothReports_2026-02-02.png Graphic file (type png)
<use images/BothReports/megabenthos_dist_BothReports_2026-02-02.png>
Package pdftex.def Info: images/BothReports/megabenthos_dist_BothReports_2026-02-02.png  used on input line 1186.
(pdftex.def)             Requested size: 500.484pt x 269.49059pt.
[36 <./images/BothReports/cetacean_dist_BothReports_2026-02-02.png> <./images/BothReports/megabenthos_dist_BothReports_2026-02-02.png>]
<images/NewEngland/calfin_cog_NewEngland_2026-02-10.png, id=374, 469.755pt x 198.7425pt>
File: images/NewEngland/calfin_cog_NewEngland_2026-02-10.png Graphic file (type png)
<use images/NewEngland/calfin_cog_NewEngland_2026-02-10.png>
Package pdftex.def Info: images/NewEngland/calfin_cog_NewEngland_2026-02-10.png  used on input line 1199.
(pdftex.def)             Requested size: 500.484pt x 211.74258pt.
<images/BothReports/forage_dist_BothReports_2026-02-10.png, id=375, 469.755pt x 198.7425pt>
File: images/BothReports/forage_dist_BothReports_2026-02-10.png Graphic file (type png)
<use images/BothReports/forage_dist_BothReports_2026-02-10.png>
Package pdftex.def Info: images/BothReports/forage_dist_BothReports_2026-02-10.png  used on input line 1207.
(pdftex.def)             Requested size: 500.484pt x 211.74258pt.
[37 <./images/NewEngland/calfin_cog_NewEngland_2026-02-10.png> <./images/BothReports/forage_dist_BothReports_2026-02-10.png>]
<images/BothReports/macrobenthos_dist_BothReports_2026-02-10.png, id=390, 469.755pt x 216.81pt>
File: images/BothReports/macrobenthos_dist_BothReports_2026-02-10.png Graphic file (type png)
<use images/BothReports/macrobenthos_dist_BothReports_2026-02-10.png>
Package pdftex.def Info: images/BothReports/macrobenthos_dist_BothReports_2026-02-10.png  used on input line 1220.
(pdftex.def)             Requested size: 500.484pt x 230.99193pt.
<images/BothReports/lgcopeall_cog_BothReports_2026-02-10.png, id=391, 469.755pt x 216.81pt>
File: images/BothReports/lgcopeall_cog_BothReports_2026-02-10.png Graphic file (type png)
<use images/BothReports/lgcopeall_cog_BothReports_2026-02-10.png>
Package pdftex.def Info: images/BothReports/lgcopeall_cog_BothReports_2026-02-10.png  used on input line 1229.
(pdftex.def)             Requested size: 500.484pt x 230.99193pt.
<images/BothReports/euph_cog_BothReports_2026-02-10.png, id=392, 469.755pt x 216.81pt>
File: images/BothReports/euph_cog_BothReports_2026-02-10.png Graphic file (type png)
<use images/BothReports/euph_cog_BothReports_2026-02-10.png>
Package pdftex.def Info: images/BothReports/euph_cog_BothReports_2026-02-10.png  used on input line 1238.
(pdftex.def)             Requested size: 500.484pt x 230.99193pt.
[38 <./images/BothReports/macrobenthos_dist_BothReports_2026-02-10.png> <./images/BothReports/lgcopeall_cog_BothReports_2026-02-10.png>]
<images/NewEngland/seasonal_oisst_anom_NewEngland_2026-02-10.png, id=405, 469.755pt x 361.35pt>
File: images/NewEngland/seasonal_oisst_anom_NewEngland_2026-02-10.png Graphic file (type png)
<use images/NewEngland/seasonal_oisst_anom_NewEngland_2026-02-10.png>
Package pdftex.def Info: images/NewEngland/seasonal_oisst_anom_NewEngland_2026-02-10.png  used on input line 1249.
(pdftex.def)             Requested size: 500.484pt x 384.98656pt.
[39 <./images/BothReports/euph_cog_BothReports_2026-02-10.png>]
<images/NewEngland/bottom_temp_anom_NewEngland_2026-02-10.png, id=412, 469.755pt x 361.35pt>
File: images/NewEngland/bottom_temp_anom_NewEngland_2026-02-10.png Graphic file (type png)
<use images/NewEngland/bottom_temp_anom_NewEngland_2026-02-10.png>
Package pdftex.def Info: images/NewEngland/bottom_temp_anom_NewEngland_2026-02-10.png  used on input line 1258.
(pdftex.def)             Requested size: 500.484pt x 384.98656pt.
[40 <./images/NewEngland/seasonal_oisst_anom_NewEngland_2026-02-10.png>]
<images/BothReports/long_term_sst_BothReports_2026-02-02.png, id=421, 469.755pt x 180.675pt>
File: images/BothReports/long_term_sst_BothReports_2026-02-02.png Graphic file (type png)
<use images/BothReports/long_term_sst_BothReports_2026-02-02.png>
Package pdftex.def Info: images/BothReports/long_term_sst_BothReports_2026-02-02.png  used on input line 1269.
(pdftex.def)             Requested size: 500.484pt x 192.49326pt.
[41 <./images/NewEngland/bottom_temp_anom_NewEngland_2026-02-10.png>]
<images/BothReports/west_gsi_BothReports_2026-02-02.png, id=427, 469.755pt x 180.675pt>
File: images/BothReports/west_gsi_BothReports_2026-02-02.png Graphic file (type png)
<use images/BothReports/west_gsi_BothReports_2026-02-02.png>
Package pdftex.def Info: images/BothReports/west_gsi_BothReports_2026-02-02.png  used on input line 1278.
(pdftex.def)             Requested size: 500.484pt x 192.49326pt.
<images/BothReports/cold_pool_BothReports_2026-02-10.png, id=430, 469.755pt x 252.945pt>
File: images/BothReports/cold_pool_BothReports_2026-02-10.png Graphic file (type png)
<use images/BothReports/cold_pool_BothReports_2026-02-10.png>
Package pdftex.def Info: images/BothReports/cold_pool_BothReports_2026-02-10.png  used on input line 1289.
(pdftex.def)             Requested size: 500.484pt x 269.49059pt.
[42 <./images/BothReports/long_term_sst_BothReports_2026-02-02.png> <./images/BothReports/west_gsi_BothReports_2026-02-02.png>] [43 <./images/BothReports/cold_pool_BothReports_2026-02-10.png>]
<images/BothReports/spawn_timing_BothReports_2026-02-02.png, id=449, 469.755pt x 289.08pt>
File: images/BothReports/spawn_timing_BothReports_2026-02-02.png Graphic file (type png)
<use images/BothReports/spawn_timing_BothReports_2026-02-02.png>
Package pdftex.def Info: images/BothReports/spawn_timing_BothReports_2026-02-02.png  used on input line 1316.
(pdftex.def)             Requested size: 500.484pt x 307.98923pt.
[44 <./images/BothReports/spawn_timing_BothReports_2026-02-02.png>]
<images/NewEngland/transition_date_NewEngland_2026-02-10.png, id=461, 469.755pt x 252.945pt>
File: images/NewEngland/transition_date_NewEngland_2026-02-10.png Graphic file (type png)
<use images/NewEngland/transition_date_NewEngland_2026-02-10.png>
Package pdftex.def Info: images/NewEngland/transition_date_NewEngland_2026-02-10.png  used on input line 1337.
(pdftex.def)             Requested size: 500.484pt x 269.49059pt.
[45 <./images/NewEngland/transition_date_NewEngland_2026-02-10.png>]
<images/BothReports/cold_pool_time_BothReports_2026-02-02.png, id=471, 469.755pt x 180.675pt>
File: images/BothReports/cold_pool_time_BothReports_2026-02-02.png Graphic file (type png)
<use images/BothReports/cold_pool_time_BothReports_2026-02-02.png>
Package pdftex.def Info: images/BothReports/cold_pool_time_BothReports_2026-02-02.png  used on input line 1350.
(pdftex.def)             Requested size: 500.484pt x 192.49326pt.
<images/NewEngland/monthly_chl_NewEngland_2026-02-02.png, id=474, 469.755pt x 505.89pt>
File: images/NewEngland/monthly_chl_NewEngland_2026-02-02.png Graphic file (type png)
<use images/NewEngland/monthly_chl_NewEngland_2026-02-02.png>
Package pdftex.def Info: images/NewEngland/monthly_chl_NewEngland_2026-02-02.png  used on input line 1361.
(pdftex.def)             Requested size: 500.484pt x 538.98117pt.
[46 <./images/BothReports/cold_pool_time_BothReports_2026-02-02.png>] [47 <./images/NewEngland/monthly_chl_NewEngland_2026-02-02.png>]
<images/NewEngland/productivity_anomaly_NewEngland_2026-02-10.png, id=493, 469.755pt x 614.295pt>
File: images/NewEngland/productivity_anomaly_NewEngland_2026-02-10.png Graphic file (type png)
<use images/NewEngland/productivity_anomaly_NewEngland_2026-02-10.png>
Package pdftex.def Info: images/NewEngland/productivity_anomaly_NewEngland_2026-02-10.png  used on input line 1382.
(pdftex.def)             Requested size: 500.484pt x 654.47714pt.
[48]
Overfull \vbox (55.77092pt too high) has occurred while \output is active []

[49 <./images/NewEngland/productivity_anomaly_NewEngland_2026-02-10.png>]
<images/NewEngland/seabird_productivity_NewEngland_2026-02-10.png, id=506, 469.755pt x 144.54pt>
File: images/NewEngland/seabird_productivity_NewEngland_2026-02-10.png Graphic file (type png)
<use images/NewEngland/seabird_productivity_NewEngland_2026-02-10.png>
Package pdftex.def Info: images/NewEngland/seabird_productivity_NewEngland_2026-02-10.png  used on input line 1391.
(pdftex.def)             Requested size: 500.484pt x 153.9946pt.
<images/NewEngland/salmon_NewEngland_2026-02-10.png, id=507, 469.755pt x 216.81pt>
File: images/NewEngland/salmon_NewEngland_2026-02-10.png Graphic file (type png)
<use images/NewEngland/salmon_NewEngland_2026-02-10.png>
Package pdftex.def Info: images/NewEngland/salmon_NewEngland_2026-02-10.png  used on input line 1400.
(pdftex.def)             Requested size: 500.484pt x 230.99193pt.
<images/NewEngland/condition_NewEngland_2026-02-10.png, id=511, 469.755pt x 614.295pt>
File: images/NewEngland/condition_NewEngland_2026-02-10.png Graphic file (type png)
<use images/NewEngland/condition_NewEngland_2026-02-10.png>
Package pdftex.def Info: images/NewEngland/condition_NewEngland_2026-02-10.png  used on input line 1411.
(pdftex.def)             Requested size: 500.484pt x 654.47714pt.
[50 <./images/NewEngland/seabird_productivity_NewEngland_2026-02-10.png> <./images/NewEngland/salmon_NewEngland_2026-02-10.png>]
Overfull \vbox (33.77092pt too high) has occurred while \output is active []

[51 <./images/NewEngland/condition_NewEngland_2026-02-10.png>]
<images/NewEngland/energy_density_NewEngland.png, id=523, 400.49625pt x 486.618pt>
File: images/NewEngland/energy_density_NewEngland.png Graphic file (type png)
<use images/NewEngland/energy_density_NewEngland.png>
Package pdftex.def Info: images/NewEngland/energy_density_NewEngland.png  used on input line 1436.
(pdftex.def)             Requested size: 500.484pt x 608.14478pt.
[52]
<images/NewEngland/foragebio_NewEngland_2026-02-10.png, id=531, 469.755pt x 252.945pt>
File: images/NewEngland/foragebio_NewEngland_2026-02-10.png Graphic file (type png)
<use images/NewEngland/foragebio_NewEngland_2026-02-10.png>
Package pdftex.def Info: images/NewEngland/foragebio_NewEngland_2026-02-10.png  used on input line 1445.
(pdftex.def)             Requested size: 500.484pt x 269.49059pt.
[53 <./images/NewEngland/energy_density_NewEngland.png>]
<images/NewEngland/benthos_NewEngland_2026-02-10.png, id=543, 469.755pt x 325.215pt>
File: images/NewEngland/benthos_NewEngland_2026-02-10.png Graphic file (type png)
<use images/NewEngland/benthos_NewEngland_2026-02-10.png>
Package pdftex.def Info: images/NewEngland/benthos_NewEngland_2026-02-10.png  used on input line 1462.
(pdftex.def)             Requested size: 500.484pt x 346.4879pt.
[54 <./images/NewEngland/foragebio_NewEngland_2026-02-10.png>]

LaTeX Warning: Reference `fig:zooplankton-season' on page 55 undefined on input line 1469.

<images/NewEngland/zooplankton_anomaly_NewEngland_2026-02-10.png, id=554, 469.755pt x 361.35pt>
File: images/NewEngland/zooplankton_anomaly_NewEngland_2026-02-10.png Graphic file (type png)
<use images/NewEngland/zooplankton_anomaly_NewEngland_2026-02-10.png>
Package pdftex.def Info: images/NewEngland/zooplankton_anomaly_NewEngland_2026-02-10.png  used on input line 1480.
(pdftex.def)             Requested size: 500.484pt x 384.98656pt.
[55 <./images/NewEngland/benthos_NewEngland_2026-02-10.png>]
<images/NewEngland/wbts_zoo_NewEngland_2026-02-04.png, id=560, 452.28975pt x 335.45325pt>
File: images/NewEngland/wbts_zoo_NewEngland_2026-02-04.png Graphic file (type png)
<use images/NewEngland/wbts_zoo_NewEngland_2026-02-04.png>
Package pdftex.def Info: images/NewEngland/wbts_zoo_NewEngland_2026-02-04.png  used on input line 1489.
(pdftex.def)             Requested size: 500.484pt x 371.20068pt.
[56 <./images/NewEngland/zooplankton_anomaly_NewEngland_2026-02-10.png>] [57 <./images/NewEngland/wbts_zoo_NewEngland_2026-02-04.png>]
<images/NewEngland/marine_cold_spells_NewEngland.png, id=582, 917.1063pt x 466.1415pt>
File: images/NewEngland/marine_cold_spells_NewEngland.png Graphic file (type png)
<use images/NewEngland/marine_cold_spells_NewEngland.png>
Package pdftex.def Info: images/NewEngland/marine_cold_spells_NewEngland.png  used on input line 1508.
(pdftex.def)             Requested size: 500.484pt x 254.37993pt.
<images/BothReports/therm_hab_persist_BothReports_2026-02-02.png, id=583, 469.755pt x 289.08pt>
File: images/BothReports/therm_hab_persist_BothReports_2026-02-02.png Graphic file (type png)
<use images/BothReports/therm_hab_persist_BothReports_2026-02-02.png>
Package pdftex.def Info: images/BothReports/therm_hab_persist_BothReports_2026-02-02.png  used on input line 1516.
(pdftex.def)             Requested size: 500.484pt x 307.98923pt.
[58 <./images/NewEngland/marine_cold_spells_NewEngland.png>]
<images/NewEngland/advection_index_NewEngland_2026-02-10.png, id=592, 469.755pt x 216.81pt>
File: images/NewEngland/advection_index_NewEngland_2026-02-10.png Graphic file (type png)
<use images/NewEngland/advection_index_NewEngland_2026-02-10.png>
Package pdftex.def Info: images/NewEngland/advection_index_NewEngland_2026-02-10.png  used on input line 1527.
(pdftex.def)             Requested size: 500.484pt x 230.99193pt.
[59 <./images/BothReports/therm_hab_persist_BothReports_2026-02-02.png>]
<images/BothReports/SOE-2025-OA-figure_final_GraceSaba_2025.png, id=600, 2975.115pt x 1136.245pt>
File: images/BothReports/SOE-2025-OA-figure_final_GraceSaba_2025.png Graphic file (type png)
<use images/BothReports/SOE-2025-OA-figure_final_GraceSaba_2025.png>
Package pdftex.def Info: images/BothReports/SOE-2025-OA-figure_final_GraceSaba_2025.png  used on input line 1538.
(pdftex.def)             Requested size: 500.484pt x 191.13058pt.
[60{c:/Users/joseph.caracappa/AppData/Roaming/TinyTeX/texmf-dist/fonts/enc/dvips/lm/lm-rm.enc} <./images/NewEngland/advection_index_NewEngland_2026-02-10.png> <./images/BothReports/SOE-2025-OA-figure_final_GraceSaba_2025.png>] [61]
<images/BothReports/UpdatedWind_AngelaSilva_2025.png, id=625, 633.8079pt x 817.6146pt>
File: images/BothReports/UpdatedWind_AngelaSilva_2025.png Graphic file (type png)
<use images/BothReports/UpdatedWind_AngelaSilva_2025.png>
Package pdftex.def Info: images/BothReports/UpdatedWind_AngelaSilva_2025.png  used on input line 1573.
(pdftex.def)             Requested size: 450.43253pt x 581.07184pt.
[62] [63 <./images/BothReports/UpdatedWind_AngelaSilva_2025.png>]
<images/BothReports/wind_dev_speed_BothReports_2026-02-02.png, id=636, 469.755pt x 289.08pt>
File: images/BothReports/wind_dev_speed_BothReports_2026-02-02.png Graphic file (type png)
<use images/BothReports/wind_dev_speed_BothReports_2026-02-02.png>
Package pdftex.def Info: images/BothReports/wind_dev_speed_BothReports_2026-02-02.png  used on input line 1584.
(pdftex.def)             Requested size: 500.484pt x 307.98923pt.
<images/NewEngland/wind_revenue_NewEngland_2026-02-10.png, id=640, 469.755pt x 216.81pt>
File: images/NewEngland/wind_revenue_NewEngland_2026-02-10.png Graphic file (type png)
<use images/NewEngland/wind_revenue_NewEngland_2026-02-10.png>
Package pdftex.def Info: images/NewEngland/wind_revenue_NewEngland_2026-02-10.png  used on input line 1599.
(pdftex.def)             Requested size: 500.484pt x 230.99193pt.
[64 <./images/BothReports/wind_dev_speed_BothReports_2026-02-02.png>]
<images/NewEngland/wea_port_rev_NewEngland_2026-02-02.png, id=651, 469.755pt x 505.89pt>
File: images/NewEngland/wea_port_rev_NewEngland_2026-02-02.png Graphic file (type png)
<use images/NewEngland/wea_port_rev_NewEngland_2026-02-02.png>
Package pdftex.def Info: images/NewEngland/wea_port_rev_NewEngland_2026-02-02.png  used on input line 1712.
(pdftex.def)             Requested size: 500.484pt x 538.98117pt.

Underfull \hbox (badness 10000) in paragraph at lines 1712--1713

 []

[65 <./images/NewEngland/wind_revenue_NewEngland_2026-02-10.png>] [66 <./images/NewEngland/wea_port_rev_NewEngland_2026-02-02.png>]
<images/NewEngland/midatlantic_nefmc.png, id=664, 469.755pt x 361.1091pt>
File: images/NewEngland/midatlantic_nefmc.png Graphic file (type png)
<use images/NewEngland/midatlantic_nefmc.png>
Package pdftex.def Info: images/NewEngland/midatlantic_nefmc.png  used on input line 1723.
(pdftex.def)             Requested size: 500.484pt x 384.72989pt.

Underfull \hbox (badness 10000) in paragraph at lines 1723--1724

 []

[67 <./images/NewEngland/midatlantic_nefmc.png>]
<images/BothReports/NARW_hotspots_final_2024.jpg, id=675, 614.295pt x 794.97pt>
File: images/BothReports/NARW_hotspots_final_2024.jpg Graphic file (type jpg)
<use images/BothReports/NARW_hotspots_final_2024.jpg>
Package pdftex.def Info: images/BothReports/NARW_hotspots_final_2024.jpg  used on input line 1744.
(pdftex.def)             Requested size: 275.26772pt x 356.22905pt.
[68] [69 <./images/BothReports/NARW_hotspots_final_2024.jpg>]

LaTeX Warning: Reference `fig:slopesea-bottom' on page 70 undefined on input line 1767.

<images/BothReports/Highlights_2026-BTemp_Anomaly-202501-NES.png, id=691, 491.31555pt x 481.19775pt>
File: images/BothReports/Highlights_2026-BTemp_Anomaly-202501-NES.png Graphic file (type png)
<use images/BothReports/Highlights_2026-BTemp_Anomaly-202501-NES.png>
Package pdftex.def Info: images/BothReports/Highlights_2026-BTemp_Anomaly-202501-NES.png  used on input line 1769.
(pdftex.def)             Requested size: 325.31154pt x 318.6121pt.
<images/BothReports/Highlights_2026-SST_Anomaly-202501-NES.png, id=692, 491.31555pt x 481.19775pt>
File: images/BothReports/Highlights_2026-SST_Anomaly-202501-NES.png Graphic file (type png)
<use images/BothReports/Highlights_2026-SST_Anomaly-202501-NES.png>
Package pdftex.def Info: images/BothReports/Highlights_2026-SST_Anomaly-202501-NES.png  used on input line 1773.
(pdftex.def)             Requested size: 325.31154pt x 318.6121pt.
[70 <./images/BothReports/Highlights_2026-BTemp_Anomaly-202501-NES.png>]
<images/BothReports/slopewater_BothReports_2026-02-02.png, id=703, 433.62pt x 289.08pt>
File: images/BothReports/slopewater_BothReports_2026-02-02.png Graphic file (type png)
<use images/BothReports/slopewater_BothReports_2026-02-02.png>
Package pdftex.def Info: images/BothReports/slopewater_BothReports_2026-02-02.png  used on input line 1784.
(pdftex.def)             Requested size: 500.484pt x 333.67448pt.
[71 <./images/BothReports/Highlights_2026-SST_Anomaly-202501-NES.png>]

LaTeX Warning: Reference `fig:chl-anom-apr' on page 72 undefined on input line 1791.

<images/BothReports/Highlights_2026-CHL_Anomaly-202504-NES.png, id=710, 491.31555pt x 481.19775pt>
File: images/BothReports/Highlights_2026-CHL_Anomaly-202504-NES.png Graphic file (type png)
<use images/BothReports/Highlights_2026-CHL_Anomaly-202504-NES.png>
Package pdftex.def Info: images/BothReports/Highlights_2026-CHL_Anomaly-202504-NES.png  used on input line 1795.
(pdftex.def)             Requested size: 500.484pt x 490.17642pt.
[72 <./images/BothReports/slopewater_BothReports_2026-02-02.png>]
<images/BothReports/Highlights_2026-CHL_Anomaly-202510-NES.png, id=717, 491.31555pt x 481.19775pt>
File: images/BothReports/Highlights_2026-CHL_Anomaly-202510-NES.png Graphic file (type png)
<use images/BothReports/Highlights_2026-CHL_Anomaly-202510-NES.png>
Package pdftex.def Info: images/BothReports/Highlights_2026-CHL_Anomaly-202510-NES.png  used on input line 1803.
(pdftex.def)             Requested size: 500.484pt x 490.17642pt.
[73 <./images/BothReports/Highlights_2026-CHL_Anomaly-202504-NES.png>] [74 <./images/BothReports/Highlights_2026-CHL_Anomaly-202510-NES.png>]
<images/BothReports/Highlights_2026-SST_Anomaly-202501-Ches_Bay.png, id=729, 254.3904pt x 554.67226pt>
File: images/BothReports/Highlights_2026-SST_Anomaly-202501-Ches_Bay.png Graphic file (type png)
<use images/BothReports/Highlights_2026-SST_Anomaly-202501-Ches_Bay.png>
Package pdftex.def Info: images/BothReports/Highlights_2026-SST_Anomaly-202501-Ches_Bay.png  used on input line 1832.
(pdftex.def)             Requested size: 500.484pt x 1091.3143pt.
[75]
Overfull \vbox (438.60808pt too high) has occurred while \output is active []

[76 <./images/BothReports/Highlights_2026-SST_Anomaly-202501-Ches_Bay.png>]
<images/BothReports/Highlights_2026-SST_Anomaly-202504-Ches_Bay.png, id=740, 254.3904pt x 554.67226pt>
File: images/BothReports/Highlights_2026-SST_Anomaly-202504-Ches_Bay.png Graphic file (type png)
<use images/BothReports/Highlights_2026-SST_Anomaly-202504-Ches_Bay.png>
Package pdftex.def Info: images/BothReports/Highlights_2026-SST_Anomaly-202504-Ches_Bay.png  used on input line 1840.
(pdftex.def)             Requested size: 500.484pt x 1091.3143pt.

Overfull \vbox (481.60808pt too high) has occurred while \output is active []

[77 <./images/BothReports/Highlights_2026-SST_Anomaly-202504-Ches_Bay.png>] [78]
<C:/Users/joseph.caracappa/Documents/GitHub/READ-EDAB-SOE_reports/SOE2026_NEFMC_IR_files/figure-latex/docformat-1.pdf, id=756, 469.755pt x 210.7875pt>
File: C:/Users/joseph.caracappa/Documents/GitHub/READ-EDAB-SOE_reports/SOE2026_NEFMC_IR_files/figure-latex/docformat-1.pdf Graphic file (type pdf)
<use C:/Users/joseph.caracappa/Documents/GitHub/READ-EDAB-SOE_reports/SOE2026_NEFMC_IR_files/figure-latex/docformat-1.pdf>
Package pdftex.def Info: C:/Users/joseph.caracappa/Documents/GitHub/READ-EDAB-SOE_reports/SOE2026_NEFMC_IR_files/figure-latex/docformat-1.pdf  used on input line 1865.
(pdftex.def)             Requested size: 500.484pt x 224.57549pt.

Overfull \hbox (25.40596pt too wide) in alignment at lines 1886--1894
 [] [] [] [] [] 
 []


Overfull \hbox (25.40596pt too wide) in alignment at lines 1894--1900
 [] [] [] [] [] 
 []


Overfull \hbox (25.40596pt too wide) in alignment at lines 1900--1934
 [] [] [] [] [] 
 []

ignored error: Infinite glue shrinkage found in box being split [79 <c:/Users/joseph.caracappa/Documents/GitHub/READ-EDAB-SOE_reports/SOE2026_NEFMC_IR_files/figure-latex/docformat-1.pdf>] [80] (./SOE2026_NEFMC_IR.aux * soulpos - computing points - it may take a few seconds *
\openout3 = `SOE2026_NEFMC_IR.upb'.

(./SOE2026_NEFMC_IR.upa))
 ***********
LaTeX2e <2025-11-01>
L3 programming layer <2026-01-19>
 ***********

LaTeX Warning: There were undefined references.


LaTeX Warning: There were multiply-defined labels.

 ) 
Here is how much of TeX's memory you used:
 20462 strings out of 469514
 405996 string characters out of 5467188
 820815 words of memory out of 5000000
 48571 multiletter control sequences out of 15000+600000
 717156 words of font info for 95 fonts, out of 8000000 for 9000
 14 hyphenation exceptions out of 8191
 77i,15n,117p,2766b,620s stack positions out of 10000i,1000n,20000p,200000b,200000s
<c:/Users/joseph.caracappa/AppData/Roaming/TinyTeX/texmf-dist/fonts/type1/public/lm/lmbx10.pfb><c:/Users/joseph.caracappa/AppData/Roaming/TinyTeX/texmf-dist/fonts/type1/public/lm/lmbx9.pfb><c:/Users/joseph.caracappa/AppData/Roaming/TinyTeX/texmf-dist/fonts/type1/public/lm/lmmi6.pfb><c:/Users/joseph.caracappa/AppData/Roaming/TinyTeX/texmf-dist/fonts/type1/public/lm/lmmi9.pfb><c:/Users/joseph.caracappa/AppData/Roaming/TinyTeX/texmf-dist/fonts/type1/public/lm/lmr10.pfb><c:/Users/joseph.caracappa/AppData/Roaming/TinyTeX/texmf-dist/fonts/type1/public/lm/lmr6.pfb><c:/Users/joseph.caracappa/AppData/Roaming/TinyTeX/texmf-dist/fonts/type1/public/lm/lmr7.pfb><c:/Users/joseph.caracappa/AppData/Roaming/TinyTeX/texmf-dist/fonts/type1/public/lm/lmr8.pfb><c:/Users/joseph.caracappa/AppData/Roaming/TinyTeX/texmf-dist/fonts/type1/public/lm/lmr9.pfb><c:/Users/joseph.caracappa/AppData/Roaming/TinyTeX/texmf-dist/fonts/type1/public/lm/lmri10.pfb><c:/Users/joseph.caracappa/AppData/Roaming/TinyTeX/texmf-dist/fonts/type1/public/lm/lmri9.pfb><c:/Users/joseph.caracappa/AppData/Roaming/TinyTeX/texmf-dist/fonts/type1/public/lm/lmss17.pfb><c:/Users/joseph.caracappa/AppData/Roaming/TinyTeX/texmf-dist/fonts/type1/public/lm/lmssbx10.pfb><c:/Users/joseph.caracappa/AppData/Roaming/TinyTeX/texmf-dist/fonts/type1/public/lm/lmsso10.pfb>
Output written on SOE2026_NEFMC_IR.pdf (77 pages, 20532564 bytes).
PDF statistics:
 1001 PDF objects out of 1200 (max. 8388607)
 800 compressed objects within 8 object streams
 218 named destinations out of 1000 (max. 500000)
 645 words of extra memory for PDF output out of 10000 (max. 10000000)

