This is pdfTeX, Version 3.141592653-2.6-1.40.29 (TeX Live 2026) (preloaded format=pdflatex 2026.8.13)  11 SEP 2026 11:24
entering extended mode
 restricted \write18 enabled.
 %&-line parsing enabled.
**SOE2026_MAFMC_Council.tex
(./SOE2026_MAFMC_Council.tex
LaTeX2e <2026-06-01>
L3 programming layer <2026-07-20>
(c:/Users/stephanie.owen/AppData/Roaming/TinyTeX/texmf-dist/tex/latex/base/article.cls
Document Class: article 2025/01/22 v1.4n Standard LaTeX document class
(c:/Users/stephanie.owen/AppData/Roaming/TinyTeX/texmf-dist/tex/latex/base/size10.clo
File: size10.clo 2025/01/22 v1.4n Standard LaTeX file (size option)
)
\c@part=\count276
\c@section=\count277
\c@subsection=\count278
\c@subsubsection=\count279
\c@paragraph=\count280
\c@subparagraph=\count281
\c@figure=\count282
\c@table=\count283
\abovecaptionskip=\skip49
\belowcaptionskip=\skip50
\bibindent=\dimen150
) (c:/Users/stephanie.owen/AppData/Roaming/TinyTeX/texmf-dist/tex/latex/xcolor/xcolor.sty
Package: xcolor 2024/09/29 v3.02 LaTeX color extensions (UK)
(c:/Users/stephanie.owen/AppData/Roaming/TinyTeX/texmf-dist/tex/latex/graphics-cfg/color.cfg
File: color.cfg 2016/01/02 v1.6 sample color configuration
)
Package xcolor Info: Driver file: pdftex.def on input line 274.
(c:/Users/stephanie.owen/AppData/Roaming/TinyTeX/texmf-dist/tex/latex/graphics-def/pdftex.def
File: pdftex.def 2025/09/29 v1.2d Graphics/color driver for pdftex
) (c:/Users/stephanie.owen/AppData/Roaming/TinyTeX/texmf-dist/tex/latex/graphics/mathcolor.ltx)
Package xcolor Info: Model `cmy' substituted by `cmy0' on input line 1349.
Package xcolor Info: Model `hsb' substituted by `rgb' on input line 1353.
Package xcolor Info: Model `RGB' extended on input line 1365.
Package xcolor Info: Model `HTML' substituted by `rgb' on input line 1367.
Package xcolor Info: Model `Hsb' substituted by `hsb' on input line 1368.
Package xcolor Info: Model `tHsb' substituted by `hsb' on input line 1369.
Package xcolor Info: Model `HSB' substituted by `hsb' on input line 1370.
Package xcolor Info: Model `Gray' substituted by `gray' on input line 1371.
Package xcolor Info: Model `wave' substituted by `hsb' on input line 1372.
) (c:/Users/stephanie.owen/AppData/Roaming/TinyTeX/texmf-dist/tex/latex/graphics/dvipsnam.def
File: dvipsnam.def 2026-05-17 v3.0m Driver-dependent file (DPC,SPQR)
) (c:/Users/stephanie.owen/AppData/Roaming/TinyTeX/texmf-dist/tex/latex/xcolor/svgnam.def
File: svgnam.def 2024/09/29 v3.02 Predefined colors according to SVG 1.1 (UK)
) (c:/Users/stephanie.owen/AppData/Roaming/TinyTeX/texmf-dist/tex/latex/xcolor/x11nam.def
File: x11nam.def 2024/09/29 v3.02 Predefined colors according to Unix/X11 (UK)
) (c:/Users/stephanie.owen/AppData/Roaming/TinyTeX/texmf-dist/tex/latex/geometry/geometry.sty
Package: geometry 2026/03/07 v6.0 Page Geometry
(c:/Users/stephanie.owen/AppData/Roaming/TinyTeX/texmf-dist/tex/latex/graphics/keyval.sty
Package: keyval 2026-05-17 v1.15 key=value parser (DPC)
\KV@toks@=\toks17
) (c:/Users/stephanie.owen/AppData/Roaming/TinyTeX/texmf-dist/tex/generic/iftex/ifvtex.sty
Package: ifvtex 2019/10/25 v1.7 ifvtex legacy package. Use iftex instead.
(c:/Users/stephanie.owen/AppData/Roaming/TinyTeX/texmf-dist/tex/generic/iftex/iftex.sty
Package: iftex 2024/12/12 v1.0g TeX engine tests
))
\Gm@cnth=\count284
\Gm@cntv=\count285
\c@Gm@tempcnt=\count286
\Gm@bindingoffset=\dimen151
\Gm@wd@mp=\dimen152
\Gm@odd@mp=\dimen153
\Gm@even@mp=\dimen154
\Gm@layoutwidth=\dimen155
\Gm@layoutheight=\dimen156
\Gm@layouthoffset=\dimen157
\Gm@layoutvoffset=\dimen158
\Gm@dimlist=\toks18
) (c:/Users/stephanie.owen/AppData/Roaming/TinyTeX/texmf-dist/tex/latex/amsmath/amsmath.sty
Package: amsmath 2026/05/19 v2.18d AMS math features
\@mathmargin=\skip51
For additional information on amsmath, use the `?' option.
(c:/Users/stephanie.owen/AppData/Roaming/TinyTeX/texmf-dist/tex/latex/amsmath/amstext.sty
Package: amstext 2024/11/17 v2.01 AMS text
(c:/Users/stephanie.owen/AppData/Roaming/TinyTeX/texmf-dist/tex/latex/amsmath/amsgen.sty
File: amsgen.sty 1999/11/30 v2.0 generic functions
\@emptytoks=\toks19
\ex@=\dimen159
)) (c:/Users/stephanie.owen/AppData/Roaming/TinyTeX/texmf-dist/tex/latex/amsmath/amsbsy.sty
Package: amsbsy 1999/11/29 v1.2d Bold Symbols
\pmbraise@=\dimen160
) (c:/Users/stephanie.owen/AppData/Roaming/TinyTeX/texmf-dist/tex/latex/amsmath/amsopn.sty
Package: amsopn 2022/04/08 v2.04 operator names
)
\inf@bad=\count287
LaTeX Info: Redefining \frac on input line 233.
\uproot@=\count288
\leftroot@=\count289
LaTeX Info: Redefining \overline on input line 398.
LaTeX Info: Redefining \colon on input line 409.
\classnum@=\count290
\DOTSCASE@=\count291
LaTeX Info: Redefining \ldots on input line 495.
LaTeX Info: Redefining \dots on input line 498.
LaTeX Info: Redefining \cdots on input line 619.
\Mathstrutbox@=\box53
\strutbox@=\box54
LaTeX Info: Redefining \big on input line 721.
LaTeX Info: Redefining \Big on input line 722.
LaTeX Info: Redefining \bigg on input line 723.
LaTeX Info: Redefining \Bigg on input line 724.
\big@size=\dimen161
LaTeX Font Info:    Redeclaring font encoding OML on input line 742.
LaTeX Font Info:    Redeclaring font encoding OMS on input line 743.
\macc@depth=\count292
LaTeX Info: Redefining \bmod on input line 904.
LaTeX Info: Redefining \pmod on input line 909.
LaTeX Info: Redefining \smash on input line 939.
LaTeX Info: Redefining \relbar on input line 969.
LaTeX Info: Redefining \Relbar on input line 970.
\c@MaxMatrixCols=\count293
\dotsspace@=\muskip17
\c@parentequation=\count294
\dspbrk@lvl=\count295
\tag@help=\toks20
\row@=\count296
\column@=\count297
\maxfields@=\count298
\andhelp@=\toks21
\eqnshift@=\dimen162
\alignsep@=\dimen163
\tagshift@=\dimen164
\tagwidth@=\dimen165
\totwidth@=\dimen166
\lineht@=\dimen167
\@envbody=\toks22
\multlinegap=\skip52
\multlinetaggap=\skip53
\mathdisplay@stack=\toks23
LaTeX Info: Redefining \[ on input line 2965.
LaTeX Info: Redefining \] on input line 2966.
) (c:/Users/stephanie.owen/AppData/Roaming/TinyTeX/texmf-dist/tex/latex/amsfonts/amssymb.sty
Package: amssymb 2013/01/14 v3.01 AMS font symbols
(c:/Users/stephanie.owen/AppData/Roaming/TinyTeX/texmf-dist/tex/latex/amsfonts/amsfonts.sty
Package: amsfonts 2013/01/14 v3.01 Basic AMSFonts support
\symAMSa=\mathgroup4
\symAMSb=\mathgroup5
LaTeX Font Info:    Redeclaring math symbol \hbar on input line 98.
LaTeX Font Info:    Overwriting math alphabet `\mathfrak' in version `bold'
(Font)                  U/euf/m/n --> U/euf/b/n on input line 106.
)) (c:/Users/stephanie.owen/AppData/Roaming/TinyTeX/texmf-dist/tex/latex/base/fontenc.sty
Package: fontenc 2025/07/18 v2.1d Standard LaTeX package
) (c:/Users/stephanie.owen/AppData/Roaming/TinyTeX/texmf-dist/tex/latex/base/inputenc.sty
Package: inputenc 2024/02/08 v1.3d Input encoding file
\inpenc@prehook=\toks24
\inpenc@posthook=\toks25
) (c:/Users/stephanie.owen/AppData/Roaming/TinyTeX/texmf-dist/tex/latex/base/textcomp.sty
Package: textcomp 2024/04/24 v2.1b Standard LaTeX package
) (c:/Users/stephanie.owen/AppData/Roaming/TinyTeX/texmf-dist/tex/latex/lm/lmodern.sty
Package: lmodern 2015/05/01 v1.6.1 Latin Modern Fonts
LaTeX Font Info:    Overwriting symbol font `operators' in version `normal'
(Font)                  OT1/cmr/m/n --> OT1/lmr/m/n on input line 22.
LaTeX Font Info:    Overwriting symbol font `letters' in version `normal'
(Font)                  OML/cmm/m/it --> OML/lmm/m/it on input line 23.
LaTeX Font Info:    Overwriting symbol font `symbols' in version `normal'
(Font)                  OMS/cmsy/m/n --> OMS/lmsy/m/n on input line 24.
LaTeX Font Info:    Overwriting symbol font `largesymbols' in version `normal'
(Font)                  OMX/cmex/m/n --> OMX/lmex/m/n on input line 25.
LaTeX Font Info:    Overwriting symbol font `operators' in version `bold'
(Font)                  OT1/cmr/bx/n --> OT1/lmr/bx/n on input line 26.
LaTeX Font Info:    Overwriting symbol font `letters' in version `bold'
(Font)                  OML/cmm/b/it --> OML/lmm/b/it on input line 27.
LaTeX Font Info:    Overwriting symbol font `symbols' in version `bold'
(Font)                  OMS/cmsy/b/n --> OMS/lmsy/b/n on input line 28.
LaTeX Font Info:    Overwriting symbol font `largesymbols' in version `bold'
(Font)                  OMX/cmex/m/n --> OMX/lmex/m/n on input line 29.
LaTeX Font Info:    Overwriting math alphabet `\mathbf' in version `normal'
(Font)                  OT1/cmr/bx/n --> OT1/lmr/bx/n on input line 31.
LaTeX Font Info:    Overwriting math alphabet `\mathsf' in version `normal'
(Font)                  OT1/cmss/m/n --> OT1/lmss/m/n on input line 32.
LaTeX Font Info:    Overwriting math alphabet `\mathit' in version `normal'
(Font)                  OT1/cmr/m/it --> OT1/lmr/m/it on input line 33.
LaTeX Font Info:    Overwriting math alphabet `\mathtt' in version `normal'
(Font)                  OT1/cmtt/m/n --> OT1/lmtt/m/n on input line 34.
LaTeX Font Info:    Overwriting math alphabet `\mathbf' in version `bold'
(Font)                  OT1/cmr/bx/n --> OT1/lmr/bx/n on input line 35.
LaTeX Font Info:    Overwriting math alphabet `\mathsf' in version `bold'
(Font)                  OT1/cmss/bx/n --> OT1/lmss/bx/n on input line 36.
LaTeX Font Info:    Overwriting math alphabet `\mathit' in version `bold'
(Font)                  OT1/cmr/bx/it --> OT1/lmr/bx/it on input line 37.
LaTeX Font Info:    Overwriting math alphabet `\mathtt' in version `bold'
(Font)                  OT1/cmtt/m/n --> OT1/lmtt/m/n on input line 38.
) (c:/Users/stephanie.owen/AppData/Roaming/TinyTeX/texmf-dist/tex/latex/upquote/upquote.sty
Package: upquote 2012/04/19 v1.3 upright-quote and grave-accent glyphs in verbatim
) (c:/Users/stephanie.owen/AppData/Roaming/TinyTeX/texmf-dist/tex/latex/tools/longtable.sty
Package: longtable 2026-01-28 v4.27 Multi-page Table package (DPC)
\LTleft=\skip54
\LTright=\skip55
\LTpre=\skip56
\LTpost=\skip57
\LTchunksize=\count299
\LTcapwidth=\dimen168
\LT@head=\box55
\LT@firsthead=\box56
\LT@foot=\box57
\LT@lastfoot=\box58
\LT@gbox=\box59
\LT@cols=\count300
\LT@rows=\count301
\c@LT@tables=\count302
\c@LT@chunks=\count303
\LT@p@ftn=\toks26
) (c:/Users/stephanie.owen/AppData/Roaming/TinyTeX/texmf-dist/tex/latex/booktabs/booktabs.sty
Package: booktabs 2020/01/12 v1.61803398 Publication quality tables
\heavyrulewidth=\dimen169
\lightrulewidth=\dimen170
\cmidrulewidth=\dimen171
\belowrulesep=\dimen172
\belowbottomsep=\dimen173
\aboverulesep=\dimen174
\abovetopsep=\dimen175
\cmidrulesep=\dimen176
\cmidrulekern=\dimen177
\defaultaddspace=\dimen178
\@cmidla=\count304
\@cmidlb=\count305
\@aboverulesep=\dimen179
\@belowrulesep=\dimen180
\@thisruleclass=\count306
\@lastruleclass=\count307
\@thisrulewidth=\dimen181
) (c:/Users/stephanie.owen/AppData/Roaming/TinyTeX/texmf-dist/tex/latex/tools/array.sty
Package: array 2026/02/24 v2.7b Tabular extension package (FMi)
\col@sep=\dimen182
\ar@mcellbox=\box60
\extrarowheight=\dimen183
\NC@list=\toks27
\extratabsurround=\skip58
\backup@length=\skip59
\ar@cellbox=\box61
) (c:/Users/stephanie.owen/AppData/Roaming/TinyTeX/texmf-dist/tex/latex/tools/calc.sty
Package: calc 2025/03/01 v4.3b Infix arithmetic (KKT,FJ)
\calc@Acount=\count308
\calc@Bcount=\count309
\calc@Adimen=\dimen184
\calc@Bdimen=\dimen185
\calc@Askip=\skip60
\calc@Bskip=\skip61
LaTeX Info: Redefining \setlength on input line 86.
LaTeX Info: Redefining \addtolength on input line 87.
\calc@Ccount=\count310
\calc@Cskip=\skip62
) (c:/Users/stephanie.owen/AppData/Roaming/TinyTeX/texmf-dist/tex/latex/etoolbox/etoolbox.sty
Package: etoolbox 2025/10/02 v2.5m e-TeX tools for LaTeX (JAW)
\etb@tempcnta=\count311
) (c:/Users/stephanie.owen/AppData/Roaming/TinyTeX/texmf-dist/tex/latex/mdwtools/footnote.sty
Package: footnote 1997/01/28 1.13 Save footnotes around boxes
\fn@notes=\box62
\fn@width=\dimen186
) (c:/Users/stephanie.owen/AppData/Roaming/TinyTeX/texmf-dist/tex/latex/graphics/graphicx.sty
Package: graphicx 2026-05-17 v1.2e Enhanced LaTeX Graphics (DPC,SPQR)
(c:/Users/stephanie.owen/AppData/Roaming/TinyTeX/texmf-dist/tex/latex/graphics/graphics.sty
Package: graphics 2026-05-17 v1.4h Standard LaTeX Graphics (DPC,SPQR)
(c:/Users/stephanie.owen/AppData/Roaming/TinyTeX/texmf-dist/tex/latex/graphics/trig.sty
Package: trig 2023/12/02 v1.11 sin cos tan (DPC)
) (c:/Users/stephanie.owen/AppData/Roaming/TinyTeX/texmf-dist/tex/latex/graphics-cfg/graphics.cfg
File: graphics.cfg 2016/06/04 v1.11 sample graphics configuration
)
Package graphics Info: Driver file: pdftex.def on input line 106.
)
\Gin@req@height=\dimen187
\Gin@req@width=\dimen188
)
\pandoc@box=\box63
(c:/Users/stephanie.owen/AppData/Roaming/TinyTeX/texmf-dist/tex/latex/mathdesign/mathdesign.sty
Package: mathdesign 2013/08/29 v2.31 Math Design Project
(c:/Users/stephanie.owen/AppData/Roaming/TinyTeX/texmf-dist/tex/latex/base/ifthen.sty
Package: ifthen 2024/03/16 v1.1e Standard LaTeX ifthen package (DPC)
)

Package mathdesign Warning: No font specified on input line 175.


Package mathdesign Warning: `urw-palatino' option not defined. on input line 177.

LaTeX Encoding Info:    Redeclaring text command \textcircled (encoding OMS) on input line 206.
(c:/Users/stephanie.owen/AppData/Roaming/TinyTeX/texmf-dist/tex/latex/base/fontenc.sty
Package: fontenc 2025/07/18 v2.1d Standard LaTeX package
LaTeX Font Info:    Trying to load font information for T1+lmr on input line 116.
(c:/Users/stephanie.owen/AppData/Roaming/TinyTeX/texmf-dist/tex/latex/lm/t1lmr.fd
File: t1lmr.fd 2015/05/01 v1.6.1 Font defs for Latin Modern
))) (c:/Users/stephanie.owen/AppData/Roaming/TinyTeX/texmf-dist/tex/latex/base/fontenc.sty
Package: fontenc 2025/07/18 v2.1d Standard LaTeX package
) (c:/Users/stephanie.owen/AppData/Roaming/TinyTeX/texmf-dist/tex/latex/accsupp/accsupp.sty
Package: accsupp 2019/12/05 v0.6 Accessibility support by marked content (HO)
(c:/Users/stephanie.owen/AppData/Roaming/TinyTeX/texmf-dist/tex/generic/pdfescape/pdfescape.sty
Package: pdfescape 2019/12/09 v1.15 Implements pdfTeX's escape features (HO)
(c:/Users/stephanie.owen/AppData/Roaming/TinyTeX/texmf-dist/tex/generic/ltxcmds/ltxcmds.sty
Package: ltxcmds 2023-12-04 v1.26 LaTeX kernel commands for general use (HO)
) (c:/Users/stephanie.owen/AppData/Roaming/TinyTeX/texmf-dist/tex/generic/pdftexcmds/pdftexcmds.sty
Package: pdftexcmds 2020-06-27 v0.33 Utility functions of pdfTeX for LuaTeX (HO)
(c:/Users/stephanie.owen/AppData/Roaming/TinyTeX/texmf-dist/tex/generic/infwarerr/infwarerr.sty
Package: infwarerr 2019/12/03 v1.5 Providing info/warning/error messages (HO)
)
Package pdftexcmds Info: \pdf@primitive is available.
Package pdftexcmds Info: \pdf@ifprimitive is available.
Package pdftexcmds Info: \pdfdraftmode found.
)) (c:/Users/stephanie.owen/AppData/Roaming/TinyTeX/texmf-dist/tex/latex/kvoptions/kvoptions.sty
Package: kvoptions 2022-06-15 v3.15 Key value format for package options (HO)
(c:/Users/stephanie.owen/AppData/Roaming/TinyTeX/texmf-dist/tex/latex/kvsetkeys/kvsetkeys.sty
Package: kvsetkeys 2022-10-05 v1.19 Key value parser (HO)
)) (c:/Users/stephanie.owen/AppData/Roaming/TinyTeX/texmf-dist/tex/latex/accsupp/accsupp-pdftex.def
File: accsupp-pdftex.def 2019/12/05 v0.6 accsupp driver for pdfTeX (HO)
)) (c:/Users/stephanie.owen/AppData/Roaming/TinyTeX/texmf-dist/tex/latex/pdfcomment/pdfcomment.sty
Package: pdfcomment 2026-06-15 v3.0b PDF annotations and comments
(c:/Users/stephanie.owen/AppData/Roaming/TinyTeX/texmf-dist/tex/latex/pdfcomment/pdfcomment-2018-11-01.sty
Package: pdfcomment-2018-11-01 2026-06-15 pdfcomment.sty v2.4b - Josef Kleber (C) 2008-2012, 2015-2016, 2018, Ulrike Fischer 2026
(c:/Users/stephanie.owen/AppData/Roaming/TinyTeX/texmf-dist/tex/latex/xkeyval/xkeyval.sty
Package: xkeyval 2025/11/04 v2.10 package option processing (HA)
(c:/Users/stephanie.owen/AppData/Roaming/TinyTeX/texmf-dist/tex/generic/xkeyval/xkeyval.tex (c:/Users/stephanie.owen/AppData/Roaming/TinyTeX/texmf-dist/tex/generic/xkeyval/xkvutils.tex
\XKV@toks=\toks28
\XKV@tempa@toks=\toks29
\XKV@tempb@toks=\toks30
)
\XKV@depth=\count312
File: xkeyval.tex 2014/12/03 v2.7a key=value parser (HA)
))
\c@pc@count@i=\count313
\c@pc@count@ii=\count314
\c@pc@count@iii=\count315
\c@pc@count@iv=\count316
\pc@mathannot@box=\box64
\pc@nullbox=\box65
\pc@dima=\skip63
\pc@dimb=\skip64
\pc@Sposx=\skip65
\pc@Sposy=\skip66
\pc@Eposx=\skip67
\pc@Eposy=\skip68
\pc@column=\skip69
\pc@box@width=\skip70
\pc@box@height=\skip71
\pc@box@depth=\skip72
(c:/Users/stephanie.owen/AppData/Roaming/TinyTeX/texmf-dist/tex/latex/datetime2/datetime2.sty
Package: datetime2 2021/03/21 v1.5.7 (NLCT) date and time formats
(c:/Users/stephanie.owen/AppData/Roaming/TinyTeX/texmf-dist/tex/latex/tracklang/tracklang.sty
Package: tracklang 2026/05/24 v1.6.8 (NLCT) Track Languages
(c:/Users/stephanie.owen/AppData/Roaming/TinyTeX/texmf-dist/tex/generic/tracklang/tracklang.tex))) (c:/Users/stephanie.owen/AppData/Roaming/TinyTeX/texmf-dist/tex/latex/zref/zref-savepos.sty
Package: zref-savepos 2026-03-07 v2.37 Module savepos for zref (HO)
(c:/Users/stephanie.owen/AppData/Roaming/TinyTeX/texmf-dist/tex/latex/zref/zref-base.sty
Package: zref-base 2026-03-07 v2.37 Module base for zref (HO)
(c:/Users/stephanie.owen/AppData/Roaming/TinyTeX/texmf-dist/tex/generic/kvdefinekeys/kvdefinekeys.sty
Package: kvdefinekeys 2019-12-19 v1.6 Define keys (HO)
) (c:/Users/stephanie.owen/AppData/Roaming/TinyTeX/texmf-dist/tex/generic/etexcmds/etexcmds.sty
Package: etexcmds 2019/12/15 v1.7 Avoid name clashes with e-TeX commands (HO)
) (c:/Users/stephanie.owen/AppData/Roaming/TinyTeX/texmf-dist/tex/latex/auxhook/auxhook.sty
Package: auxhook 2019-12-17 v1.6 Hooks for auxiliary files (HO)
)
Package zref Info: New property list: main on input line 767.
Package zref Info: New property: default on input line 768.
Package zref Info: New property: page on input line 769.
)
Package zref Info: New property list: savepos on input line 56.
Package zref Info: New property: posx on input line 58.
Package zref Info: New property: posy on input line 59.
)
\c@zref@unique=\count317
(c:/Users/stephanie.owen/AppData/Roaming/TinyTeX/texmf-dist/tex/latex/refcount/refcount.sty
Package: refcount 2019/12/15 v3.6 Data extraction from label references (HO)
) (c:/Users/stephanie.owen/AppData/Roaming/TinyTeX/texmf-dist/tex/latex/marginnote/marginnote.sty
Package: marginnote 2026-06-15 1.5 non floating margin notes for LaTeX 
\c@mn@abspage=\count318
) (c:/Users/stephanie.owen/AppData/Roaming/TinyTeX/texmf-dist/tex/generic/iftex/ifpdf.sty
Package: ifpdf 2019/10/25 v3.4 ifpdf legacy package. Use iftex instead.
) (c:/Users/stephanie.owen/AppData/Roaming/TinyTeX/texmf-dist/tex/generic/iftex/ifluatex.sty
Package: ifluatex 2019/10/25 v1.5 ifluatex legacy package. Use iftex instead.
) (c:/Users/stephanie.owen/AppData/Roaming/TinyTeX/texmf-dist/tex/latex/soulpos/soulpos.sty
Package: soulpos 2021/10/15 v1.2 Fancy underlining
\ulp@subcnt=\count319
\ulp@cnt=\count320
\ulp@out=\write3
\ulp@in=\read2
\ulwidth=\dimen189
) (c:/Users/stephanie.owen/AppData/Roaming/TinyTeX/texmf-dist/tex/latex/hyperref/hyperref.sty
Package: hyperref 2026-06-17 v7.01r Hypertext links for LaTeX
(c:/Users/stephanie.owen/AppData/Roaming/TinyTeX/texmf-dist/tex/latex/hycolor/hycolor.sty
Package: hycolor 2020-01-27 v1.10 Color options for hyperref/bookmark (HO)
) (c:/Users/stephanie.owen/AppData/Roaming/TinyTeX/texmf-dist/tex/latex/hyperref/nameref.sty
Package: nameref 2026-01-29 v2.58 Cross-referencing by name of section
(c:/Users/stephanie.owen/AppData/Roaming/TinyTeX/texmf-dist/tex/generic/gettitlestring/gettitlestring.sty
Package: gettitlestring 2019/12/15 v1.6 Cleanup title references (HO)
)
\c@section@level=\count321
) (c:/Users/stephanie.owen/AppData/Roaming/TinyTeX/texmf-dist/tex/generic/stringenc/stringenc.sty
Package: stringenc 2019/11/29 v1.12 Convert strings between diff. encodings (HO)
)
\@linkdim=\dimen190
\Hy@linkcounter=\count322
\Hy@pagecounter=\count323
(c:/Users/stephanie.owen/AppData/Roaming/TinyTeX/texmf-dist/tex/latex/hyperref/pd1enc.def
File: pd1enc.def 2026-06-17 v7.01r Hyperref: PDFDocEncoding definition (HO)
Now handling font encoding PD1 ...
... no UTF-8 mapping file for font encoding PD1
) (c:/Users/stephanie.owen/AppData/Roaming/TinyTeX/texmf-dist/tex/generic/intcalc/intcalc.sty
Package: intcalc 2019/12/15 v1.3 Expandable calculations with integers (HO)
)
\Hy@SavedSpaceFactor=\count324
(c:/Users/stephanie.owen/AppData/Roaming/TinyTeX/texmf-dist/tex/latex/hyperref/puenc.def
File: puenc.def 2026-06-17 v7.01r Hyperref: PDF Unicode definition (HO)
Now handling font encoding PU ...
... no UTF-8 mapping file for font encoding PU
)
Package hyperref Info: Option `unicode' set `true' on input line 4070.
Package hyperref Info: Option `unicode' set `true' on input line 4070.
Package hyperref Info: Hyper figures OFF on input line 4199.
Package hyperref Info: Link nesting OFF on input line 4204.
Package hyperref Info: Hyper index ON on input line 4207.
Package hyperref Info: Plain pages OFF on input line 4214.
Package hyperref Info: Backreferencing OFF on input line 4219.
Package hyperref Info: Implicit mode ON; LaTeX internals redefined.
Package hyperref Info: Bookmarks ON on input line 4466.
\c@Hy@tempcnt=\count325
(c:/Users/stephanie.owen/AppData/Roaming/TinyTeX/texmf-dist/tex/latex/url/url.sty
\Urlmuskip=\muskip18
Package: url 2013/09/16  ver 3.4  Verb mode for urls, etc.
)
LaTeX Info: Redefining \url on input line 4805.
\XeTeXLinkMargin=\dimen191
(c:/Users/stephanie.owen/AppData/Roaming/TinyTeX/texmf-dist/tex/generic/bitset/bitset.sty
Package: bitset 2019/12/09 v1.3 Handle bit-vector datatype (HO)
(c:/Users/stephanie.owen/AppData/Roaming/TinyTeX/texmf-dist/tex/generic/bigintcalc/bigintcalc.sty
Package: bigintcalc 2019/12/15 v1.5 Expandable calculations on big integers (HO)
))
\Fld@menulength=\count326
\Field@Width=\dimen192
\Fld@charsize=\dimen193
Package hyperref Info: Hyper figures OFF on input line 6091.
Package hyperref Info: Link nesting OFF on input line 6096.
Package hyperref Info: Hyper index ON on input line 6099.
Package hyperref Info: backreferencing OFF on input line 6106.
Package hyperref Info: Link coloring OFF on input line 6111.
Package hyperref Info: Link coloring with OCG OFF on input line 6116.
Package hyperref Info: PDF/A mode OFF on input line 6121.
\Hy@abspage=\count327
\c@Item=\count328
\c@Hfootnote=\count329
)
Package hyperref Info: Driver: hpdftex.
(c:/Users/stephanie.owen/AppData/Roaming/TinyTeX/texmf-dist/tex/latex/hyperref/hpdftex.def
File: hpdftex.def 2026-06-17 v7.01r Hyperref driver for pdfTeX
\Fld@listcount=\count330
\c@bookmark@seq@number=\count331
(c:/Users/stephanie.owen/AppData/Roaming/TinyTeX/texmf-dist/tex/latex/rerunfilecheck/rerunfilecheck.sty
Package: rerunfilecheck 2025-06-21 v1.11 Rerun checks for auxiliary files (HO)
(c:/Users/stephanie.owen/AppData/Roaming/TinyTeX/texmf-dist/tex/generic/uniquecounter/uniquecounter.sty
Package: uniquecounter 2019/12/15 v1.4 Provide unlimited unique counter (HO)
)
Package uniquecounter Info: New unique counter `rerunfilecheck' on input line 284.
)
\Hy@SectionHShift=\skip73
)
\pc@tmp@box=\box66
Package zref Info: New property list: pdfcomment on input line 2756.
Package zref Info: New property: PCPDFOBJID on input line 2757.
)) (c:/Users/stephanie.owen/AppData/Roaming/TinyTeX/texmf-dist/tex/generic/stringenc/se-pdfdoc.def
File: se-pdfdoc.def 2019/11/29 v1.12 stringenc: PDFDocEncoding
) (c:/Users/stephanie.owen/AppData/Roaming/TinyTeX/texmf-dist/tex/latex/caption/caption.sty
Package: caption 2023/08/05 v3.6o Customizing captions (AR)
(c:/Users/stephanie.owen/AppData/Roaming/TinyTeX/texmf-dist/tex/latex/caption/caption3.sty
Package: caption3 2023/07/31 v2.4d caption3 kernel (AR)
\caption@tempdima=\dimen194
\captionmargin=\dimen195
\caption@leftmargin=\dimen196
\caption@rightmargin=\dimen197
\caption@width=\dimen198
\caption@indent=\dimen199
\caption@parindent=\dimen256
\caption@hangindent=\dimen257
Package caption Info: Standard document class detected.
)
\c@caption@flags=\count332
\c@continuedfloat=\count333
Package caption Info: hyperref package is loaded.
Package caption Info: longtable package is loaded.
(c:/Users/stephanie.owen/AppData/Roaming/TinyTeX/texmf-dist/tex/latex/caption/ltcaption.sty
Package: ltcaption 2021/01/08 v1.4c longtable captions (AR)
)) (c:/Users/stephanie.owen/AppData/Roaming/TinyTeX/texmf-dist/tex/latex/fancyhdr/fancyhdr.sty
Package: fancyhdr 2025/02/07 v5.2 Extensive control of page headers and footers
\f@nch@headwidth=\skip74
\f@nch@offset@elh=\skip75
\f@nch@offset@erh=\skip76
\f@nch@offset@olh=\skip77
\f@nch@offset@orh=\skip78
\f@nch@offset@elf=\skip79
\f@nch@offset@erf=\skip80
\f@nch@offset@olf=\skip81
\f@nch@offset@orf=\skip82
\f@nch@height=\skip83
\f@nch@footalignment=\skip84
\f@nch@widthL=\skip85
\f@nch@widthC=\skip86
\f@nch@widthR=\skip87
\@temptokenb=\toks31
) (c:/Users/stephanie.owen/AppData/Roaming/TinyTeX/texmf-dist/tex/latex/float/float.sty
Package: float 2001/11/08 v1.3d Float enhancements (AL)
\c@float@type=\count334
\float@exts=\toks32
\float@box=\box67
\@float@everytoks=\toks33
\@floatcapt=\box68
) (c:/Users/stephanie.owen/AppData/Roaming/TinyTeX/texmf-dist/tex/latex/sectsty/sectsty.sty
Package: sectsty 2002/02/25 v2.0.2 Commands to change all sectional heading styles

LaTeX Warning: Command \underbar  has changed.
               Check if current package is valid.


LaTeX Warning: Command \underline  has changed.
               Check if current package is valid.

) (c:/Users/stephanie.owen/AppData/Roaming/TinyTeX/texmf-dist/tex/latex/multirow/multirow.sty
Package: multirow 2024/11/12 v2.9 Span multiple rows of a table
\multirow@colwidth=\skip88
\multirow@cntb=\count335
\multirow@dima=\skip89
\bigstrutjot=\dimen258
) (c:/Users/stephanie.owen/AppData/Roaming/TinyTeX/texmf-dist/tex/latex/tools/multicol.sty
Package: multicol 2025/10/21 v2.0b multicolumn formatting (FMi)
\c@tracingmulticols=\count336
\mult@box=\box69
\multicol@leftmargin=\dimen259
\c@unbalance=\count337
\c@collectmore=\count338
\doublecol@number=\count339
\multicoltolerance=\count340
\multicolpretolerance=\count341
\full@width=\dimen260
\page@free=\dimen261
\premulticols=\dimen262
\postmulticols=\dimen263
\multicolsep=\skip90
\multicolbaselineskip=\skip91
\partial@page=\box70
\last@line=\box71
\mc@boxedresult=\box72
\maxbalancingoverflow=\dimen264
\mult@rightbox=\box73
\mult@grightbox=\box74
\mult@firstbox=\box75
\mult@gfirstbox=\box76
\@tempa=\box77
\@tempa=\box78
\@tempa=\box79
\@tempa=\box80
\@tempa=\box81
\@tempa=\box82
\@tempa=\box83
\@tempa=\box84
\@tempa=\box85
\@tempa=\box86
\@tempa=\box87
\@tempa=\box88
\@tempa=\box89
\@tempa=\box90
\@tempa=\box91
\@tempa=\box92
\@tempa=\box93
\@tempa=\box94
\@tempa=\box95
\@tempa=\box96
\@tempa=\box97
\@tempa=\box98
\@tempa=\box99
\@tempa=\box100
\@tempa=\box101
\@tempa=\box102
\@tempa=\box103
\@tempa=\box104
\@tempa=\box105
\@tempa=\box106
\@tempa=\box107
\@tempa=\box108
\@tempa=\box109
\@tempa=\box110
\@tempa=\box111
\@tempa=\box112
\c@minrows=\count342
\c@columnbadness=\count343
\c@finalcolumnbadness=\count344
\last@try=\dimen265
\multicolovershoot=\dimen266
\multicolundershoot=\dimen267
\mult@nat@firstbox=\box113
\colbreak@box=\box114
\mc@col@check@num=\count345
\g__mc_curr_col_int=\count346
) (c:/Users/stephanie.owen/AppData/Roaming/TinyTeX/texmf-dist/tex/latex/colortbl/colortbl.sty
Package: colortbl 2026/05/01 v1.0l Color table columns (DPC)
new hooks used!!
\minrowclearance=\skip92
\rownum=\count347
) (c:/Users/stephanie.owen/AppData/Roaming/TinyTeX/texmf-dist/tex/generic/ulem/ulem.sty
\UL@box=\box115
\UL@hyphenbox=\box116
\UL@skip=\skip93
\UL@hook=\toks34
\UL@height=\dimen268
\UL@pe=\count348
\UL@pixel=\dimen269
\ULC@box=\box117
Package: ulem 2019/11/18
\ULdepth=\dimen270
) (c:/Users/stephanie.owen/AppData/Roaming/TinyTeX/texmf-dist/tex/latex/tools/hhline.sty
Package: hhline 2026/05/02 v2.05 Table rule package (DPC)
)
\Oldarrayrulewidth=\skip94
\Oldtabcolsep=\skip95
(c:/Users/stephanie.owen/AppData/Roaming/TinyTeX/texmf-dist/tex/latex/wrapfig/wrapfig.sty
\wrapoverhang=\dimen271
\WF@size=\dimen272
\c@WF@wrappedlines=\count349
\WF@box=\box118
\WF@everypar=\toks35
Package: wrapfig 2003/01/31  v 3.6
) (c:/Users/stephanie.owen/AppData/Roaming/TinyTeX/texmf-dist/tex/latex/bookmark/bookmark.sty
Package: bookmark 2026-05-21 v1.32 PDF bookmarks (HO)
(c:/Users/stephanie.owen/AppData/Roaming/TinyTeX/texmf-dist/tex/latex/l3backend/l3backend-pdftex.def
File: l3backend-pdftex.def 2026-07-20 L3 backend support: PDF output (pdfTeX)
\l__color_backend_stack_int=\count350
) (c:/Users/stephanie.owen/AppData/Roaming/TinyTeX/texmf-dist/tex/latex/bookmark/bkm-pdftex.def
File: bkm-pdftex.def 2026-05-21 v1.32 bookmark driver for pdfTeX (HO)
\BKM@id=\count351
))
Package hyperref Info: Option `colorlinks' set `true' on input line 164.
(./SOE2026_MAFMC_Council.aux

LaTeX Warning: Label `tab:species-groupings' multiply defined.

)
\openout1 = `SOE2026_MAFMC_Council.aux'.

LaTeX Font Info:    Checking defaults for OML/cmm/m/it on input line 169.
LaTeX Font Info:    ... okay on input line 169.
LaTeX Font Info:    Checking defaults for OMS/cmsy/m/n on input line 169.
LaTeX Font Info:    ... okay on input line 169.
LaTeX Font Info:    Checking defaults for OT1/cmr/m/n on input line 169.
LaTeX Font Info:    ... okay on input line 169.
LaTeX Font Info:    Checking defaults for T1/cmr/m/n on input line 169.
LaTeX Font Info:    ... okay on input line 169.
LaTeX Font Info:    Checking defaults for TS1/cmr/m/n on input line 169.
LaTeX Font Info:    ... okay on input line 169.
LaTeX Font Info:    Checking defaults for OMX/cmex/m/n on input line 169.
LaTeX Font Info:    ... okay on input line 169.
LaTeX Font Info:    Checking defaults for U/cmr/m/n on input line 169.
LaTeX Font Info:    ... okay on input line 169.
LaTeX Font Info:    Checking defaults for PD1/pdf/m/n on input line 169.
LaTeX Font Info:    ... okay on input line 169.
LaTeX Font Info:    Checking defaults for PU/pdf/m/n on input line 169.
LaTeX Font Info:    ... okay on input line 169.
(c:/Users/stephanie.owen/AppData/Roaming/TinyTeX/texmf-dist/tex/latex/epstopdf-pkg/epstopdf-base.sty
Package: epstopdf-base 2020-01-24 v2.11 Base part for package epstopdf
Package epstopdf-base Info: Redefining graphics rule for `.eps' on input line 485.
(c:/Users/stephanie.owen/AppData/Roaming/TinyTeX/texmf-dist/tex/latex/latexconfig/epstopdf-sys.cfg
File: epstopdf-sys.cfg 2010/07/13 v1.3 Configuration of (r)epstopdf for TeX Live
))
*geometry* driver: auto-detecting
*geometry* detected driver: pdftex
*geometry* verbose mode - [ preamble ] result:
* driver: pdftex
* paper: <default>
* layout: <same size as paper>
* layoutoffset:(h,v)=(0.0pt,0.0pt)
* modes: 
* h-part:(L,W,R)=(56.9055pt, 500.484pt, 56.9055pt)
* v-part:(T,H,B)=(56.9055pt, 652.70622pt, 85.35826pt)
* \paperwidth=614.295pt
* \paperheight=794.96999pt
* \textwidth=500.484pt
* \textheight=652.70622pt
* \oddsidemargin=-15.36449pt
* \evensidemargin=-15.36449pt
* \topmargin=-52.36449pt
* \headheight=40.0pt
* \headsep=25.0pt
* \topskip=10.0pt
* \footskip=14.22636pt
* \marginparwidth=65.0pt
* \marginparsep=11.0pt
* \columnsep=10.0pt
* \skip\footins=9.0pt plus 4.0pt minus 2.0pt
* \hoffset=0.0pt
* \voffset=0.0pt
* \mag=1000
* \@twocolumnfalse
* \@twosidefalse
* \@mparswitchfalse
* \@reversemarginfalse
* (1in=72.27pt=25.4mm, 1cm=28.453pt)

Package soulpos Info: Loading soulutf8 on input line 169.
(c:/Users/stephanie.owen/AppData/Roaming/TinyTeX/texmf-dist/tex/generic/soul/soulutf8.sty
Package: soulutf8 2026-03-06 v3.2 Permit use of UTF-8 characters in soul (HO)

Package soulutf8 Warning: This package is obsolete,
(soulutf8)                use the soul package directly. 
(soulutf8)                 on input line 29.

) (c:/Users/stephanie.owen/AppData/Roaming/TinyTeX/texmf-dist/tex/generic/soul/soul.sty
Package: soul 2026-03-06 v3.2 Permit use of UTF-8 characters in soul (HO)
(c:/Users/stephanie.owen/AppData/Roaming/TinyTeX/texmf-dist/tex/generic/soul/soul-ori.sty
Package: soul-ori 2026-03-06 v3.2 letterspacing/underlining (mf)
\SOUL@word=\toks36
\SOUL@lasttoken=\toks37
\SOUL@syllable=\toks38
\SOUL@cmds=\toks39
\SOUL@buffer=\toks40
\SOUL@token=\toks41
\SOUL@syllgoal=\dimen273
\SOUL@syllwidth=\dimen274
\SOUL@charkern=\dimen275
\SOUL@hyphkern=\dimen276
\SOUL@dimen=\dimen277
\SOUL@dimeni=\dimen278
\SOUL@minus=\count352
\SOUL@comma=\count353
\SOUL@apo=\count354
\SOUL@grave=\count355
\SOUL@spaceskip=\skip96
\SOUL@ttwidth=\dimen279
\SOUL@uldp=\dimen280
\SOUL@ulht=\dimen281
))
Package hyperref Info: Link coloring ON on input line 169.
Package caption Info: Begin \AtBeginDocument code.
Package caption Info: float package is loaded.
Package caption Info: wrapfig package is loaded.
Package caption Info: End \AtBeginDocument code.
LaTeX Font Info:    Trying to load font information for T1+lmss on input line 175.
(c:/Users/stephanie.owen/AppData/Roaming/TinyTeX/texmf-dist/tex/latex/lm/t1lmss.fd
File: t1lmss.fd 2015/05/01 v1.6.1 Font defs for Latin Modern
)
LaTeX Font Info:    Trying to load font information for OT1+lmr on input line 185.
(c:/Users/stephanie.owen/AppData/Roaming/TinyTeX/texmf-dist/tex/latex/lm/ot1lmr.fd
File: ot1lmr.fd 2015/05/01 v1.6.1 Font defs for Latin Modern
)
LaTeX Font Info:    Trying to load font information for OML+lmm on input line 185.
(c:/Users/stephanie.owen/AppData/Roaming/TinyTeX/texmf-dist/tex/latex/lm/omllmm.fd
File: omllmm.fd 2015/05/01 v1.6.1 Font defs for Latin Modern
)
LaTeX Font Info:    Trying to load font information for OMS+lmsy on input line 185.
(c:/Users/stephanie.owen/AppData/Roaming/TinyTeX/texmf-dist/tex/latex/lm/omslmsy.fd
File: omslmsy.fd 2015/05/01 v1.6.1 Font defs for Latin Modern
)
LaTeX Font Info:    Trying to load font information for OMX+lmex on input line 185.
(c:/Users/stephanie.owen/AppData/Roaming/TinyTeX/texmf-dist/tex/latex/lm/omxlmex.fd
File: omxlmex.fd 2015/05/01 v1.6.1 Font defs for Latin Modern
)
LaTeX Font Info:    External font `lmex10' loaded for size
(Font)              <10> on input line 185.
LaTeX Font Info:    External font `lmex10' loaded for size
(Font)              <7> on input line 185.
LaTeX Font Info:    External font `lmex10' loaded for size
(Font)              <5> on input line 185.
LaTeX Font Info:    Trying to load font information for U+msa on input line 185.
(c:/Users/stephanie.owen/AppData/Roaming/TinyTeX/texmf-dist/tex/latex/amsfonts/umsa.fd
File: umsa.fd 2013/01/14 v3.01 AMS symbols A
)
LaTeX Font Info:    Trying to load font information for U+msb on input line 185.
(c:/Users/stephanie.owen/AppData/Roaming/TinyTeX/texmf-dist/tex/latex/amsfonts/umsb.fd
File: umsb.fd 2013/01/14 v3.01 AMS symbols B
)
LaTeX Font Info:    External font `lmex10' loaded for size
(Font)              <8> on input line 185.
LaTeX Font Info:    External font `lmex10' loaded for size
(Font)              <6> on input line 185.
<images/NOAA_logo.png, id=22, 240.9pt x 240.9pt>
File: images/NOAA_logo.png Graphic file (type png)
<use images/NOAA_logo.png>
Package pdftex.def Info: images/NOAA_logo.png  used on input line 193.
(pdftex.def)             Requested size: 40.0pt x 39.99673pt.

Package fancyhdr Warning: \headheight is too small (40.0pt): 
(fancyhdr)                Make it at least 55.59677pt, for example:
(fancyhdr)                \setlength{\headheight}{55.59677pt}.
(fancyhdr)                You might also make \topmargin smaller:
(fancyhdr)                \addtolength{\topmargin}{-15.59677pt}.

[4{c:/Users/stephanie.owen/AppData/Roaming/TinyTeX/texmf-var/fonts/map/pdftex/updmap/pdftex.map}{c:/Users/stephanie.owen/AppData/Roaming/TinyTeX/texmf-dist/fonts/enc/dvips/lm/lm-ec.enc}

\openout3 = `SOE2026_MAFMC_Council.upa'.

 <./images/NOAA_logo.png>]
Package marginnote Info: Using workaround for absolute page number on input line 193.
<SOE2026_MAFMC_Council_files/figure-latex/docformat-1.pdf, id=58, 469.755pt x 210.7875pt>
File: SOE2026_MAFMC_Council_files/figure-latex/docformat-1.pdf Graphic file (type pdf)
<use SOE2026_MAFMC_Council_files/figure-latex/docformat-1.pdf>
Package pdftex.def Info: SOE2026_MAFMC_Council_files/figure-latex/docformat-1.pdf  used on input line 387.
(pdftex.def)             Requested size: 500.484pt x 224.57549pt.
[5]
Overfull \hbox (25.40596pt too wide) in alignment at lines 408--416
 [] [] [] [] [] 
 []


Overfull \hbox (25.40596pt too wide) in alignment at lines 416--422
 [] [] [] [] [] 
 []


Overfull \hbox (25.40596pt too wide) in alignment at lines 422--456
 [] [] [] [] [] 
 []

[6 <./SOE2026_MAFMC_Council_files/figure-latex/docformat-1.pdf>] [7]
<images/MidAtlantic/total-landings_MidAtlantic_2026-06-25.png, id=93, 469.755pt x 180.675pt>
File: images/MidAtlantic/total-landings_MidAtlantic_2026-06-25.png Graphic file (type png)
<use images/MidAtlantic/total-landings_MidAtlantic_2026-06-25.png>
Package pdftex.def Info: images/MidAtlantic/total-landings_MidAtlantic_2026-06-25.png  used on input line 482.
(pdftex.def)             Requested size: 500.484pt x 192.49326pt.
<images/MidAtlantic/comm-landings_MidAtlantic_2026-06-25.png, id=94, 469.755pt x 505.89pt>
File: images/MidAtlantic/comm-landings_MidAtlantic_2026-06-25.png Graphic file (type png)
<use images/MidAtlantic/comm-landings_MidAtlantic_2026-06-25.png>
Package pdftex.def Info: images/MidAtlantic/comm-landings_MidAtlantic_2026-06-25.png  used on input line 491.
(pdftex.def)             Requested size: 500.484pt x 538.98117pt.
[8 <./images/MidAtlantic/total-landings_MidAtlantic_2026-06-25.png>]

LaTeX Warning: Hyper reference `community-social-and-climate-vulnerability' on page 9 undefined on input line 498.

[9 <./images/MidAtlantic/comm-landings_MidAtlantic_2026-06-25.png>]
<images/MidAtlantic/climatevul-land_MidAtlantic_2026-06-25.png, id=115, 469.755pt x 180.675pt>
File: images/MidAtlantic/climatevul-land_MidAtlantic_2026-06-25.png Graphic file (type png)
<use images/MidAtlantic/climatevul-land_MidAtlantic_2026-06-25.png>
Package pdftex.def Info: images/MidAtlantic/climatevul-land_MidAtlantic_2026-06-25.png  used on input line 504.
(pdftex.def)             Requested size: 500.484pt x 192.49326pt.
<images/MidAtlantic/rec-landings_MidAtlantic_2026-06-25.png, id=116, 469.755pt x 180.675pt>
File: images/MidAtlantic/rec-landings_MidAtlantic_2026-06-25.png Graphic file (type png)
<use images/MidAtlantic/rec-landings_MidAtlantic_2026-06-25.png>
Package pdftex.def Info: images/MidAtlantic/rec-landings_MidAtlantic_2026-06-25.png  used on input line 513.
(pdftex.def)             Requested size: 500.484pt x 192.49326pt.
<images/MidAtlantic/rec-hms_MidAtlantic_2026-06-25.png, id=117, 469.755pt x 361.35pt>
File: images/MidAtlantic/rec-hms_MidAtlantic_2026-06-25.png Graphic file (type png)
<use images/MidAtlantic/rec-hms_MidAtlantic_2026-06-25.png>
Package pdftex.def Info: images/MidAtlantic/rec-hms_MidAtlantic_2026-06-25.png  used on input line 522.
(pdftex.def)             Requested size: 500.484pt x 384.98656pt.
[10 <./images/MidAtlantic/climatevul-land_MidAtlantic_2026-06-25.png> <./images/MidAtlantic/rec-landings_MidAtlantic_2026-06-25.png>] [11 <./images/MidAtlantic/rec-hms_MidAtlantic_2026-06-25.png>]
<images/MidAtlantic/stock-status_MidAtlantic_2026-06-25.png, id=135, 469.755pt x 433.62pt>
File: images/MidAtlantic/stock-status_MidAtlantic_2026-06-25.png Graphic file (type png)
<use images/MidAtlantic/stock-status_MidAtlantic_2026-06-25.png>
Package pdftex.def Info: images/MidAtlantic/stock-status_MidAtlantic_2026-06-25.png  used on input line 541.
(pdftex.def)             Requested size: 500.484pt x 461.98387pt.
LaTeX Font Info:    External font `lmex10' loaded for size
(Font)              <9> on input line 545.
[12{c:/Users/stephanie.owen/AppData/Roaming/TinyTeX/texmf-dist/fonts/enc/dvips/lm/lm-mathit.enc} <./images/MidAtlantic/stock-status_MidAtlantic_2026-06-25.png>]
<images/MidAtlantic/abcacl-stacked_MidAtlantic_2026-06-25.png, id=149, 469.755pt x 325.215pt>
File: images/MidAtlantic/abcacl-stacked_MidAtlantic_2026-06-25.png Graphic file (type png)
<use images/MidAtlantic/abcacl-stacked_MidAtlantic_2026-06-25.png>
Package pdftex.def Info: images/MidAtlantic/abcacl-stacked_MidAtlantic_2026-06-25.png  used on input line 552.
(pdftex.def)             Requested size: 500.484pt x 346.4879pt.
<images/MidAtlantic/abcacl-catch_MidAtlantic_2026-06-25.png, id=150, 469.755pt x 180.675pt>
File: images/MidAtlantic/abcacl-catch_MidAtlantic_2026-06-25.png Graphic file (type png)
<use images/MidAtlantic/abcacl-catch_MidAtlantic_2026-06-25.png>
Package pdftex.def Info: images/MidAtlantic/abcacl-catch_MidAtlantic_2026-06-25.png  used on input line 561.
(pdftex.def)             Requested size: 500.484pt x 192.49326pt.
[13 <./images/MidAtlantic/abcacl-stacked_MidAtlantic_2026-06-25.png>]
LaTeX Font Info:    Trying to load font information for TS1+lmr on input line 585.
(c:/Users/stephanie.owen/AppData/Roaming/TinyTeX/texmf-dist/tex/latex/lm/ts1lmr.fd
File: ts1lmr.fd 2015/05/01 v1.6.1 Font defs for Latin Modern
) [14{c:/Users/stephanie.owen/AppData/Roaming/TinyTeX/texmf-dist/fonts/enc/dvips/lm/lm-ts1.enc} <./images/MidAtlantic/abcacl-catch_MidAtlantic_2026-06-25.png>]

LaTeX Warning: Hyper reference `community-social-and-climate-vulnerability' on page 15 undefined on input line 591.

<images/MidAtlantic/nefsc-biomass-mab_MidAtlantic_2026-06-25.png, id=174, 469.755pt x 505.89pt>
File: images/MidAtlantic/nefsc-biomass-mab_MidAtlantic_2026-06-25.png Graphic file (type png)
<use images/MidAtlantic/nefsc-biomass-mab_MidAtlantic_2026-06-25.png>
Package pdftex.def Info: images/MidAtlantic/nefsc-biomass-mab_MidAtlantic_2026-06-25.png  used on input line 596.
(pdftex.def)             Requested size: 500.484pt x 538.98117pt.
[15] [16 <./images/MidAtlantic/nefsc-biomass-mab_MidAtlantic_2026-06-25.png>]
<images/MidAtlantic/comm-revenue_MidAtlantic_2026-06-25.png, id=188, 469.755pt x 180.675pt>
File: images/MidAtlantic/comm-revenue_MidAtlantic_2026-06-25.png Graphic file (type png)
<use images/MidAtlantic/comm-revenue_MidAtlantic_2026-06-25.png>
Package pdftex.def Info: images/MidAtlantic/comm-revenue_MidAtlantic_2026-06-25.png  used on input line 613.
(pdftex.def)             Requested size: 500.484pt x 192.49326pt.
<images/MidAtlantic/bennet_MidAtlantic_2026-06-25.png, id=192, 469.755pt x 180.675pt>
File: images/MidAtlantic/bennet_MidAtlantic_2026-06-25.png Graphic file (type png)
<use images/MidAtlantic/bennet_MidAtlantic_2026-06-25.png>
Package pdftex.def Info: images/MidAtlantic/bennet_MidAtlantic_2026-06-25.png  used on input line 624.
(pdftex.def)             Requested size: 500.484pt x 192.49326pt.
[17 <./images/MidAtlantic/comm-revenue_MidAtlantic_2026-06-25.png>]
<images/MidAtlantic/bennet-all_MidAtlantic_2026-06-25.png, id=202, 289.08pt x 469.755pt>
File: images/MidAtlantic/bennet-all_MidAtlantic_2026-06-25.png Graphic file (type png)
<use images/MidAtlantic/bennet-all_MidAtlantic_2026-06-25.png>
Package pdftex.def Info: images/MidAtlantic/bennet-all_MidAtlantic_2026-06-25.png  used on input line 633.
(pdftex.def)             Requested size: 500.484pt x 813.3316pt.
[18 <./images/MidAtlantic/bennet_MidAtlantic_2026-06-25.png>]
Overfull \vbox (192.62538pt too high) has occurred while \output is active []

[19 <./images/MidAtlantic/bennet-all_MidAtlantic_2026-06-25.png>]
<images/MidAtlantic/comdat-profit_MidAtlantic_2026-06-25.png, id=211, 469.755pt x 180.675pt>
File: images/MidAtlantic/comdat-profit_MidAtlantic_2026-06-25.png Graphic file (type png)
<use images/MidAtlantic/comdat-profit_MidAtlantic_2026-06-25.png>
Package pdftex.def Info: images/MidAtlantic/comdat-profit_MidAtlantic_2026-06-25.png  used on input line 642.
(pdftex.def)             Requested size: 500.484pt x 192.49326pt.
<images/MidAtlantic/climatevul-rev_MidAtlantic_2026-06-25.png, id=217, 469.755pt x 180.675pt>
File: images/MidAtlantic/climatevul-rev_MidAtlantic_2026-06-25.png Graphic file (type png)
<use images/MidAtlantic/climatevul-rev_MidAtlantic_2026-06-25.png>
Package pdftex.def Info: images/MidAtlantic/climatevul-rev_MidAtlantic_2026-06-25.png  used on input line 655.
(pdftex.def)             Requested size: 500.484pt x 192.49326pt.
[20 <./images/MidAtlantic/comdat-profit_MidAtlantic_2026-06-25.png> <./images/MidAtlantic/climatevul-rev_MidAtlantic_2026-06-25.png>]
<images/MidAtlantic/rec-op_MidAtlantic_2026-06-25.png, id=235, 469.755pt x 180.675pt>
File: images/MidAtlantic/rec-op_MidAtlantic_2026-06-25.png Graphic file (type png)
<use images/MidAtlantic/rec-op_MidAtlantic_2026-06-25.png>
Package pdftex.def Info: images/MidAtlantic/rec-op_MidAtlantic_2026-06-25.png  used on input line 674.
(pdftex.def)             Requested size: 500.484pt x 192.49326pt.
<images/MidAtlantic/rec-div_MidAtlantic_2026-06-25.png, id=236, 469.755pt x 180.675pt>
File: images/MidAtlantic/rec-div_MidAtlantic_2026-06-25.png Graphic file (type png)
<use images/MidAtlantic/rec-div_MidAtlantic_2026-06-25.png>
Package pdftex.def Info: images/MidAtlantic/rec-div_MidAtlantic_2026-06-25.png  used on input line 683.
(pdftex.def)             Requested size: 500.484pt x 192.49326pt.
[21 <./images/MidAtlantic/rec-op_MidAtlantic_2026-06-25.png>] [22 <./images/MidAtlantic/rec-div_MidAtlantic_2026-06-25.png>]
<images/MidAtlantic/commercial-engagement_MidAtlantic_2026-06-25.png, id=257, 505.89pt x 361.35pt>
File: images/MidAtlantic/commercial-engagement_MidAtlantic_2026-06-25.png Graphic file (type png)
<use images/MidAtlantic/commercial-engagement_MidAtlantic_2026-06-25.png>
Package pdftex.def Info: images/MidAtlantic/commercial-engagement_MidAtlantic_2026-06-25.png  used on input line 714.
(pdftex.def)             Requested size: 500.484pt x 357.495pt.
[23 <./images/MidAtlantic/commercial-engagement_MidAtlantic_2026-06-25.png>]
<images/MidAtlantic/recreational-engagement_MidAtlantic_2026-06-25.png, id=266, 469.755pt x 289.08pt>
File: images/MidAtlantic/recreational-engagement_MidAtlantic_2026-06-25.png Graphic file (type png)
<use images/MidAtlantic/recreational-engagement_MidAtlantic_2026-06-25.png>
Package pdftex.def Info: images/MidAtlantic/recreational-engagement_MidAtlantic_2026-06-25.png  used on input line 827.
(pdftex.def)             Requested size: 500.484pt x 307.98923pt.
[24 <./images/MidAtlantic/recreational-engagement_MidAtlantic_2026-06-25.png>]
<images/MidAtlantic/commvulex_MidAtlantic_2026-06-25.png, id=276, 469.755pt x 216.81pt>
File: images/MidAtlantic/commvulex_MidAtlantic_2026-06-25.png Graphic file (type png)
<use images/MidAtlantic/commvulex_MidAtlantic_2026-06-25.png>
Package pdftex.def Info: images/MidAtlantic/commvulex_MidAtlantic_2026-06-25.png  used on input line 944.
(pdftex.def)             Requested size: 500.484pt x 230.99193pt.
[25]
<images/BothReports/harborporpoise_BothReports_2026-06-25.png, id=287, 469.755pt x 216.81pt>
File: images/BothReports/harborporpoise_BothReports_2026-06-25.png Graphic file (type png)
<use images/BothReports/harborporpoise_BothReports_2026-06-25.png>
Package pdftex.def Info: images/BothReports/harborporpoise_BothReports_2026-06-25.png  used on input line 967.
(pdftex.def)             Requested size: 500.484pt x 230.99193pt.
[26 <./images/MidAtlantic/commvulex_MidAtlantic_2026-06-25.png>]
<images/BothReports/grayseal_BothReports_2026-06-25.png, id=298, 469.755pt x 216.81pt>
File: images/BothReports/grayseal_BothReports_2026-06-25.png Graphic file (type png)
<use images/BothReports/grayseal_BothReports_2026-06-25.png>
Package pdftex.def Info: images/BothReports/grayseal_BothReports_2026-06-25.png  used on input line 978.
(pdftex.def)             Requested size: 500.484pt x 230.99193pt.
[27 <./images/BothReports/harborporpoise_BothReports_2026-06-25.png>]
<images/BothReports/narw-abundance_BothReports_2026-06-25.png, id=306, 469.755pt x 180.675pt>
File: images/BothReports/narw-abundance_BothReports_2026-06-25.png Graphic file (type png)
<use images/BothReports/narw-abundance_BothReports_2026-06-25.png>
Package pdftex.def Info: images/BothReports/narw-abundance_BothReports_2026-06-25.png  used on input line 989.
(pdftex.def)             Requested size: 500.484pt x 192.49326pt.
<images/BothReports/NARW-calf-abundance_BothReports_2026-06-25.png, id=309, 469.755pt x 180.675pt>
File: images/BothReports/NARW-calf-abundance_BothReports_2026-06-25.png Graphic file (type png)
<use images/BothReports/NARW-calf-abundance_BothReports_2026-06-25.png>
Package pdftex.def Info: images/BothReports/NARW-calf-abundance_BothReports_2026-06-25.png  used on input line 1000.
(pdftex.def)             Requested size: 500.484pt x 192.49326pt.
[28 <./images/BothReports/grayseal_BothReports_2026-06-25.png> <./images/BothReports/narw-abundance_BothReports_2026-06-25.png>] [29 <./images/BothReports/NARW-calf-abundance_BothReports_2026-06-25.png>]
<images/MidAtlantic/comm-div-fleet_MidAtlantic_2026-06-25.png, id=339, 469.755pt x 180.675pt>
File: images/MidAtlantic/comm-div-fleet_MidAtlantic_2026-06-25.png Graphic file (type png)
<use images/MidAtlantic/comm-div-fleet_MidAtlantic_2026-06-25.png>
Package pdftex.def Info: images/MidAtlantic/comm-div-fleet_MidAtlantic_2026-06-25.png  used on input line 1035.
(pdftex.def)             Requested size: 500.484pt x 192.49326pt.
[30]
<images/MidAtlantic/commercial-div-species-div_MidAtlantic_2026-06-25.png, id=350, 469.755pt x 180.675pt>
File: images/MidAtlantic/commercial-div-species-div_MidAtlantic_2026-06-25.png Graphic file (type png)
<use images/MidAtlantic/commercial-div-species-div_MidAtlantic_2026-06-25.png>
Package pdftex.def Info: images/MidAtlantic/commercial-div-species-div_MidAtlantic_2026-06-25.png  used on input line 1044.
(pdftex.def)             Requested size: 500.484pt x 192.49326pt.
<images/MidAtlantic/recdat-div-catch_MidAtlantic_2026-06-25.png, id=351, 469.755pt x 180.675pt>
File: images/MidAtlantic/recdat-div-catch_MidAtlantic_2026-06-25.png Graphic file (type png)
<use images/MidAtlantic/recdat-div-catch_MidAtlantic_2026-06-25.png>
Package pdftex.def Info: images/MidAtlantic/recdat-div-catch_MidAtlantic_2026-06-25.png  used on input line 1053.
(pdftex.def)             Requested size: 500.484pt x 192.49326pt.
[31 <./images/MidAtlantic/comm-div-fleet_MidAtlantic_2026-06-25.png> <./images/MidAtlantic/commercial-div-species-div_MidAtlantic_2026-06-25.png>]
<images/MidAtlantic/totpp_MidAtlantic_2026-06-25.png, id=365, 469.755pt x 180.675pt>
File: images/MidAtlantic/totpp_MidAtlantic_2026-06-25.png Graphic file (type png)
<use images/MidAtlantic/totpp_MidAtlantic_2026-06-25.png>
Package pdftex.def Info: images/MidAtlantic/totpp_MidAtlantic_2026-06-25.png  used on input line 1068.
(pdftex.def)             Requested size: 500.484pt x 192.49326pt.
[32 <./images/MidAtlantic/recdat-div-catch_MidAtlantic_2026-06-25.png>]
<images/MidAtlantic/exp-n_MidAtlantic_2026-06-25.png, id=374, 469.755pt x 180.675pt>
File: images/MidAtlantic/exp-n_MidAtlantic_2026-06-25.png Graphic file (type png)
<use images/MidAtlantic/exp-n_MidAtlantic_2026-06-25.png>
Package pdftex.def Info: images/MidAtlantic/exp-n_MidAtlantic_2026-06-25.png  used on input line 1077.
(pdftex.def)             Requested size: 500.484pt x 192.49326pt.
<images/MidAtlantic/zoo-community_MidAtlantic_2026-06-25.png, id=375, 469.755pt x 180.675pt>
File: images/MidAtlantic/zoo-community_MidAtlantic_2026-06-25.png Graphic file (type png)
<use images/MidAtlantic/zoo-community_MidAtlantic_2026-06-25.png>
Package pdftex.def Info: images/MidAtlantic/zoo-community_MidAtlantic_2026-06-25.png  used on input line 1086.
(pdftex.def)             Requested size: 500.484pt x 192.49326pt.
[33 <./images/MidAtlantic/totpp_MidAtlantic_2026-06-25.png> <./images/MidAtlantic/exp-n_MidAtlantic_2026-06-25.png>]
<images/MidAtlantic/traits-k_MidAtlantic_2026-06-25.png, id=383, 469.755pt x 180.675pt>
File: images/MidAtlantic/traits-k_MidAtlantic_2026-06-25.png Graphic file (type png)
<use images/MidAtlantic/traits-k_MidAtlantic_2026-06-25.png>
Package pdftex.def Info: images/MidAtlantic/traits-k_MidAtlantic_2026-06-25.png  used on input line 1097.
(pdftex.def)             Requested size: 500.484pt x 192.49326pt.
<images/MidAtlantic/traits-tl_MidAtlantic_2026-06-25.png, id=384, 469.755pt x 180.675pt>
File: images/MidAtlantic/traits-tl_MidAtlantic_2026-06-25.png Graphic file (type png)
<use images/MidAtlantic/traits-tl_MidAtlantic_2026-06-25.png>
Package pdftex.def Info: images/MidAtlantic/traits-tl_MidAtlantic_2026-06-25.png  used on input line 1106.
(pdftex.def)             Requested size: 500.484pt x 192.49326pt.
[34 <./images/MidAtlantic/zoo-community_MidAtlantic_2026-06-25.png> <./images/MidAtlantic/traits-k_MidAtlantic_2026-06-25.png>] [35 <./images/MidAtlantic/traits-tl_MidAtlantic_2026-06-25.png>]
<images/BothReports/species-dist_BothReports_2026-06-25.png, id=406, 469.755pt x 252.945pt>
File: images/BothReports/species-dist_BothReports_2026-06-25.png Graphic file (type png)
<use images/BothReports/species-dist_BothReports_2026-06-25.png>
Package pdftex.def Info: images/BothReports/species-dist_BothReports_2026-06-25.png  used on input line 1143.
(pdftex.def)             Requested size: 500.484pt x 269.49059pt.
<images/BothReports/protectedspp-dist-shifts_BothReports_2026-06-25.png, id=407, 542.025pt x 289.08pt>
File: images/BothReports/protectedspp-dist-shifts_BothReports_2026-06-25.png Graphic file (type png)
<use images/BothReports/protectedspp-dist-shifts_BothReports_2026-06-25.png>
Package pdftex.def Info: images/BothReports/protectedspp-dist-shifts_BothReports_2026-06-25.png  used on input line 1152.
(pdftex.def)             Requested size: 500.484pt x 266.93605pt.
[36 <./images/BothReports/species-dist_BothReports_2026-06-25.png>]
<images/BothReports/forageshifts_BothReports_2026-06-25.png, id=425, 469.755pt x 252.945pt>
File: images/BothReports/forageshifts_BothReports_2026-06-25.png Graphic file (type png)
<use images/BothReports/forageshifts_BothReports_2026-06-25.png>
Package pdftex.def Info: images/BothReports/forageshifts_BothReports_2026-06-25.png  used on input line 1167.
(pdftex.def)             Requested size: 500.484pt x 269.49059pt.
[37 <./images/BothReports/protectedspp-dist-shifts_BothReports_2026-06-25.png>]
<images/BothReports/smallcopeall-cog_BothReports_2026-06-25.png, id=436, 469.755pt x 252.945pt>
File: images/BothReports/smallcopeall-cog_BothReports_2026-06-25.png Graphic file (type png)
<use images/BothReports/smallcopeall-cog_BothReports_2026-06-25.png>
Package pdftex.def Info: images/BothReports/smallcopeall-cog_BothReports_2026-06-25.png  used on input line 1176.
(pdftex.def)             Requested size: 500.484pt x 269.49059pt.
<images/BothReports/megabenthosshifts_BothReports_2026-06-25.png, id=437, 469.755pt x 252.945pt>
File: images/BothReports/megabenthosshifts_BothReports_2026-06-25.png Graphic file (type png)
<use images/BothReports/megabenthosshifts_BothReports_2026-06-25.png>
Package pdftex.def Info: images/BothReports/megabenthosshifts_BothReports_2026-06-25.png  used on input line 1185.
(pdftex.def)             Requested size: 500.484pt x 269.49059pt.
[38 <./images/BothReports/forageshifts_BothReports_2026-06-25.png> <./images/BothReports/smallcopeall-cog_BothReports_2026-06-25.png>]
<images/BothReports/macrobenthosshifts_BothReports_2026-06-25.png, id=447, 469.755pt x 252.945pt>
File: images/BothReports/macrobenthosshifts_BothReports_2026-06-25.png Graphic file (type png)
<use images/BothReports/macrobenthosshifts_BothReports_2026-06-25.png>
Package pdftex.def Info: images/BothReports/macrobenthosshifts_BothReports_2026-06-25.png  used on input line 1198.
(pdftex.def)             Requested size: 500.484pt x 269.49059pt.
[39 <./images/BothReports/megabenthosshifts_BothReports_2026-06-25.png>]
<images/BothReports/lgcopeall-cog_BothReports_2026-06-25.png, id=455, 469.755pt x 252.945pt>
File: images/BothReports/lgcopeall-cog_BothReports_2026-06-25.png Graphic file (type png)
<use images/BothReports/lgcopeall-cog_BothReports_2026-06-25.png>
Package pdftex.def Info: images/BothReports/lgcopeall-cog_BothReports_2026-06-25.png  used on input line 1207.
(pdftex.def)             Requested size: 500.484pt x 269.49059pt.
<images/BothReports/euph-cog_BothReports_2026-06-25.png, id=456, 469.755pt x 252.945pt>
File: images/BothReports/euph-cog_BothReports_2026-06-25.png Graphic file (type png)
<use images/BothReports/euph-cog_BothReports_2026-06-25.png>
Package pdftex.def Info: images/BothReports/euph-cog_BothReports_2026-06-25.png  used on input line 1216.
(pdftex.def)             Requested size: 500.484pt x 269.49059pt.
[40 <./images/BothReports/macrobenthosshifts_BothReports_2026-06-25.png> <./images/BothReports/lgcopeall-cog_BothReports_2026-06-25.png>]
<images/MidAtlantic/seasonal-oisst-anom_MidAtlantic_2026-06-25.png, id=473, 469.755pt x 325.215pt>
File: images/MidAtlantic/seasonal-oisst-anom_MidAtlantic_2026-06-25.png Graphic file (type png)
<use images/MidAtlantic/seasonal-oisst-anom_MidAtlantic_2026-06-25.png>
Package pdftex.def Info: images/MidAtlantic/seasonal-oisst-anom_MidAtlantic_2026-06-25.png  used on input line 1227.
(pdftex.def)             Requested size: 500.484pt x 346.4879pt.
[41 <./images/BothReports/euph-cog_BothReports_2026-06-25.png>]
<images/MidAtlantic/bottom-temp-insitu_MidAtlantic_2026-06-25.png, id=482, 469.755pt x 180.675pt>
File: images/MidAtlantic/bottom-temp-insitu_MidAtlantic_2026-06-25.png Graphic file (type png)
<use images/MidAtlantic/bottom-temp-insitu_MidAtlantic_2026-06-25.png>
Package pdftex.def Info: images/MidAtlantic/bottom-temp-insitu_MidAtlantic_2026-06-25.png  used on input line 1236.
(pdftex.def)             Requested size: 500.484pt x 192.49326pt.
<images/MidAtlantic/bottom-temp-anom_MidAtlantic_2026-09-11.png, id=483, 469.755pt x 343.2825pt>
File: images/MidAtlantic/bottom-temp-anom_MidAtlantic_2026-09-11.png Graphic file (type png)
<use images/MidAtlantic/bottom-temp-anom_MidAtlantic_2026-09-11.png>
Package pdftex.def Info: images/MidAtlantic/bottom-temp-anom_MidAtlantic_2026-09-11.png  used on input line 1245.
(pdftex.def)             Requested size: 500.484pt x 365.73721pt.
[42 <./images/MidAtlantic/seasonal-oisst-anom_MidAtlantic_2026-06-25.png> <./images/MidAtlantic/bottom-temp-insitu_MidAtlantic_2026-06-25.png>]
<images/BothReports/long-term-sst_BothReports_2026-06-25.png, id=491, 469.755pt x 180.675pt>
File: images/BothReports/long-term-sst_BothReports_2026-06-25.png Graphic file (type png)
<use images/BothReports/long-term-sst_BothReports_2026-06-25.png>
Package pdftex.def Info: images/BothReports/long-term-sst_BothReports_2026-06-25.png  used on input line 1258.
(pdftex.def)             Requested size: 500.484pt x 192.49326pt.
[43 <./images/MidAtlantic/bottom-temp-anom_MidAtlantic_2026-09-11.png>]
<images/BothReports/GSI_BothReports_2026-06-25.png, id=497, 469.755pt x 180.675pt>
File: images/BothReports/GSI_BothReports_2026-06-25.png Graphic file (type png)
<use images/BothReports/GSI_BothReports_2026-06-25.png>
Package pdftex.def Info: images/BothReports/GSI_BothReports_2026-06-25.png  used on input line 1267.
(pdftex.def)             Requested size: 500.484pt x 192.49326pt.
<images/BothReports/cold-pool-size_BothReports_2026-06-25.png, id=500, 469.755pt x 289.08pt>
File: images/BothReports/cold-pool-size_BothReports_2026-06-25.png Graphic file (type png)
<use images/BothReports/cold-pool-size_BothReports_2026-06-25.png>
Package pdftex.def Info: images/BothReports/cold-pool-size_BothReports_2026-06-25.png  used on input line 1278.
(pdftex.def)             Requested size: 500.484pt x 307.98923pt.
[44 <./images/BothReports/long-term-sst_BothReports_2026-06-25.png> <./images/BothReports/GSI_BothReports_2026-06-25.png>] [45 <./images/BothReports/cold-pool-size_BothReports_2026-06-25.png>]
<images/BothReports/spawntiming_BothReports_2026-06-25.png, id=520, 469.755pt x 289.08pt>
File: images/BothReports/spawntiming_BothReports_2026-06-25.png Graphic file (type png)
<use images/BothReports/spawntiming_BothReports_2026-06-25.png>
Package pdftex.def Info: images/BothReports/spawntiming_BothReports_2026-06-25.png  used on input line 1303.
(pdftex.def)             Requested size: 500.484pt x 307.98923pt.
[46 <./images/BothReports/spawntiming_BothReports_2026-06-25.png>]
<images/MidAtlantic/transition_MidAtlantic_2026-06-25.png, id=534, 469.755pt x 180.675pt>
File: images/MidAtlantic/transition_MidAtlantic_2026-06-25.png Graphic file (type png)
<use images/MidAtlantic/transition_MidAtlantic_2026-06-25.png>
Package pdftex.def Info: images/MidAtlantic/transition_MidAtlantic_2026-06-25.png  used on input line 1322.
(pdftex.def)             Requested size: 500.484pt x 192.49326pt.
<images/BothReports/cold-pool-time_BothReports_2026-06-25.png, id=539, 469.755pt x 180.675pt>
File: images/BothReports/cold-pool-time_BothReports_2026-06-25.png Graphic file (type png)
<use images/BothReports/cold-pool-time_BothReports_2026-06-25.png>
Package pdftex.def Info: images/BothReports/cold-pool-time_BothReports_2026-06-25.png  used on input line 1333.
(pdftex.def)             Requested size: 500.484pt x 192.49326pt.
[47 <./images/MidAtlantic/transition_MidAtlantic_2026-06-25.png>]
<images/MidAtlantic/chl-month_MidAtlantic_2026-06-25.png, id=549, 469.755pt x 252.945pt>
File: images/MidAtlantic/chl-month_MidAtlantic_2026-06-25.png Graphic file (type png)
<use images/MidAtlantic/chl-month_MidAtlantic_2026-06-25.png>
Package pdftex.def Info: images/MidAtlantic/chl-month_MidAtlantic_2026-06-25.png  used on input line 1344.
(pdftex.def)             Requested size: 500.484pt x 269.49059pt.
[48 <./images/BothReports/cold-pool-time_BothReports_2026-06-25.png> <./images/MidAtlantic/chl-month_MidAtlantic_2026-06-25.png>]
<images/MidAtlantic/productivity-anomaly_MidAtlantic_2026-06-25.png, id=560, 469.755pt x 542.025pt>
File: images/MidAtlantic/productivity-anomaly_MidAtlantic_2026-06-25.png Graphic file (type png)
<use images/MidAtlantic/productivity-anomaly_MidAtlantic_2026-06-25.png>
Package pdftex.def Info: images/MidAtlantic/productivity-anomaly_MidAtlantic_2026-06-25.png  used on input line 1367.
(pdftex.def)             Requested size: 500.484pt x 577.47983pt.
[49]
<images/MidAtlantic/mab-cf_MidAtlantic_2026-06-25.png, id=569, 469.755pt x 433.62pt>
File: images/MidAtlantic/mab-cf_MidAtlantic_2026-06-25.png Graphic file (type png)
<use images/MidAtlantic/mab-cf_MidAtlantic_2026-06-25.png>
Package pdftex.def Info: images/MidAtlantic/mab-cf_MidAtlantic_2026-06-25.png  used on input line 1376.
(pdftex.def)             Requested size: 500.484pt x 461.98387pt.
[50 <./images/MidAtlantic/productivity-anomaly_MidAtlantic_2026-06-25.png>] [51 <./images/MidAtlantic/mab-cf_MidAtlantic_2026-06-25.png>]
<images/MidAtlantic/energy-density_MidAtlantic_2026-06-25.png, id=582, 469.755pt x 289.08pt>
File: images/MidAtlantic/energy-density_MidAtlantic_2026-06-25.png Graphic file (type png)
<use images/MidAtlantic/energy-density_MidAtlantic_2026-06-25.png>
Package pdftex.def Info: images/MidAtlantic/energy-density_MidAtlantic_2026-06-25.png  used on input line 1395.
(pdftex.def)             Requested size: 500.484pt x 307.98923pt.
<images/MidAtlantic/foragebio_MidAtlantic_2026-06-25.png, id=585, 469.755pt x 180.675pt>
File: images/MidAtlantic/foragebio_MidAtlantic_2026-06-25.png Graphic file (type png)
<use images/MidAtlantic/foragebio_MidAtlantic_2026-06-25.png>
Package pdftex.def Info: images/MidAtlantic/foragebio_MidAtlantic_2026-06-25.png  used on input line 1406.
(pdftex.def)             Requested size: 500.484pt x 192.49326pt.
[52 <./images/MidAtlantic/energy-density_MidAtlantic_2026-06-25.png>]
<images/MidAtlantic/benthos_MidAtlantic_2026-06-25.png, id=595, 469.755pt x 361.35pt>
File: images/MidAtlantic/benthos_MidAtlantic_2026-06-25.png Graphic file (type png)
<use images/MidAtlantic/benthos_MidAtlantic_2026-06-25.png>
Package pdftex.def Info: images/MidAtlantic/benthos_MidAtlantic_2026-06-25.png  used on input line 1417.
(pdftex.def)             Requested size: 500.484pt x 384.98656pt.
[53 <./images/MidAtlantic/foragebio_MidAtlantic_2026-06-25.png>]
<images/MidAtlantic/zoopanom_MidAtlantic_2026-09-11.png, id=607, 469.755pt x 560.0925pt>
File: images/MidAtlantic/zoopanom_MidAtlantic_2026-09-11.png Graphic file (type png)
<use images/MidAtlantic/zoopanom_MidAtlantic_2026-09-11.png>
Package pdftex.def Info: images/MidAtlantic/zoopanom_MidAtlantic_2026-09-11.png  used on input line 1432.
(pdftex.def)             Requested size: 500.484pt x 596.72916pt.
[54 <./images/MidAtlantic/benthos_MidAtlantic_2026-06-25.png>] [55 <./images/MidAtlantic/zoopanom_MidAtlantic_2026-09-11.png>]
<images/MidAtlantic/SOE_2026_MAB_Bottom_MCS.pdf, id=625, 916.97421pt x 466.00328pt>
File: images/MidAtlantic/SOE_2026_MAB_Bottom_MCS.pdf Graphic file (type pdf)
<use images/MidAtlantic/SOE_2026_MAB_Bottom_MCS.pdf>
Package pdftex.def Info: images/MidAtlantic/SOE_2026_MAB_Bottom_MCS.pdf  used on input line 1449.
(pdftex.def)             Requested size: 500.484pt x 254.34006pt.
<images/BothReports/therm-hab-persist-2024_BothReports_2026-06-25.png, id=626, 469.755pt x 289.08pt>
File: images/BothReports/therm-hab-persist-2024_BothReports_2026-06-25.png Graphic file (type png)
<use images/BothReports/therm-hab-persist-2024_BothReports_2026-06-25.png>
Package pdftex.def Info: images/BothReports/therm-hab-persist-2024_BothReports_2026-06-25.png  used on input line 1458.
(pdftex.def)             Requested size: 500.484pt x 307.98923pt.
[56 <./images/MidAtlantic/SOE_2026_MAB_Bottom_MCS.pdf>]
<images/MidAtlantic/advection-index_MidAtlantic_2026-06-25.png, id=646, 469.755pt x 216.81pt>
File: images/MidAtlantic/advection-index_MidAtlantic_2026-06-25.png Graphic file (type png)
<use images/MidAtlantic/advection-index_MidAtlantic_2026-06-25.png>
Package pdftex.def Info: images/MidAtlantic/advection-index_MidAtlantic_2026-06-25.png  used on input line 1469.
(pdftex.def)             Requested size: 500.484pt x 230.99193pt.
[57 <./images/BothReports/therm-hab-persist-2024_BothReports_2026-06-25.png>]
<images/BothReports/final_bottom_omega_2026.png, id=656, 3613.5pt x 1606.0pt>
File: images/BothReports/final_bottom_omega_2026.png Graphic file (type png)
<use images/BothReports/final_bottom_omega_2026.png>
Package pdftex.def Info: images/BothReports/final_bottom_omega_2026.png  used on input line 1480.
(pdftex.def)             Requested size: 500.484pt x 222.43692pt.
[58 <./images/MidAtlantic/advection-index_MidAtlantic_2026-06-25.png>] [59{c:/Users/stephanie.owen/AppData/Roaming/TinyTeX/texmf-dist/fonts/enc/dvips/lm/lm-rm.enc} <./images/BothReports/final_bottom_omega_2026.png>]
<images/BothReports/OffshoreWindDevelopmentMap_V3_NicoleMucci.pdf, id=686, 614.295pt x 794.97pt>
File: images/BothReports/OffshoreWindDevelopmentMap_V3_NicoleMucci.pdf Graphic file (type pdf)
<use images/BothReports/OffshoreWindDevelopmentMap_V3_NicoleMucci.pdf>
Package pdftex.def Info: images/BothReports/OffshoreWindDevelopmentMap_V3_NicoleMucci.pdf  used on input line 1515.
(pdftex.def)             Requested size: 450.43253pt x 582.91916pt.
[60] [61 <./images/BothReports/OffshoreWindDevelopmentMap_V3_NicoleMucci.pdf>]
<images/MidAtlantic/wea-spp-rev_MidAtlantic_2026-06-25.png, id=782, 469.755pt x 180.675pt>
File: images/MidAtlantic/wea-spp-rev_MidAtlantic_2026-06-25.png Graphic file (type png)
<use images/MidAtlantic/wea-spp-rev_MidAtlantic_2026-06-25.png>
Package pdftex.def Info: images/MidAtlantic/wea-spp-rev_MidAtlantic_2026-06-25.png  used on input line 1528.
(pdftex.def)             Requested size: 500.484pt x 192.49326pt.
<images/MidAtlantic/wea-port-rev_MidAtlantic_2026-09-11.png, id=786, 469.755pt x 523.9575pt>
File: images/MidAtlantic/wea-port-rev_MidAtlantic_2026-09-11.png Graphic file (type png)
<use images/MidAtlantic/wea-port-rev_MidAtlantic_2026-09-11.png>
Package pdftex.def Info: images/MidAtlantic/wea-port-rev_MidAtlantic_2026-09-11.png  used on input line 1643.
(pdftex.def)             Requested size: 500.484pt x 558.23051pt.

Underfull \hbox (badness 10000) in paragraph at lines 1643--1644

 []

[62 <./images/MidAtlantic/wea-spp-rev_MidAtlantic_2026-06-25.png>] [63 <./images/MidAtlantic/wea-port-rev_MidAtlantic_2026-09-11.png>]
<images/MidAtlantic/newengland_mafmc.png, id=802, 469.755pt x 275.5896pt>
File: images/MidAtlantic/newengland_mafmc.png Graphic file (type png)
<use images/MidAtlantic/newengland_mafmc.png>
Package pdftex.def Info: images/MidAtlantic/newengland_mafmc.png  used on input line 1654.
(pdftex.def)             Requested size: 500.484pt x 293.6164pt.

Underfull \hbox (badness 10000) in paragraph at lines 1654--1655

 []

[64 <./images/MidAtlantic/newengland_mafmc.png>]
<images/BothReports/NARW_hotspots_final_2024.jpg, id=815, 614.295pt x 794.97pt>
File: images/BothReports/NARW_hotspots_final_2024.jpg Graphic file (type jpg)
<use images/BothReports/NARW_hotspots_final_2024.jpg>
Package pdftex.def Info: images/BothReports/NARW_hotspots_final_2024.jpg  used on input line 1679.
(pdftex.def)             Requested size: 275.26772pt x 356.22905pt.
[65] [66 <./images/BothReports/NARW_hotspots_final_2024.jpg>]
<images/BothReports/processed_Highlights_2026-SST_Anomaly-202501-NES.png, id=831, 982.6311pt x 481.19775pt>
File: images/BothReports/processed_Highlights_2026-SST_Anomaly-202501-NES.png Graphic file (type png)
<use images/BothReports/processed_Highlights_2026-SST_Anomaly-202501-NES.png>
Package pdftex.def Info: images/BothReports/processed_Highlights_2026-SST_Anomaly-202501-NES.png  used on input line 1706.
(pdftex.def)             Requested size: 500.484pt x 245.08453pt.
<images/BothReports/slopewater_BothReports_2026-06-25.png, id=836, 433.62pt x 180.675pt>
File: images/BothReports/slopewater_BothReports_2026-06-25.png Graphic file (type png)
<use images/BothReports/slopewater_BothReports_2026-06-25.png>
Package pdftex.def Info: images/BothReports/slopewater_BothReports_2026-06-25.png  used on input line 1717.
(pdftex.def)             Requested size: 500.484pt x 208.54654pt.
[67 <./images/BothReports/processed_Highlights_2026-SST_Anomaly-202501-NES.png>]
<images/BothReports/processed_Highlights_2026-CHL_Anomaly-202504-NES.png, id=846, 982.6311pt x 481.19775pt>
File: images/BothReports/processed_Highlights_2026-CHL_Anomaly-202504-NES.png Graphic file (type png)
<use images/BothReports/processed_Highlights_2026-CHL_Anomaly-202504-NES.png>
Package pdftex.def Info: images/BothReports/processed_Highlights_2026-CHL_Anomaly-202504-NES.png  used on input line 1728.
(pdftex.def)             Requested size: 500.484pt x 245.08453pt.
[68 <./images/BothReports/slopewater_BothReports_2026-06-25.png> <./images/BothReports/processed_Highlights_2026-CHL_Anomaly-202504-NES.png>]
<images/BothReports/processed_Highlights_2026-SST_Anomaly-202501-Ches_Bay.png.png, id=857, 254.3904pt x 277.39635pt>
File: images/BothReports/processed_Highlights_2026-SST_Anomaly-202501-Ches_Bay.png.png Graphic file (type png)
<use images/BothReports/processed_Highlights_2026-SST_Anomaly-202501-Ches_Bay.png.png>
Package pdftex.def Info: images/BothReports/processed_Highlights_2026-SST_Anomaly-202501-Ches_Bay.png.png  used on input line 1769.
(pdftex.def)             Requested size: 250.24199pt x 272.8878pt.
[69] [70 <./images/BothReports/processed_Highlights_2026-SST_Anomaly-202501-Ches_Bay.png.png>] [71] (./SOE2026_MAFMC_Council.aux * soulpos - computing points - it may take a few seconds *
\openout3 = `SOE2026_MAFMC_Council.upb'.

(./SOE2026_MAFMC_Council.upa))
 ***********
LaTeX2e <2026-06-01>
L3 programming layer <2026-07-20>
 ***********

LaTeX Warning: There were undefined references.


LaTeX Warning: There were multiply-defined labels.

 ) 
Here is how much of TeX's memory you used:
 20601 strings out of 469149
 408817 string characters out of 5457574
 835536 words of memory out of 5000000
 49078 multiletter control sequences out of 15000+600000
 710194 words of font info for 94 fonts, out of 8000000 for 9000
 14 hyphenation exceptions out of 8191
 91i,15n,117p,3136b,616s stack positions out of 10000i,1000n,20000p,200000b,200000s
<c:/Users/stephanie.owen/AppData/Roaming/TinyTeX/texmf-dist/fonts/type1/public/lm/lmbx10.pfb><c:/Users/stephanie.owen/AppData/Roaming/TinyTeX/texmf-dist/fonts/type1/public/lm/lmbx9.pfb><c:/Users/stephanie.owen/AppData/Roaming/TinyTeX/texmf-dist/fonts/type1/public/lm/lmmi10.pfb><c:/Users/stephanie.owen/AppData/Roaming/TinyTeX/texmf-dist/fonts/type1/public/lm/lmmi6.pfb><c:/Users/stephanie.owen/AppData/Roaming/TinyTeX/texmf-dist/fonts/type1/public/lm/lmmi7.pfb><c:/Users/stephanie.owen/AppData/Roaming/TinyTeX/texmf-dist/fonts/type1/public/lm/lmmi9.pfb><c:/Users/stephanie.owen/AppData/Roaming/TinyTeX/texmf-dist/fonts/type1/public/lm/lmr10.pfb><c:/Users/stephanie.owen/AppData/Roaming/TinyTeX/texmf-dist/fonts/type1/public/lm/lmr6.pfb><c:/Users/stephanie.owen/AppData/Roaming/TinyTeX/texmf-dist/fonts/type1/public/lm/lmr7.pfb><c:/Users/stephanie.owen/AppData/Roaming/TinyTeX/texmf-dist/fonts/type1/public/lm/lmr8.pfb><c:/Users/stephanie.owen/AppData/Roaming/TinyTeX/texmf-dist/fonts/type1/public/lm/lmr9.pfb><c:/Users/stephanie.owen/AppData/Roaming/TinyTeX/texmf-dist/fonts/type1/public/lm/lmri9.pfb><c:/Users/stephanie.owen/AppData/Roaming/TinyTeX/texmf-dist/fonts/type1/public/lm/lmss10.pfb><c:/Users/stephanie.owen/AppData/Roaming/TinyTeX/texmf-dist/fonts/type1/public/lm/lmss17.pfb><c:/Users/stephanie.owen/AppData/Roaming/TinyTeX/texmf-dist/fonts/type1/public/lm/lmssbx10.pfb>
Output written on SOE2026_MAFMC_Council.pdf (68 pages, 16578232 bytes).
PDF statistics:
 1098 PDF objects out of 1200 (max. 8388607)
 895 compressed objects within 9 object streams
 203 named destinations out of 1000 (max. 500000)
 615 words of extra memory for PDF output out of 10000 (max. 10000000)

